Archive member included to satisfy reference by file (symbol)

/opt/devkitpro/libctru/lib/libctru.a(os.o)
                              main.o (osGetKernelVersion)
/opt/devkitpro/libctru/lib/libctru.a(console.o)
                              main.o (consoleInit)
/opt/devkitpro/libctru/lib/libctru.a(gfx.o)
                              /opt/devkitpro/libctru/lib/libctru.a(console.o) (gfxSetScreenFormat)
/opt/devkitpro/libctru/lib/libctru.a(gsp.o)
                              /opt/devkitpro/libctru/lib/libctru.a(gfx.o) (gspInit)
/opt/devkitpro/libctru/lib/libctru.a(hid.o)
                              main.o (hidScanInput)
/opt/devkitpro/libctru/lib/libctru.a(apt.o)
                              /opt/devkitpro/libctru/lib/libctru.a(hid.o) (APT_CheckNew3DS)
/opt/devkitpro/libctru/lib/libctru.a(gx.o)
                              /opt/devkitpro/libctru/lib/libctru.a(gfx.o) (gxCmdBuf)
/opt/devkitpro/libctru/lib/libctru.a(initSystem.o)
                              /opt/devkitpro/libctru/lib/libctru.a(apt.o) (__system_retAddr)
/opt/devkitpro/libctru/lib/libctru.a(allocateHeaps.o)
                              /opt/devkitpro/libctru/lib/libctru.a(initSystem.o) (__system_allocateHeaps)
/opt/devkitpro/libctru/lib/libctru.a(initArgv.o)
                              /opt/devkitpro/libctru/lib/libctru.a(initSystem.o) (__system_initArgv)
/opt/devkitpro/libctru/lib/libctru.a(svc.o)
                              /opt/devkitpro/libctru/lib/libctru.a(allocateHeaps.o) (svcControlMemory)
/opt/devkitpro/libctru/lib/libctru.a(stack_adjust.o)
                              /opt/devkitpro/devkitARM/lib/gcc/arm-none-eabi/4.9.2/../../../../arm-none-eabi/lib/armv6k/fpu/3dsx_crt0.o (initSystem)
/opt/devkitpro/libctru/lib/libctru.a(default_font.bin.o)
                              /opt/devkitpro/libctru/lib/libctru.a(console.o) (default_font_bin)
/opt/devkitpro/libctru/lib/libctru.a(vram.o)
                              /opt/devkitpro/libctru/lib/libctru.a(gfx.o) (vramAlloc)
/opt/devkitpro/libctru/lib/libctru.a(linear.o)
                              /opt/devkitpro/libctru/lib/libctru.a(gfx.o) (linearAlloc)
/opt/devkitpro/libctru/lib/libctru.a(mem_pool.o)
                              /opt/devkitpro/libctru/lib/libctru.a(vram.o) (MemPool::Allocate(MemChunk&, unsigned long, int))
/opt/devkitpro/libctru/lib/libctru.a(srv.o)
                              /opt/devkitpro/libctru/lib/libctru.a(gsp.o) (srvGetServiceHandle)
/opt/devkitpro/libctru/lib/libctru.a(irrst.o)
                              /opt/devkitpro/libctru/lib/libctru.a(hid.o) (irrstScanInput)
/opt/devkitpro/libctru/lib/libctru.a(rbtree_init.o)
                              /opt/devkitpro/libctru/lib/libctru.a(vram.o) (rbtree_init)
/opt/devkitpro/libctru/lib/libctru.a(rbtree_insert.o)
                              /opt/devkitpro/libctru/lib/libctru.a(vram.o) (rbtree_insert)
/opt/devkitpro/libctru/lib/libctru.a(rbtree_rotate.o)
                              /opt/devkitpro/libctru/lib/libctru.a(rbtree_insert.o) (rbtree_rotate)
/opt/devkitpro/libctru/lib/libctru.a(rbtree_remove.o)
                              /opt/devkitpro/libctru/lib/libctru.a(vram.o) (rbtree_remove)
/opt/devkitpro/libctru/lib/libctru.a(rbtree_find.o)
                              /opt/devkitpro/libctru/lib/libctru.a(vram.o) (rbtree_find)
/opt/devkitpro/libctru/lib/libctru.a(appInit.o)
                              /opt/devkitpro/libctru/lib/libctru.a(stack_adjust.o) (__appInit)
/opt/devkitpro/libctru/lib/libctru.a(appExit.o)
                              /opt/devkitpro/libctru/lib/libctru.a(stack_adjust.o) (__appExit)
/opt/devkitpro/libctru/lib/libctru.a(ctru_exit.o)
                              /opt/devkitpro/libctru/lib/libctru.a(stack_adjust.o) (__libctru_exit)
/opt/devkitpro/libctru/lib/libctru.a(sdmc_dev.o)
                              /opt/devkitpro/libctru/lib/libctru.a(appInit.o) (sdmcInit)
/opt/devkitpro/libctru/lib/libctru.a(fs.o)
                              /opt/devkitpro/libctru/lib/libctru.a(appExit.o) (fsExit)
/opt/devkitpro/libctru/lib/libctru.a(rbtree_iterator.o)
                              /opt/devkitpro/libctru/lib/libctru.a(rbtree_remove.o) (rbtree_node_next)
/opt/devkitpro/libctru/lib/libctru.a(utf8_to_utf16.o)
                              /opt/devkitpro/libctru/lib/libctru.a(sdmc_dev.o) (utf8_to_utf16)
/opt/devkitpro/libctru/lib/libctru.a(decode_utf8.o)
                              /opt/devkitpro/libctru/lib/libctru.a(sdmc_dev.o) (decode_utf8)
/opt/devkitpro/libctru/lib/libctru.a(utf16_to_utf8.o)
                              /opt/devkitpro/libctru/lib/libctru.a(sdmc_dev.o) (utf16_to_utf8)
/opt/devkitpro/libctru/lib/libctru.a(encode_utf16.o)
                              /opt/devkitpro/libctru/lib/libctru.a(utf8_to_utf16.o) (encode_utf16)
/opt/devkitpro/libctru/lib/libctru.a(encode_utf8.o)
                              /opt/devkitpro/libctru/lib/libctru.a(utf16_to_utf8.o) (encode_utf8)
/opt/devkitpro/libctru/lib/libctru.a(decode_utf16.o)
[...]
Memory Configuration

Name             Origin             Length             Attributes
*default*        0x0000000000000000 0xffffffffffffffff

Linker script and memory map

                0x0000000000100000                . = 0x100000
                0x0000000000100000                __start__ = .

.text           0x0000000000100000    0x2a50c
 *(.crt0)
 .crt0          0x0000000000100000       0x94 /opt/devkitpro/devkitARM/lib/gcc/arm-none-eabi/4.9.2/../../../../arm-none-eabi/lib/armv6k/fpu/3dsx_crt0.o
                0x0000000000100000                _start
                0x0000000000100008                __service_ptr
                0x000000000010000c                __apt_appid
                0x0000000000100010                __heap_size
                0x0000000000100014                __linear_heap_size
                0x0000000000100018                __system_arglist
                0x000000000010001c                __system_runflags
 *(.init)
 .init          0x0000000000100094        0xc /opt/devkitpro/devkitARM/lib/gcc/arm-none-eabi/4.9.2/armv6k/fpu/crti.o
                0x0000000000100094                _init
 .init          0x00000000001000a0        0xc /opt/devkitpro/devkitARM/lib/gcc/arm-none-eabi/4.9.2/armv6k/fpu/crtn.o
                0x00000000001000ac                . = ALIGN (0x4)
 *(.text)
 .text          0x00000000001000ac        0x0 /opt/devkitpro/devkitARM/lib/gcc/arm-none-eabi/4.9.2/../../../../arm-none-eabi/lib/armv6k/fpu/3dsx_crt0.o
 .text          0x00000000001000ac        0x0 /opt/devkitpro/devkitARM/lib/gcc/arm-none-eabi/4.9.2/armv6k/fpu/crti.o
 .text          0x00000000001000ac      0x108 /opt/devkitpro/devkitARM/lib/gcc/arm-none-eabi/4.9.2/armv6k/fpu/crtbegin.o
 .text          0x00000000001001b4       0x80 main.o
                0x00000000001001b4                printPos
                0x00000000001001dc                printLine
 *fill*         0x0000000000100234        0x4 
 .text          0x0000000000100238      0x288 /opt/devkitpro/libctru/lib/libctru.a(os.o)
                0x0000000000100290                osConvertVirtToPhys
                0x00000000001002dc                osConvertOldLINEARMemToNew
                0x00000000001002fc                __libctru_gtod
                0x00000000001003f4                osGetTime
                0x0000000000100468                osGetFirmVersion
                0x000000000010047c                osGetKernelVersion
                0x0000000000100490                osStrError
                0x00000000001004b0                osGetWifiStrength
 .text          0x00000000001004c0     0x1074 /opt/devkitpro/libctru/lib/libctru.a(console.o)
                0x00000000001004c0                debug_write
                0x00000000001004dc                consoleGetDefault
                0x00000000001004e8                consoleDebugInit
                0x000000000010056c                consoleSelect
                0x0000000000100584                consoleSetFont
                0x00000000001005a0                consoleDrawChar
                0x000000000010074c                consolePrintChar
                0x00000000001009f8                consoleInit
                0x0000000000100cec                con_write
                0x00000000001014f0                consoleClear
                0x00000000001014fc                consoleSetWindow
 .text          0x0000000000101534      0x72c /opt/devkitpro/libctru/lib/libctru.a(gfx.o)
                0x00000000001015c0                gfxSet3D
                0x00000000001015d0                gfxSetScreenFormat
                0x00000000001015e8                gfxGetScreenFormat
                0x0000000000101600                gfxSetDoubleBuffering
                0x0000000000101614                gfxSetFramebufferInfo
                0x0000000000101684                gfxWriteFramebufferInfo
                0x0000000000101748                gfxInit
                0x0000000000101928                gfxInitDefault
                0x0000000000101938                gfxExit
                0x0000000000101a04                gfxGetFramebuffer
                0x0000000000101ab4                gfxFlushBuffers
                0x0000000000101b90                gfxSwapBuffers
                0x0000000000101c04                gfxSwapBuffersGpu
 .text          0x0000000000101c60      0x8c8 /opt/devkitpro/libctru/lib/libctru.a(gsp.o)
                0x0000000000101d6c                gspInit
                0x0000000000101d80                gspExit
                0x0000000000101d98                gspInitEventHandler
                0x0000000000101e64                gspExitEventHandler
                0x0000000000101ebc                gspWaitForEvent
                0x0000000000101f14                GSPGPU_WriteHWRegs
                0x0000000000101f84                GSPGPU_WriteHWRegsWithMask
                0x0000000000102010                GSPGPU_ReadHWRegs
                0x0000000000102080                GSPGPU_SetBufferSwap
                0x00000000001020f4                GSPGPU_FlushDataCache
                0x0000000000102148                GSPGPU_InvalidateDataCache
                0x000000000010219c                GSPGPU_SetLcdForceBlack
                0x00000000001021d8                GSPGPU_TriggerCmdReqQueue
                0x000000000010220c                GSPGPU_RegisterInterruptRelayQueue
                0x0000000000102278                GSPGPU_UnregisterInterruptRelayQueue
                0x00000000001022ac                GSPGPU_AcquireRight
                0x00000000001022fc                GSPGPU_ReleaseRight
                0x0000000000102330                GSPGPU_ImportDisplayCaptureInfo
                0x00000000001023b4                GSPGPU_SaveVramSysArea
                0x00000000001023e8                GSPGPU_RestoreVramSysArea
                0x000000000010241c                GSPGPU_SubmitGxCommand
 .text          0x0000000000102528      0x6f4 /opt/devkitpro/libctru/lib/libctru.a(hid.o)
                0x0000000000102528                hidExit
                0x00000000001025cc                hidWaitForEvent
                0x0000000000102624                hidCheckSectionUpdateTime
                0x0000000000102660                hidScanInput
                0x0000000000102894                hidKeysHeld
                0x00000000001028a4                hidKeysDown
                0x00000000001028b4                hidKeysUp
                0x00000000001028c4                hidTouchRead
                0x00000000001028dc                hidCircleRead
                0x00000000001028f4                hidAccelRead
                0x0000000000102914                hidGyroRead
                0x0000000000102934                HIDUSER_GetHandles
                0x00000000001029c4                hidInit
                0x0000000000102af8                HIDUSER_EnableAccelerometer
                0x0000000000102b24                HIDUSER_DisableAccelerometer
                0x0000000000102b50                HIDUSER_EnableGyroscope
                0x0000000000102b7c                HIDUSER_DisableGyroscope
                0x0000000000102ba8                HIDUSER_GetGyroscopeRawToDpsCoefficient
                0x0000000000102be4                HIDUSER_GetSoundVolume
 .text          0x0000000000102c1c     0x1cf8 /opt/devkitpro/libctru/lib/libctru.a(apt.o)
                0x0000000000102c80                _aptDebug
                0x0000000000102c84                aptInitCaptureInfo
                0x0000000000102d34                aptWaitStatusEvent
                0x0000000000102d5c                aptHook
                0x0000000000102d94                aptUnhook
                0x0000000000102dc0                aptGetStatus
                0x0000000000102df8                aptSetStatus
                0x0000000000102e5c                aptGetStatusPower
                0x0000000000102e94                aptSetStatusPower
                0x0000000000102ecc                aptOpenSession
                0x0000000000102ef0                aptCloseSession
                0x0000000000102f18                aptSignalReadyForSleep
                0x0000000000102f28                APT_GetLockHandle
                0x0000000000102f78                APT_Initialize
                0x0000000000102fe0                APT_Finalize
                0x000000000010301c                APT_HardwareResetAsync
                0x0000000000103050                APT_Enable
                0x000000000010308c                APT_GetAppletManInfo
                0x000000000010310c                aptGetMenuAppID
                0x0000000000103148                APT_IsRegistered
                0x0000000000103198                APT_InquireNotification
                0x00000000001031e8                APT_PrepareToJumpToHomeMenu
                0x000000000010321c                APT_JumpToHomeMenu
                0x000000000010326c                APT_PrepareToJumpToApplication
                0x00000000001032a8                APT_JumpToApplication
                0x00000000001032f8                APT_NotifyToWait
                0x0000000000103334                APT_AppletUtility
                0x00000000001033bc                aptAppletUtility_Exit_RetToApp
                0x00000000001034dc                aptAppletClosed
                0x0000000000103618                aptInit
                0x00000000001037d0                APT_GlanceParameter
                0x0000000000103844                APT_ReceiveParameter
                0x00000000001038b8                APT_SendParameter
                0x0000000000103928                APT_SendCaptureBufferInfo
                0x0000000000103974                aptReturnToMenu
                0x0000000000103b48                APT_ReplySleepQuery
                0x0000000000103b88                APT_ReplySleepNotificationComplete
                0x0000000000103bc4                aptEventHandler
                0x0000000000103ed0                APT_PrepareToCloseApplication
                0x0000000000103f0c                APT_CloseApplication
                0x0000000000103f64                aptExit
                0x0000000000104150                APT_SetAppCpuTimeLimit
                0x0000000000104194                APT_GetAppCpuTimeLimit
                0x00000000001041e8                APT_CheckNew3DS_Application
                0x0000000000104244                APT_CheckNew3DS_System
                0x00000000001042a0                APT_CheckNew3DS
                0x0000000000104314                APT_PrepareToDoAppJump
                0x0000000000104360                APT_DoAppJump
                0x00000000001043c8                APT_PrepareToStartLibraryApplet
                0x0000000000104404                APT_StartLibraryApplet
                0x0000000000104464                aptAppletStarted
                0x0000000000104568                aptMainLoop
                0x00000000001046e0                APT_LaunchLibraryApplet
                0x0000000000104878                APT_PrepareToStartSystemApplet
                0x00000000001048b4                APT_StartSystemApplet
 .text          0x0000000000104914      0x264 /opt/devkitpro/libctru/lib/libctru.a(gx.o)
                0x0000000000104914                GX_RequestDma
                0x0000000000104968                GX_SetCommandList_Last
                0x00000000001049d0                GX_SetMemoryFill
                0x0000000000104a44                GX_SetDisplayTransfer
                0x0000000000104aa8                GX_SetTextureCopy
                0x0000000000104b10                GX_SetCommandList_First
 .text          0x0000000000104b78       0x4c /opt/devkitpro/libctru/lib/libctru.a(initSystem.o)
                0x0000000000104b78                __libctru_init
 .text          0x0000000000104bc4       0xa4 /opt/devkitpro/libctru/lib/libctru.a(allocateHeaps.o)
                0x0000000000104bc4                __system_allocateHeaps
 .text          0x0000000000104c68       0xf4 /opt/devkitpro/libctru/lib/libctru.a(initArgv.o)
                0x0000000000104c68                __system_initArgv
 *fill*         0x0000000000104d5c        0x4 
 .text          0x0000000000104d60      0x3d0 /opt/devkitpro/libctru/lib/libctru.a(svc.o)
                0x0000000000104d60                svcControlMemory
                0x0000000000104d80                svcQueryMemory
                0x0000000000104db0                svcExitProcess
                0x0000000000104db8                svcCreateThread
                0x0000000000104dd8                svcExitThread
                0x0000000000104de0                svcSleepThread
                0x0000000000104de8                svcGetThreadPriority
                0x0000000000104dfc                svcSetThreadPriority
                0x0000000000104e04                svcGetThreadAffinityMask
                0x0000000000104e0c                svcSetThreadAffinityMask
                0x0000000000104e14                svcGetThreadIdealProcessor
                0x0000000000104e28                svcSetThreadIdealProcessor
                0x0000000000104e30                svcGetProcessorID
                0x0000000000104e38                svcCreateMutex
                0x0000000000104e4c                svcReleaseMutex
                0x0000000000104e54                svcCreateSemaphore
                0x0000000000104e68                svcReleaseSemaphore
                0x0000000000104e7c                svcCreateEvent
                0x0000000000104e90                svcSignalEvent
                0x0000000000104e98                svcClearEvent
                0x0000000000104ea0                svcCreateTimer
                0x0000000000104eb4                svcSetTimer
                0x0000000000104ebc                svcCancelTimer
                0x0000000000104ec4                svcClearTimer
                0x0000000000104ecc                svcCreateMemoryBlock
                0x0000000000104ee4                svcMapMemoryBlock
                0x0000000000104eec                svcUnmapMemoryBlock
                0x0000000000104ef4                svcCreateAddressArbiter
                0x0000000000104f08                svcArbitrateAddress
                0x0000000000104f28                svcCloseHandle
                0x0000000000104f30                svcWaitSynchronization
                0x0000000000104f38                svcWaitSynchronizationN
                0x0000000000104f60                svcDuplicateHandle
                0x0000000000104f74                svcGetSystemTick
                0x0000000000104f7c                svcGetSystemInfo
                0x0000000000104f94                svcGetProcessInfo
                0x0000000000104fac                svcGetThreadInfo
                0x0000000000104fc4                svcConnectToPort
                0x0000000000104fd8                svcSendSyncRequest
                0x0000000000104fe0                svcOpenProcess
                0x0000000000104ff4                svcOpenThread
                0x0000000000105008                svcGetProcessId
                0x000000000010501c                svcGetProcessIdOfThread
                0x0000000000105030                svcGetThreadId
                0x0000000000105044                svcOutputDebugString
                0x000000000010504c                svcCreatePort
                0x000000000010506c                svcDebugActiveProcess
                0x0000000000105080                svcBreakDebugProcess
                0x0000000000105088                svcTerminateDebugProcess
                0x0000000000105090                svcGetProcessDebugEvent
                0x0000000000105098                svcContinueDebugEvent
                0x00000000001050a0                svcGetProcessList
                0x00000000001050c0                svcReadProcessMemory
                0x00000000001050c8                svcWriteProcessMemory
                0x00000000001050d0                svcControlProcessMemory
                0x00000000001050e8                svcMapProcessMemory
                0x00000000001050f0                svcUnmapProcessMemory
                0x00000000001050f8                svcBackdoor
                0x0000000000105100                svcQueryProcessMemory
 .text          0x0000000000105130       0x64 /opt/devkitpro/libctru/lib/libctru.a(stack_adjust.o)
                0x0000000000105130                initSystem
                0x0000000000105174                __ctru_exit
 .text          0x0000000000105194        0x0 /opt/devkitpro/libctru/lib/libctru.a(default_font.bin.o)
 .text          0x0000000000105194      0x1c4 /opt/devkitpro/libctru/lib/libctru.a(vram.o)
                0x00000000001051bc                vramMemAlign
                0x00000000001052ec                vramAlloc
                0x00000000001052f4                vramRealloc
                0x00000000001052fc                vramFree
                0x000000000010534c                vramSpaceFree
 .text          0x0000000000105358      0x1d4 /opt/devkitpro/libctru/lib/libctru.a(linear.o)
                0x0000000000105380                linearMemAlign
                0x00000000001054c0                linearAlloc
                0x00000000001054c8                linearRealloc
                0x00000000001054d0                linearFree
                0x0000000000105520                linearSpaceFree
 .text          0x000000000010552c      0x35c /opt/devkitpro/libctru/lib/libctru.a(mem_pool.o)
                0x000000000010552c                MemPool::CoalesceRight(MemBlock*)
                0x00000000001055cc                MemPool::Allocate(MemChunk&, unsigned long, int)
                0x0000000000105754                MemPool::Deallocate(MemChunk const&)
                0x0000000000105858                MemPool::GetFreeSpace()
 .text          0x0000000000105888      0x3b8 /opt/devkitpro/libctru/lib/libctru.a(srv.o)
                0x0000000000105888                __get_handle_from_list
                0x0000000000105920                __destroy_handle_list
                0x0000000000105974                srvExit
                0x000000000010599c                srvGetSessionHandle
                0x00000000001059a8                srvRegisterClient
                0x00000000001059e0                srvInit
                0x0000000000105a48                srvGetServiceHandle
                0x0000000000105ac8                srvRegisterService
                0x0000000000105b24                srvUnregisterService
                0x0000000000105b70                srvPmInit
                0x0000000000105bc4                srvRegisterProcess
                0x0000000000105c0c                srvUnregisterProcess
 .text          0x0000000000105c40      0x388 /opt/devkitpro/libctru/lib/libctru.a(irrst.o)
                0x0000000000105c40                irrstWaitForEvent
                0x0000000000105c8c                irrstCheckSectionUpdateTime
                0x0000000000105cc8                irrstScanInput
                0x0000000000105d7c                irrstKeysHeld
                0x0000000000105d94                irrstCstickRead
                0x0000000000105dac                IRRST_GetHandles
                0x0000000000105dfc                IRRST_Initialize
                0x0000000000105e34                irrstInit
                0x0000000000105f18                IRRST_Shutdown
                0x0000000000105f44                irrstExit
 .text          0x0000000000105fc8       0x14 /opt/devkitpro/libctru/lib/libctru.a(rbtree_init.o)
                0x0000000000105fc8                rbtree_init
 .text          0x0000000000105fdc      0x1f4 /opt/devkitpro/libctru/lib/libctru.a(rbtree_insert.o)
                0x00000000001061c0                rbtree_insert
                0x00000000001061c8                rbtree_insert_multi
 .text          0x00000000001061d0       0xac /opt/devkitpro/libctru/lib/libctru.a(rbtree_rotate.o)
                0x00000000001061d0                rbtree_rotate
 .text          0x000000000010627c      0x340 /opt/devkitpro/libctru/lib/libctru.a(rbtree_remove.o)
                0x000000000010627c                rbtree_remove
 .text          0x00000000001065bc       0x70 /opt/devkitpro/libctru/lib/libctru.a(rbtree_find.o)
                0x00000000001065bc                rbtree_find
 .text          0x000000000010662c       0x20 /opt/devkitpro/libctru/lib/libctru.a(appInit.o)
                0x000000000010662c                __appInit
 .text          0x000000000010664c       0x1c /opt/devkitpro/libctru/lib/libctru.a(appExit.o)
                0x000000000010664c                __appExit
 .text          0x0000000000106668       0x90 /opt/devkitpro/libctru/lib/libctru.a(ctru_exit.o)
                0x0000000000106668                __libctru_exit
 .text          0x00000000001066f8      0xffc /opt/devkitpro/libctru/lib/libctru.a(sdmc_dev.o)
                0x0000000000107574                sdmcInit
                0x00000000001076a4                sdmcExit
 .text          0x00000000001076f4      0xc88 /opt/devkitpro/libctru/lib/libctru.a(fs.o)
                0x00000000001076f4                FS_makePath
                0x0000000000107720                fsExit
                0x0000000000107744                fsGetSessionHandle
                0x0000000000107750                FSUSER_Initialize
                0x00000000001077c4                fsInit
                0x0000000000107830                FSUSER_OpenFile
                0x00000000001078dc                FSUSER_OpenFileDirectly
                0x00000000001079a8                FSUSER_DeleteFile
                0x0000000000107a30                FSUSER_RenameFile
                0x0000000000107af4                FSUSER_DeleteDirectory
                0x0000000000107b7c                FSUSER_DeleteDirectoryRecursively
                0x0000000000107c04                FSUSER_CreateFile
                0x0000000000107c9c                FSUSER_CreateDirectory
                0x0000000000107d28                FSUSER_RenameDirectory
                0x0000000000107dec                FSUSER_OpenDirectory
                0x0000000000107e80                FSUSER_OpenArchive
                0x0000000000107f08                FSUSER_CloseArchive
                0x0000000000107f60                FSUSER_GetSdmcArchiveResource
                0x0000000000107fdc                FSUSER_GetNandArchiveResource
                0x0000000000108058                FSUSER_IsSdmcDetected
                0x00000000001080a4                FSUSER_IsSdmcWritable
                0x00000000001080f0                FSFILE_Close
                0x0000000000108134                FSFILE_Read
                0x0000000000108190                FSFILE_Write
                0x00000000001081f4                FSFILE_GetSize
                0x0000000000108234                FSFILE_SetSize
                0x0000000000108260                FSFILE_GetAttributes
                0x0000000000108298                FSFILE_SetAttributes
                0x00000000001082c0                FSFILE_Flush
                0x00000000001082e4                FSDIR_Read
                0x0000000000108338                FSDIR_Close
 .text          0x000000000010837c      0x118 /opt/devkitpro/libctru/lib/libctru.a(rbtree_iterator.o)
                0x000000000010837c                rbtree_node_next
                0x0000000000108408                rbtree_node_prev
 .text          0x0000000000108494       0xb8 /opt/devkitpro/libctru/lib/libctru.a(utf8_to_utf16.o)
                0x0000000000108494                utf8_to_utf16
 .text          0x000000000010854c      0x138 /opt/devkitpro/libctru/lib/libctru.a(decode_utf8.o)
                0x000000000010854c                decode_utf8
 .text          0x0000000000108684       0xe8 /opt/devkitpro/libctru/lib/libctru.a(utf16_to_utf8.o)
                0x0000000000108684                utf16_to_utf8
 .text          0x000000000010876c       0x68 /opt/devkitpro/libctru/lib/libctru.a(encode_utf16.o)
                0x000000000010876c                encode_utf16
 .text          0x00000000001087d4      0x104 /opt/devkitpro/libctru/lib/libctru.a(encode_utf8.o)
                0x00000000001087d4                encode_utf8
 .text          0x00000000001088d8       0x60 /opt/devkitpro/libctru/lib/libctru.a(decode_utf16.o)
                0x00000000001088d8                decode_utf16
 .text          0x0000000000108938      0x240 /opt/devkitpro/devkitARM/lib/gcc/arm-none-eabi/4.9.2/armv6k/fpu/libgcc.a(_divsi3.o)
                0x0000000000108938                __aeabi_idiv
                0x0000000000108938                __divsi3
                0x0000000000108b58                __aeabi_idivmod
 .text          0x0000000000108b78        0x4 /opt/devkitpro/devkitARM/lib/gcc/arm-none-eabi/4.9.2/armv6k/fpu/libgcc.a(_dvmd_tls.o)
                0x0000000000108b78                __aeabi_ldiv0
                0x0000000000108b78                __aeabi_idiv0
 .text          0x0000000000108b7c        0x0 /opt/devkitpro/devkitARM/lib/gcc/arm-none-eabi/4.9.2/../../../../arm-none-eabi/lib/armv6k/fpu/libg.a(lib_a-bsearch.o)
 .text          0x0000000000108b7c        0x0 /opt/devkitpro/devkitARM/lib/gcc/arm-none-eabi/4.9.2/../../../../arm-none-eabi/lib/armv6k/fpu/libg.a(lib_a-fini.o)
 .text          0x0000000000108b7c        0x0 /opt/devkitpro/devkitARM/lib/gcc/arm-none-eabi/4.9.2/../../../../arm-none-eabi/lib/armv6k/fpu/libg.a(lib_a-init.o)
 .text          0x0000000000108b7c        0x0 /opt/devkitpro/devkitARM/lib/gcc/arm-none-eabi/4.9.2/../../../../arm-none-eabi/lib/armv6k/fpu/libg.a(lib_a-iprintf.o)
 .text          0x0000000000108b7c        0x0 /opt/devkitpro/devkitARM/lib/gcc/arm-none-eabi/4.9.2/../../../../arm-none-eabi/lib/armv6k/fpu/libg.a(lib_a-malloc.o)
 .text          0x0000000000108b7c        0x0 /opt/devkitpro/devkitARM/lib/gcc/arm-none-eabi/4.9.2/../../../../arm-none-eabi/lib/armv6k/fpu/libg.a(lib_a-mallocr.o)
 .text          0x0000000000108b7c        0x0 /opt/devkitpro/devkitARM/lib/gcc/arm-none-eabi/4.9.2/../../../../arm-none-eabi/lib/armv6k/fpu/libg.a(lib_a-memcpy.o)
 .text          0x0000000000108b7c        0x0 /opt/devkitpro/devkitARM/lib/gcc/arm-none-eabi/4.9.2/../../../../arm-none-eabi/lib/armv6k/fpu/libg.a(lib_a-memset.o)
 .text          0x0000000000108b7c        0x0 /opt/devkitpro/devkitARM/lib/gcc/arm-none-eabi/4.9.2/../../../../arm-none-eabi/lib/armv6k/fpu/libg.a(lib_a-mlock.o)
 .text          0x0000000000108b7c        0x0 /opt/devkitpro/devkitARM/lib/gcc/arm-none-eabi/4.9.2/../../../../arm-none-eabi/lib/armv6k/fpu/libg.a(lib_a-printf.o)
 .text          0x0000000000108b7c        0x0 /opt/devkitpro/devkitARM/lib/gcc/arm-none-eabi/4.9.2/../../../../arm-none-eabi/lib/armv6k/fpu/libg.a(lib_a-setvbuf.o)
 .text          0x0000000000108b7c        0x0 /opt/devkitpro/devkitARM/lib/gcc/arm-none-eabi/4.9.2/../../../../arm-none-eabi/lib/armv6k/fpu/libg.a(lib_a-sscanf.o)
 .text          0x0000000000108b7c        0x0 /opt/devkitpro/devkitARM/lib/gcc/arm-none-eabi/4.9.2/../../../../arm-none-eabi/lib/armv6k/fpu/libg.a(lib_a-stdio.o)
 .text          0x0000000000108b7c        0x0 /opt/devkitpro/devkitARM/lib/gcc/arm-none-eabi/4.9.2/../../../../arm-none-eabi/lib/armv6k/fpu/libg.a(lib_a-strchr.o)
 .text          0x0000000000108b7c        0x0 /opt/devkitpro/devkitARM/lib/gcc/arm-none-eabi/4.9.2/../../../../arm-none-eabi/lib/armv6k/fpu/libg.a(lib_a-strcpy.o)
 .text          0x0000000000108b7c        0x0 /opt/devkitpro/devkitARM/lib/gcc/arm-none-eabi/4.9.2/../../../../arm-none-eabi/lib/armv6k/fpu/libg.a(lib_a-strlen.o)
 .text          0x0000000000108b7c        0x0 /opt/devkitpro/devkitARM/lib/gcc/arm-none-eabi/4.9.2/../../../../arm-none-eabi/lib/armv6k/fpu/libg.a(lib_a-strncat.o)
 .text          0x0000000000108b7c        0x0 /opt/devkitpro/devkitARM/lib/gcc/arm-none-eabi/4.9.2/../../../../arm-none-eabi/lib/armv6k/fpu/libg.a(lib_a-strncpy.o)
 .text          0x0000000000108b7c        0x0 /opt/devkitpro/devkitARM/lib/gcc/arm-none-eabi/4.9.2/../../../../arm-none-eabi/lib/armv6k/fpu/libg.a(lib_a-svfscanf.o)
 .text          0x0000000000108b7c        0x0 /opt/devkitpro/devkitARM/lib/gcc/arm-none-eabi/4.9.2/../../../../arm-none-eabi/lib/armv6k/fpu/libg.a(lib_a-vfiprintf.o)
 .text          0x0000000000108b7c        0x0 /opt/devkitpro/devkitARM/lib/gcc/arm-none-eabi/4.9.2/../../../../arm-none-eabi/lib/armv6k/fpu/libg.a(lib_a-vfprintf.o)
 .text          0x0000000000108b7c        0x0 /opt/devkitpro/devkitARM/lib/gcc/arm-none-eabi/4.9.2/../../../../arm-none-eabi/lib/armv6k/fpu/libg.a(lib_a-wcrtomb.o)
 .text          0x0000000000108b7c        0x0 /opt/devkitpro/devkitARM/lib/gcc/arm-none-eabi/4.9.2/../../../../arm-none-eabi/lib/armv6k/fpu/libg.a(lib_a-wcsrtombs.o)
 .text          0x0000000000108b7c        0x0 /opt/devkitpro/devkitARM/lib/gcc/arm-none-eabi/4.9.2/../../../../arm-none-eabi/lib/armv6k/fpu/libg.a(lib_a-wctomb_r.o)
 .text          0x0000000000108b7c        0x0 /opt/devkitpro/devkitARM/lib/gcc/arm-none-eabi/4.9.2/../../../../arm-none-eabi/lib/armv6k/fpu/libg.a(lib_a-wsetup.o)
 .text          0x0000000000108b7c        0x0 /opt/devkitpro/devkitARM/lib/gcc/arm-none-eabi/4.9.2/../../../../arm-none-eabi/lib/armv6k/fpu/libg.a(lib_a-ctype_.o)
 .text          0x0000000000108b7c        0x0 /opt/devkitpro/devkitARM/lib/gcc/arm-none-eabi/4.9.2/../../../../arm-none-eabi/lib/armv6k/fpu/libg.a(lib_a-dtoa.o)
 .text          0x0000000000108b7c        0x0 /opt/devkitpro/devkitARM/lib/gcc/arm-none-eabi/4.9.2/../../../../arm-none-eabi/lib/armv6k/fpu/libg.a(lib_a-fflush.o)
 .text          0x0000000000108b7c        0x0 /opt/devkitpro/devkitARM/lib/gcc/arm-none-eabi/4.9.2/../../../../arm-none-eabi/lib/armv6k/fpu/libg.a(lib_a-findfp.o)
 .text          0x0000000000108b7c        0x0 /opt/devkitpro/devkitARM/lib/gcc/arm-none-eabi/4.9.2/../../../../arm-none-eabi/lib/armv6k/fpu/libg.a(lib_a-fputwc.o)
 .text          0x0000000000108b7c        0x0 /opt/devkitpro/devkitARM/lib/gcc/arm-none-eabi/4.9.2/../../../../arm-none-eabi/lib/armv6k/fpu/libg.a(lib_a-freer.o)
 .text          0x0000000000108b7c        0x0 /opt/devkitpro/devkitARM/lib/gcc/arm-none-eabi/4.9.2/../../../../arm-none-eabi/lib/armv6k/fpu/libg.a(lib_a-fvwrite.o)
 .text          0x0000000000108b7c        0x0 /opt/devkitpro/devkitARM/lib/gcc/arm-none-eabi/4.9.2/../../../../arm-none-eabi/lib/armv6k/fpu/libg.a(lib_a-fwalk.o)
 .text          0x0000000000108b7c        0x0 /opt/devkitpro/devkitARM/lib/gcc/arm-none-eabi/4.9.2/../../../../arm-none-eabi/lib/armv6k/fpu/libg.a(lib_a-impure.o)
 .text          0x0000000000108b7c        0x0 /opt/devkitpro/devkitARM/lib/gcc/arm-none-eabi/4.9.2/../../../../arm-none-eabi/lib/armv6k/fpu/libg.a(lib_a-iswspace.o)
 .text          0x0000000000108b7c        0x0 /opt/devkitpro/devkitARM/lib/gcc/arm-none-eabi/4.9.2/../../../../arm-none-eabi/lib/armv6k/fpu/libg.a(lib_a-jp2uc.o)
 .text          0x0000000000108b7c        0x0 /opt/devkitpro/devkitARM/lib/gcc/arm-none-eabi/4.9.2/../../../../arm-none-eabi/lib/armv6k/fpu/libg.a(lib_a-locale.o)
 .text          0x0000000000108b7c        0x0 /opt/devkitpro/devkitARM/lib/gcc/arm-none-eabi/4.9.2/../../../../arm-none-eabi/lib/armv6k/fpu/libg.a(lib_a-makebuf.o)
 .text          0x0000000000108b7c        0x0 /opt/devkitpro/devkitARM/lib/gcc/arm-none-eabi/4.9.2/../../../../arm-none-eabi/lib/armv6k/fpu/libg.a(lib_a-mbrtowc.o)
 .text          0x0000000000108b7c        0x0 /opt/devkitpro/devkitARM/lib/gcc/arm-none-eabi/4.9.2/../../../../arm-none-eabi/lib/armv6k/fpu/libg.a(lib_a-mbtowc_r.o)
 .text          0x0000000000108b7c        0x0 /opt/devkitpro/devkitARM/lib/gcc/arm-none-eabi/4.9.2/../../../../arm-none-eabi/lib/armv6k/fpu/libg.a(lib_a-memchr.o)
 .text          0x0000000000108b7c        0x0 /opt/devkitpro/devkitARM/lib/gcc/arm-none-eabi/4.9.2/../../../../arm-none-eabi/lib/armv6k/fpu/libg.a(lib_a-memmove.o)
 .text          0x0000000000108b7c        0x0 /opt/devkitpro/devkitARM/lib/gcc/arm-none-eabi/4.9.2/../../../../arm-none-eabi/lib/armv6k/fpu/libg.a(lib_a-mprec.o)
 .text          0x0000000000108b7c        0x0 /opt/devkitpro/devkitARM/lib/gcc/arm-none-eabi/4.9.2/../../../../arm-none-eabi/lib/armv6k/fpu/libg.a(lib_a-reallocr.o)
 .text          0x0000000000108b7c        0x0 /opt/devkitpro/devkitARM/lib/gcc/arm-none-eabi/4.9.2/../../../../arm-none-eabi/lib/armv6k/fpu/libg.a(lib_a-sccl.o)
 .text          0x0000000000108b7c        0x0 /opt/devkitpro/devkitARM/lib/gcc/arm-none-eabi/4.9.2/../../../../arm-none-eabi/lib/armv6k/fpu/libg.a(lib_a-sf_nan.o)
 .text          0x0000000000108b7c        0x0 /opt/devkitpro/devkitARM/lib/gcc/arm-none-eabi/4.9.2/../../../../arm-none-eabi/lib/armv6k/fpu/libg.a(lib_a-s_fpclassify.o)
 .text          0x0000000000108b7c        0x0 /opt/devkitpro/devkitARM/lib/gcc/arm-none-eabi/4.9.2/../../../../arm-none-eabi/lib/armv6k/fpu/libg.a(lib_a-s_frexp.o)
 .text          0x0000000000108b7c        0x0 /opt/devkitpro/devkitARM/lib/gcc/arm-none-eabi/4.9.2/../../../../arm-none-eabi/lib/armv6k/fpu/libg.a(lib_a-sprintf.o)
 .text          0x0000000000108b7c        0x0 /opt/devkitpro/devkitARM/lib/gcc/arm-none-eabi/4.9.2/../../../../arm-none-eabi/lib/armv6k/fpu/libg.a(lib_a-stpncpy.o)
 .text          0x0000000000108b7c        0x0 /opt/devkitpro/devkitARM/lib/gcc/arm-none-eabi/4.9.2/../../../../arm-none-eabi/lib/armv6k/fpu/libg.a(lib_a-strcasecmp.o)
 .text          0x0000000000108b7c        0x0 /opt/devkitpro/devkitARM/lib/gcc/arm-none-eabi/4.9.2/../../../../arm-none-eabi/lib/armv6k/fpu/libg.a(lib_a-strcat.o)
 *fill*         0x0000000000108b7c        0x4 
 .text          0x0000000000108b80      0x3a0 /opt/devkitpro/devkitARM/lib/gcc/arm-none-eabi/4.9.2/../../../../arm-none-eabi/lib/armv6k/fpu/libg.a(lib_a-strcmp.o)
                0x0000000000108b88                strcmp
 .text          0x0000000000108f20        0x0 /opt/devkitpro/devkitARM/lib/gcc/arm-none-eabi/4.9.2/../../../../arm-none-eabi/lib/armv6k/fpu/libg.a(lib_a-strlcpy.o)
 .text          0x0000000000108f20        0x0 /opt/devkitpro/devkitARM/lib/gcc/arm-none-eabi/4.9.2/../../../../arm-none-eabi/lib/armv6k/fpu/libg.a(lib_a-strncasecmp.o)
 .text          0x0000000000108f20        0x0 /opt/devkitpro/devkitARM/lib/gcc/arm-none-eabi/4.9.2/../../../../arm-none-eabi/lib/armv6k/fpu/libg.a(lib_a-strncmp.o)
 .text          0x0000000000108f20        0x0 /opt/devkitpro/devkitARM/lib/gcc/arm-none-eabi/4.9.2/../../../../arm-none-eabi/lib/armv6k/fpu/libg.a(lib_a-strtod.o)
 .text          0x0000000000108f20        0x0 /opt/devkitpro/devkitARM/lib/gcc/arm-none-eabi/4.9.2/../../../../arm-none-eabi/lib/armv6k/fpu/libg.a(lib_a-strtoll_r.o)
 .text          0x0000000000108f20        0x0 /opt/devkitpro/devkitARM/lib/gcc/arm-none-eabi/4.9.2/../../../../arm-none-eabi/lib/armv6k/fpu/libg.a(lib_a-strtol.o)
 .text          0x0000000000108f20        0x0 /opt/devkitpro/devkitARM/lib/gcc/arm-none-eabi/4.9.2/../../../../arm-none-eabi/lib/armv6k/fpu/libg.a(lib_a-strtoull_r.o)
 .text          0x0000000000108f20        0x0 /opt/devkitpro/devkitARM/lib/gcc/arm-none-eabi/4.9.2/../../../../arm-none-eabi/lib/armv6k/fpu/libg.a(lib_a-strtoul.o)
 .text          0x0000000000108f20        0x0 /opt/devkitpro/devkitARM/lib/gcc/arm-none-eabi/4.9.2/../../../../arm-none-eabi/lib/armv6k/fpu/libg.a(lib_a-svfiprintf.o)
 .text          0x0000000000108f20        0x0 /opt/devkitpro/devkitARM/lib/gcc/arm-none-eabi/4.9.2/../../../../arm-none-eabi/lib/armv6k/fpu/libg.a(lib_a-svfiscanf.o)
 .text          0x0000000000108f20        0x0 /opt/devkitpro/devkitARM/lib/gcc/arm-none-eabi/4.9.2/../../../../arm-none-eabi/lib/armv6k/fpu/libg.a(lib_a-svfprintf.o)
 .text          0x0000000000108f20        0x0 /opt/devkitpro/devkitARM/lib/gcc/arm-none-eabi/4.9.2/../../../../arm-none-eabi/lib/armv6k/fpu/libg.a(lib_a-ungetc.o)
 .text          0x0000000000108f20        0x0 /opt/devkitpro/devkitARM/lib/gcc/arm-none-eabi/4.9.2/../../../../arm-none-eabi/lib/armv6k/fpu/libg.a(lib_a-wbuf.o)
 .text          0x0000000000108f20        0x0 /opt/devkitpro/devkitARM/lib/gcc/arm-none-eabi/4.9.2/../../../../arm-none-eabi/lib/armv6k/fpu/libg.a(lib_a-wcsnrtombs.o)
 .text          0x0000000000108f20        0x0 /opt/devkitpro/devkitARM/lib/gcc/arm-none-eabi/4.9.2/../../../../arm-none-eabi/lib/armv6k/fpu/libg.a(lib_a-callocr.o)
 .text          0x0000000000108f20        0x0 /opt/devkitpro/devkitARM/lib/gcc/arm-none-eabi/4.9.2/../../../../arm-none-eabi/lib/armv6k/fpu/libg.a(lib_a-fclose.o)
 .text          0x0000000000108f20        0x0 /opt/devkitpro/devkitARM/lib/gcc/arm-none-eabi/4.9.2/../../../../arm-none-eabi/lib/armv6k/fpu/libg.a(lib_a-gdtoa-gethex.o)
 .text          0x0000000000108f20        0x0 /opt/devkitpro/devkitARM/lib/gcc/arm-none-eabi/4.9.2/../../../../arm-none-eabi/lib/armv6k/fpu/libg.a(lib_a-gdtoa-hexnan.o)
 .text          0x0000000000108f20        0x0 /opt/devkitpro/devkitARM/lib/gcc/arm-none-eabi/4.9.2/../../../../arm-none-eabi/lib/armv6k/fpu/libg.a(lib_a-getenv_r.o)
 .text          0x0000000000108f20        0x0 /opt/devkitpro/devkitARM/lib/gcc/arm-none-eabi/4.9.2/../../../../arm-none-eabi/lib/armv6k/fpu/libg.a(lib_a-environ.o)
 .text          0x0000000000108f20        0x0 /opt/devkitpro/devkitARM/lib/gcc/arm-none-eabi/4.9.2/../../../../arm-none-eabi/lib/armv6k/fpu/libg.a(lib_a-envlock.o)
 .text          0x0000000000108f20      0x1a8 /opt/devkitpro/devkitARM/lib/gcc/arm-none-eabi/4.9.2/../../../../arm-none-eabi/lib/armv6k/fpu/libsysbase.a(iosupport.o)
                0x0000000000108f20                setDefaultDevice
                0x0000000000108f38                FindDevice
                0x0000000000108fe4                RemoveDevice
                0x0000000000109010                AddDevice
                0x00000000001090a4                GetDeviceOpTab
 .text          0x00000000001090c8       0x7c /opt/devkitpro/devkitARM/lib/gcc/arm-none-eabi/4.9.2/../../../../arm-none-eabi/lib/armv6k/fpu/libsysbase.a(close.o)
                0x00000000001090c8                _close_r
 .text          0x0000000000109144       0x6c /opt/devkitpro/devkitARM/lib/gcc/arm-none-eabi/4.9.2/../../../../arm-none-eabi/lib/armv6k/fpu/libsysbase.a(fstat.o)
                0x0000000000109144                _fstat_r
 .text          0x00000000001091b0        0x8 /opt/devkitpro/devkitARM/lib/gcc/arm-none-eabi/4.9.2/../../../../arm-none-eabi/lib/armv6k/fpu/libsysbase.a(isatty.o)
                0x00000000001091b0                _isatty_r
 .text          0x00000000001091b8       0x74 /opt/devkitpro/devkitARM/lib/gcc/arm-none-eabi/4.9.2/../../../../arm-none-eabi/lib/armv6k/fpu/libsysbase.a(lseek.o)
                0x00000000001091b8                _lseek_r
 .text          0x000000000010922c       0x74 /opt/devkitpro/devkitARM/lib/gcc/arm-none-eabi/4.9.2/../../../../arm-none-eabi/lib/armv6k/fpu/libsysbase.a(read.o)
                0x000000000010922c                _read_r
 .text          0x00000000001092a0       0x70 /opt/devkitpro/devkitARM/lib/gcc/arm-none-eabi/4.9.2/../../../../arm-none-eabi/lib/armv6k/fpu/libsysbase.a(sbrk.o)
                0x00000000001092a0                _sbrk_r
 .text          0x0000000000109310       0x74 /opt/devkitpro/devkitARM/lib/gcc/arm-none-eabi/4.9.2/../../../../arm-none-eabi/lib/armv6k/fpu/libsysbase.a(write.o)
                0x0000000000109310                _write_r
 .text          0x0000000000109384        0x0 /opt/devkitpro/devkitARM/lib/gcc/arm-none-eabi/4.9.2/../../../../arm-none-eabi/lib/armv6k/fpu/libsysbase.a(malloc_vars.o)
 .text          0x0000000000109384      0x3a4 /opt/devkitpro/devkitARM/lib/gcc/arm-none-eabi/4.9.2/../../../../arm-none-eabi/lib/armv6k/fpu/libsysbase.a(chdir.o)
                0x0000000000109384                _concatenate_path
                0x0000000000109540                chdir
                0x0000000000109688                getcwd
 .text          0x0000000000109728        0x8 /opt/devkitpro/devkitARM/lib/gcc/arm-none-eabi/4.9.2/../../../../arm-none-eabi/lib/armv6k/fpu/libsysbase.a(flock.o)
                0x0000000000109728                __flockfile
                0x000000000010972c                __funlockfile
 .text          0x0000000000109730      0x108 /opt/devkitpro/devkitARM/lib/gcc/arm-none-eabi/4.9.2/../../../../arm-none-eabi/lib/armv6k/fpu/libsysbase.a(syscall_support.o)
                0x0000000000109730                __libc_lock_init
                0x0000000000109748                __libc_lock_acquire
                0x0000000000109760                __libc_lock_try_acquire
                0x0000000000109784                __libc_lock_release
                0x000000000010979c                __libc_lock_close
                0x00000000001097b4                __libc_lock_init_recursive
                0x00000000001097cc                __libc_lock_acquire_recursive
                0x00000000001097e4                __libc_lock_try_acquire_recursive
                0x0000000000109808                __libc_lock_release_recursive
                0x0000000000109820                __libc_lock_close_recursive
 .text          0x0000000000109838      0x254 /opt/devkitpro/devkitARM/lib/gcc/arm-none-eabi/4.9.2/../../../../arm-none-eabi/lib/armv6k/fpu/libsysbase.a(handle_manager.o)
                0x0000000000109838                __free_handle
                0x000000000010987c                __release_handle
                0x00000000001098a8                __alloc_handle
                0x0000000000109910                __get_handle
                0x000000000010992c                dup
                0x00000000001099b8                dup2
 .text          0x0000000000109a8c       0x28 /opt/devkitpro/devkitARM/lib/gcc/arm-none-eabi/4.9.2/../../../../arm-none-eabi/lib/armv6k/fpu/libsysbase.a(getreent.o)
                0x0000000000109a8c                __getreent
 .text          0x0000000000109ab4      0x20c /opt/devkitpro/devkitARM/lib/gcc/arm-none-eabi/4.9.2/armv6k/fpu/libgcc.a(_udivsi3.o)
                0x0000000000109ab4                __udivsi3
                0x0000000000109ab4                __aeabi_uidiv
                0x0000000000109ca0                __aeabi_uidivmod
 .text          0x0000000000109cc0       0x3c /opt/devkitpro/devkitARM/lib/gcc/arm-none-eabi/4.9.2/armv6k/fpu/libgcc.a(_aeabi_uldivmod.o)
                0x0000000000109cc0                __aeabi_uldivmod
 .text          0x0000000000109cfc       0x78 /opt/devkitpro/devkitARM/lib/gcc/arm-none-eabi/4.9.2/armv6k/fpu/libgcc.a(bpabi.o)
                0x0000000000109cfc                __gnu_ldivmod_helper
                0x0000000000109d38                __gnu_uldivmod_helper
 .text          0x0000000000109d74      0x180 /opt/devkitpro/devkitARM/lib/gcc/arm-none-eabi/4.9.2/armv6k/fpu/libgcc.a(_divdi3.o)
                0x0000000000109d74                __divdi3
 .text          0x0000000000109ef4      0x124 /opt/devkitpro/devkitARM/lib/gcc/arm-none-eabi/4.9.2/armv6k/fpu/libgcc.a(_udivdi3.o)
                0x0000000000109ef4                __udivdi3
 .text          0x000000000010a018        0x0 /opt/devkitpro/devkitARM/lib/gcc/arm-none-eabi/4.9.2/../../../../arm-none-eabi/lib/armv6k/fpu/libg.a(lib_a-errno.o)
 .text          0x000000000010a018        0x0 /opt/devkitpro/devkitARM/lib/gcc/arm-none-eabi/4.9.2/../../../../arm-none-eabi/lib/armv6k/fpu/libg.a(lib_a-strnlen.o)
 .text          0x000000000010a018        0x0 /opt/devkitpro/devkitARM/lib/gcc/arm-none-eabi/4.9.2/../../../../arm-none-eabi/lib/armv6k/fpu/libg.a(lib_a-strrchr.o)
 .text          0x000000000010a018        0x0 /opt/devkitpro/devkitARM/lib/gcc/arm-none-eabi/4.9.2/armv6k/fpu/crtend.o
 .text          0x000000000010a018        0x0 /opt/devkitpro/devkitARM/lib/gcc/arm-none-eabi/4.9.2/armv6k/fpu/crtn.o
 *(.text.*)
 .text.startup  0x000000000010a018      0x160 main.o
                0x000000000010a018                main
 .text.bsearch  0x000000000010a178       0x78 /opt/devkitpro/devkitARM/lib/gcc/arm-none-eabi/4.9.2/../../../../arm-none-eabi/lib/armv6k/fpu/libg.a(lib_a-bsearch.o)
                0x000000000010a178                bsearch
 .text.__libc_fini_array
                0x000000000010a1f0       0x40 /opt/devkitpro/devkitARM/lib/gcc/arm-none-eabi/4.9.2/../../../../arm-none-eabi/lib/armv6k/fpu/libg.a(lib_a-fini.o)
                0x000000000010a1f0                __libc_fini_array
 .text.__libc_init_array
                0x000000000010a230       0x78 /opt/devkitpro/devkitARM/lib/gcc/arm-none-eabi/4.9.2/../../../../arm-none-eabi/lib/armv6k/fpu/libg.a(lib_a-init.o)
                0x000000000010a230                __libc_init_array
 .text.iprintf  0x000000000010a2a8       0x38 /opt/devkitpro/devkitARM/lib/gcc/arm-none-eabi/4.9.2/../../../../arm-none-eabi/lib/armv6k/fpu/libg.a(lib_a-iprintf.o)
                0x000000000010a2a8                iprintf
 .text._iprintf_r
                0x000000000010a2e0       0x34 /opt/devkitpro/devkitARM/lib/gcc/arm-none-eabi/4.9.2/../../../../arm-none-eabi/lib/armv6k/fpu/libg.a(lib_a-iprintf.o)
                0x000000000010a2e0                _iprintf_r
 .text.malloc   0x000000000010a314       0x18 /opt/devkitpro/devkitARM/lib/gcc/arm-none-eabi/4.9.2/../../../../arm-none-eabi/lib/armv6k/fpu/libg.a(lib_a-malloc.o)
                0x000000000010a314                malloc
 .text.free     0x000000000010a32c       0x18 /opt/devkitpro/devkitARM/lib/gcc/arm-none-eabi/4.9.2/../../../../arm-none-eabi/lib/armv6k/fpu/libg.a(lib_a-malloc.o)
                0x000000000010a32c                free
 .text._malloc_r
                0x000000000010a344      0x740 /opt/devkitpro/devkitARM/lib/gcc/arm-none-eabi/4.9.2/../../../../arm-none-eabi/lib/armv6k/fpu/libg.a(lib_a-mallocr.o)
                0x000000000010a344                _malloc_r
 .text.memcpy   0x000000000010aa84       0xf4 /opt/devkitpro/devkitARM/lib/gcc/arm-none-eabi/4.9.2/../../../../arm-none-eabi/lib/armv6k/fpu/libg.a(lib_a-memcpy.o)
                0x000000000010aa84                memcpy
 .text.memset   0x000000000010ab78       0xf0 /opt/devkitpro/devkitARM/lib/gcc/arm-none-eabi/4.9.2/../../../../arm-none-eabi/lib/armv6k/fpu/libg.a(lib_a-memset.o)
                0x000000000010ab78                memset
 .text.__malloc_lock
                0x000000000010ac68        0x4 /opt/devkitpro/devkitARM/lib/gcc/arm-none-eabi/4.9.2/../../../../arm-none-eabi/lib/armv6k/fpu/libg.a(lib_a-mlock.o)
                0x000000000010ac68                __malloc_lock
 .text.__malloc_unlock
                0x000000000010ac6c        0x4 /opt/devkitpro/devkitARM/lib/gcc/arm-none-eabi/4.9.2/../../../../arm-none-eabi/lib/armv6k/fpu/libg.a(lib_a-mlock.o)
                0x000000000010ac6c                __malloc_unlock
 .text._printf_r
                0x000000000010ac70       0x34 /opt/devkitpro/devkitARM/lib/gcc/arm-none-eabi/4.9.2/../../../../arm-none-eabi/lib/armv6k/fpu/libg.a(lib_a-printf.o)
                0x000000000010ac70                _printf_r
 .text.printf   0x000000000010aca4       0x38 /opt/devkitpro/devkitARM/lib/gcc/arm-none-eabi/4.9.2/../../../../arm-none-eabi/lib/armv6k/fpu/libg.a(lib_a-printf.o)
                0x000000000010aca4                printf
 .text.setvbuf  0x000000000010acdc      0x1e8 /opt/devkitpro/devkitARM/lib/gcc/arm-none-eabi/4.9.2/../../../../arm-none-eabi/lib/armv6k/fpu/libg.a(lib_a-setvbuf.o)
                0x000000000010acdc                setvbuf
 .text.sscanf   0x000000000010aec4       0x74 /opt/devkitpro/devkitARM/lib/gcc/arm-none-eabi/4.9.2/../../../../arm-none-eabi/lib/armv6k/fpu/libg.a(lib_a-sscanf.o)
                0x000000000010aec4                sscanf
 .text._sscanf_r
                0x000000000010af38       0x80 /opt/devkitpro/devkitARM/lib/gcc/arm-none-eabi/4.9.2/../../../../arm-none-eabi/lib/armv6k/fpu/libg.a(lib_a-sscanf.o)
                0x000000000010af38                _sscanf_r
 .text.__sread  0x000000000010afb8       0x30 /opt/devkitpro/devkitARM/lib/gcc/arm-none-eabi/4.9.2/../../../../arm-none-eabi/lib/armv6k/fpu/libg.a(lib_a-stdio.o)
                0x000000000010afb8                __sread
 .text.__seofread
                0x000000000010afe8        0x8 /opt/devkitpro/devkitARM/lib/gcc/arm-none-eabi/4.9.2/../../../../arm-none-eabi/lib/armv6k/fpu/libg.a(lib_a-stdio.o)
                0x000000000010afe8                __seofread
 .text.__swrite
                0x000000000010aff0       0x54 /opt/devkitpro/devkitARM/lib/gcc/arm-none-eabi/4.9.2/../../../../arm-none-eabi/lib/armv6k/fpu/libg.a(lib_a-stdio.o)
                0x000000000010aff0                __swrite
 .text.__sseek  0x000000000010b044       0x2c /opt/devkitpro/devkitARM/lib/gcc/arm-none-eabi/4.9.2/../../../../arm-none-eabi/lib/armv6k/fpu/libg.a(lib_a-stdio.o)
                0x000000000010b044                __sseek
 .text.__sclose
                0x000000000010b070        0x8 /opt/devkitpro/devkitARM/lib/gcc/arm-none-eabi/4.9.2/../../../../arm-none-eabi/lib/armv6k/fpu/libg.a(lib_a-stdio.o)
                0x000000000010b070                __sclose
 .text.strchr   0x000000000010b078      0x16c /opt/devkitpro/devkitARM/lib/gcc/arm-none-eabi/4.9.2/../../../../arm-none-eabi/lib/armv6k/fpu/libg.a(lib_a-strchr.o)
                0x000000000010b078                strchr
 .text.strcpy   0x000000000010b1e4       0xf0 /opt/devkitpro/devkitARM/lib/gcc/arm-none-eabi/4.9.2/../../../../arm-none-eabi/lib/armv6k/fpu/libg.a(lib_a-strcpy.o)
                0x000000000010b1e4                strcpy
 .text.strlen   0x000000000010b2d4       0x5c /opt/devkitpro/devkitARM/lib/gcc/arm-none-eabi/4.9.2/../../../../arm-none-eabi/lib/armv6k/fpu/libg.a(lib_a-strlen.o)
                0x000000000010b2d4                strlen
 .text.strncat  0x000000000010b330       0xa4 /opt/devkitpro/devkitARM/lib/gcc/arm-none-eabi/4.9.2/../../../../arm-none-eabi/lib/armv6k/fpu/libg.a(lib_a-strncat.o)
                0x000000000010b330                strncat
 .text.strncpy  0x000000000010b3d4       0xe0 /opt/devkitpro/devkitARM/lib/gcc/arm-none-eabi/4.9.2/../../../../arm-none-eabi/lib/armv6k/fpu/libg.a(lib_a-strncpy.o)
                0x000000000010b3d4                strncpy
 .text.__ssvfscanf_r
                0x000000000010b4b4     0x2aec /opt/devkitpro/devkitARM/lib/gcc/arm-none-eabi/4.9.2/../../../../arm-none-eabi/lib/armv6k/fpu/libg.a(lib_a-svfscanf.o)
                0x000000000010b4b4                __ssvfscanf_r
 .text.get_arg  0x000000000010dfa0      0x860 /opt/devkitpro/devkitARM/lib/gcc/arm-none-eabi/4.9.2/../../../../arm-none-eabi/lib/armv6k/fpu/libg.a(lib_a-vfiprintf.o)
 .text.__sprint_r.part.0
                0x000000000010e800       0xa4 /opt/devkitpro/devkitARM/lib/gcc/arm-none-eabi/4.9.2/../../../../arm-none-eabi/lib/armv6k/fpu/libg.a(lib_a-vfiprintf.o)
 .text.__sprint_r
                0x000000000010e8a4       0x1c /opt/devkitpro/devkitARM/lib/gcc/arm-none-eabi/4.9.2/../../../../arm-none-eabi/lib/armv6k/fpu/libg.a(lib_a-vfiprintf.o)
                0x000000000010e8a4                __sprint_r
 .text._vfiprintf_r
                0x000000000010e8c0     0x3114 /opt/devkitpro/devkitARM/lib/gcc/arm-none-eabi/4.9.2/../../../../arm-none-eabi/lib/armv6k/fpu/libg.a(lib_a-vfiprintf.o)
                0x000000000010e8c0                _vfiprintf_r
 .text.vfiprintf
                0x00000000001119d4       0x28 /opt/devkitpro/devkitARM/lib/gcc/arm-none-eabi/4.9.2/../../../../arm-none-eabi/lib/armv6k/fpu/libg.a(lib_a-vfiprintf.o)
                0x00000000001119d4                vfiprintf
 .text.__sbprintf
                0x00000000001119fc       0xa8 /opt/devkitpro/devkitARM/lib/gcc/arm-none-eabi/4.9.2/../../../../arm-none-eabi/lib/armv6k/fpu/libg.a(lib_a-vfiprintf.o)
 .text.get_arg  0x0000000000111aa4      0x860 /opt/devkitpro/devkitARM/lib/gcc/arm-none-eabi/4.9.2/../../../../arm-none-eabi/lib/armv6k/fpu/libg.a(lib_a-vfprintf.o)
 *fill*         0x0000000000112304        0x4 
 .text._vfprintf_r
                0x0000000000112308     0x4408 /opt/devkitpro/devkitARM/lib/gcc/arm-none-eabi/4.9.2/../../../../arm-none-eabi/lib/armv6k/fpu/libg.a(lib_a-vfprintf.o)
                0x0000000000112308                _vfprintf_r
 .text.vfprintf
                0x0000000000116710       0x28 /opt/devkitpro/devkitARM/lib/gcc/arm-none-eabi/4.9.2/../../../../arm-none-eabi/lib/armv6k/fpu/libg.a(lib_a-vfprintf.o)
                0x0000000000116710                vfprintf
 .text.__sbprintf
                0x0000000000116738       0xa8 /opt/devkitpro/devkitARM/lib/gcc/arm-none-eabi/4.9.2/../../../../arm-none-eabi/lib/armv6k/fpu/libg.a(lib_a-vfprintf.o)
 .text._wcrtomb_r
                0x00000000001167e0       0x8c /opt/devkitpro/devkitARM/lib/gcc/arm-none-eabi/4.9.2/../../../../arm-none-eabi/lib/armv6k/fpu/libg.a(lib_a-wcrtomb.o)
                0x00000000001167e0                _wcrtomb_r
 .text.wcrtomb  0x000000000011686c       0x94 /opt/devkitpro/devkitARM/lib/gcc/arm-none-eabi/4.9.2/../../../../arm-none-eabi/lib/armv6k/fpu/libg.a(lib_a-wcrtomb.o)
                0x000000000011686c                wcrtomb
 .text._wcsrtombs_r
                0x0000000000116900       0x20 /opt/devkitpro/devkitARM/lib/gcc/arm-none-eabi/4.9.2/../../../../arm-none-eabi/lib/armv6k/fpu/libg.a(lib_a-wcsrtombs.o)
                0x0000000000116900                _wcsrtombs_r
 .text.wcsrtombs
                0x0000000000116920       0x3c /opt/devkitpro/devkitARM/lib/gcc/arm-none-eabi/4.9.2/../../../../arm-none-eabi/lib/armv6k/fpu/libg.a(lib_a-wcsrtombs.o)
                0x0000000000116920                wcsrtombs
 .text.__utf8_wctomb
                0x000000000011695c      0x114 /opt/devkitpro/devkitARM/lib/gcc/arm-none-eabi/4.9.2/../../../../arm-none-eabi/lib/armv6k/fpu/libg.a(lib_a-wctomb_r.o)
                0x000000000011695c                __utf8_wctomb
 .text._wctomb_r
                0x0000000000116a70       0x48 /opt/devkitpro/devkitARM/lib/gcc/arm-none-eabi/4.9.2/../../../../arm-none-eabi/lib/armv6k/fpu/libg.a(lib_a-wctomb_r.o)
                0x0000000000116a70                _wctomb_r
 .text.__ascii_wctomb
                0x0000000000116ab8       0x28 /opt/devkitpro/devkitARM/lib/gcc/arm-none-eabi/4.9.2/../../../../arm-none-eabi/lib/armv6k/fpu/libg.a(lib_a-wctomb_r.o)
                0x0000000000116ab8                __ascii_wctomb
 .text.__sjis_wctomb
                0x0000000000116ae0       0x84 /opt/devkitpro/devkitARM/lib/gcc/arm-none-eabi/4.9.2/../../../../arm-none-eabi/lib/armv6k/fpu/libg.a(lib_a-wctomb_r.o)
                0x0000000000116ae0                __sjis_wctomb
 .text.__eucjp_wctomb
                0x0000000000116b64       0xc8 /opt/devkitpro/devkitARM/lib/gcc/arm-none-eabi/4.9.2/../../../../arm-none-eabi/lib/armv6k/fpu/libg.a(lib_a-wctomb_r.o)
                0x0000000000116b64                __eucjp_wctomb
 .text.__jis_wctomb
                0x0000000000116c2c       0xd4 /opt/devkitpro/devkitARM/lib/gcc/arm-none-eabi/4.9.2/../../../../arm-none-eabi/lib/armv6k/fpu/libg.a(lib_a-wctomb_r.o)
                0x0000000000116c2c                __jis_wctomb
 .text.__swsetup_r
                0x0000000000116d00      0x14c /opt/devkitpro/devkitARM/lib/gcc/arm-none-eabi/4.9.2/../../../../arm-none-eabi/lib/armv6k/fpu/libg.a(lib_a-wsetup.o)
                0x0000000000116d00                __swsetup_r
 .text.__set_ctype
                0x0000000000116e4c       0x18 /opt/devkitpro/devkitARM/lib/gcc/arm-none-eabi/4.9.2/../../../../arm-none-eabi/lib/armv6k/fpu/libg.a(lib_a-ctype_.o)
                0x0000000000116e4c                __set_ctype
 .text.quorem   0x0000000000116e64      0x1c0 /opt/devkitpro/devkitARM/lib/gcc/arm-none-eabi/4.9.2/../../../../arm-none-eabi/lib/armv6k/fpu/libg.a(lib_a-dtoa.o)
 *fill*         0x0000000000117024        0x4 
 .text._dtoa_r  0x0000000000117028     0x12e0 /opt/devkitpro/devkitARM/lib/gcc/arm-none-eabi/4.9.2/../../../../arm-none-eabi/lib/armv6k/fpu/libg.a(lib_a-dtoa.o)
                0x0000000000117028                _dtoa_r
 .text.__sflush_r
                0x0000000000118308      0x238 /opt/devkitpro/devkitARM/lib/gcc/arm-none-eabi/4.9.2/../../../../arm-none-eabi/lib/armv6k/fpu/libg.a(lib_a-fflush.o)
                0x0000000000118308                __sflush_r
 .text._fflush_r
                0x0000000000118540       0x98 /opt/devkitpro/devkitARM/lib/gcc/arm-none-eabi/4.9.2/../../../../arm-none-eabi/lib/armv6k/fpu/libg.a(lib_a-fflush.o)
                0x0000000000118540                _fflush_r
 .text.fflush   0x00000000001185d8       0x38 /opt/devkitpro/devkitARM/lib/gcc/arm-none-eabi/4.9.2/../../../../arm-none-eabi/lib/armv6k/fpu/libg.a(lib_a-fflush.o)
                0x00000000001185d8                fflush
 .text._cleanup_r
                0x0000000000118610        0xc /opt/devkitpro/devkitARM/lib/gcc/arm-none-eabi/4.9.2/../../../../arm-none-eabi/lib/armv6k/fpu/libg.a(lib_a-findfp.o)
                0x0000000000118610                _cleanup_r
 .text.__fp_lock
                0x000000000011861c       0x1c /opt/devkitpro/devkitARM/lib/gcc/arm-none-eabi/4.9.2/../../../../arm-none-eabi/lib/armv6k/fpu/libg.a(lib_a-findfp.o)
 .text.__fp_unlock
                0x0000000000118638       0x1c /opt/devkitpro/devkitARM/lib/gcc/arm-none-eabi/4.9.2/../../../../arm-none-eabi/lib/armv6k/fpu/libg.a(lib_a-findfp.o)
 .text.__sinit.part.1
                0x0000000000118654      0x15c /opt/devkitpro/devkitARM/lib/gcc/arm-none-eabi/4.9.2/../../../../arm-none-eabi/lib/armv6k/fpu/libg.a(lib_a-findfp.o)
 .text.__sfmoreglue
                0x00000000001187b0       0x48 /opt/devkitpro/devkitARM/lib/gcc/arm-none-eabi/4.9.2/../../../../arm-none-eabi/lib/armv6k/fpu/libg.a(lib_a-findfp.o)
                0x00000000001187b0                __sfmoreglue
 .text.__sfp    0x00000000001187f8       0xe8 /opt/devkitpro/devkitARM/lib/gcc/arm-none-eabi/4.9.2/../../../../arm-none-eabi/lib/armv6k/fpu/libg.a(lib_a-findfp.o)
                0x00000000001187f8                __sfp
 .text._cleanup
                0x00000000001188e0       0x18 /opt/devkitpro/devkitARM/lib/gcc/arm-none-eabi/4.9.2/../../../../arm-none-eabi/lib/armv6k/fpu/libg.a(lib_a-findfp.o)
                0x00000000001188e0                _cleanup
 .text.__sinit  0x00000000001188f8       0x10 /opt/devkitpro/devkitARM/lib/gcc/arm-none-eabi/4.9.2/../../../../arm-none-eabi/lib/armv6k/fpu/libg.a(lib_a-findfp.o)
                0x00000000001188f8                __sinit
 .text.__sfp_lock_acquire
                0x0000000000118908        0x4 /opt/devkitpro/devkitARM/lib/gcc/arm-none-eabi/4.9.2/../../../../arm-none-eabi/lib/armv6k/fpu/libg.a(lib_a-findfp.o)
                0x0000000000118908                __sfp_lock_acquire
 .text.__sfp_lock_release
                0x000000000011890c        0x4 /opt/devkitpro/devkitARM/lib/gcc/arm-none-eabi/4.9.2/../../../../arm-none-eabi/lib/armv6k/fpu/libg.a(lib_a-findfp.o)
                0x000000000011890c                __sfp_lock_release
 .text.__sinit_lock_acquire
                0x0000000000118910        0x4 /opt/devkitpro/devkitARM/lib/gcc/arm-none-eabi/4.9.2/../../../../arm-none-eabi/lib/armv6k/fpu/libg.a(lib_a-findfp.o)
                0x0000000000118910                __sinit_lock_acquire
 .text.__sinit_lock_release
                0x0000000000118914        0x4 /opt/devkitpro/devkitARM/lib/gcc/arm-none-eabi/4.9.2/../../../../arm-none-eabi/lib/armv6k/fpu/libg.a(lib_a-findfp.o)
                0x0000000000118914                __sinit_lock_release
 .text.__fp_lock_all
                0x0000000000118918       0x18 /opt/devkitpro/devkitARM/lib/gcc/arm-none-eabi/4.9.2/../../../../arm-none-eabi/lib/armv6k/fpu/libg.a(lib_a-findfp.o)
                0x0000000000118918                __fp_lock_all
 .text.__fp_unlock_all
                0x0000000000118930       0x18 /opt/devkitpro/devkitARM/lib/gcc/arm-none-eabi/4.9.2/../../../../arm-none-eabi/lib/armv6k/fpu/libg.a(lib_a-findfp.o)
                0x0000000000118930                __fp_unlock_all
 .text.__fputwc
                0x0000000000118948      0x124 /opt/devkitpro/devkitARM/lib/gcc/arm-none-eabi/4.9.2/../../../../arm-none-eabi/lib/armv6k/fpu/libg.a(lib_a-fputwc.o)
                0x0000000000118948                __fputwc
 .text._fputwc_r
                0x0000000000118a6c       0xa8 /opt/devkitpro/devkitARM/lib/gcc/arm-none-eabi/4.9.2/../../../../arm-none-eabi/lib/armv6k/fpu/libg.a(lib_a-fputwc.o)
                0x0000000000118a6c                _fputwc_r
 .text.fputwc   0x0000000000118b14       0x3c /opt/devkitpro/devkitARM/lib/gcc/arm-none-eabi/4.9.2/../../../../arm-none-eabi/lib/armv6k/fpu/libg.a(lib_a-fputwc.o)
                0x0000000000118b14                fputwc
 .text._malloc_trim_r
                0x0000000000118b50       0xf8 /opt/devkitpro/devkitARM/lib/gcc/arm-none-eabi/4.9.2/../../../../arm-none-eabi/lib/armv6k/fpu/libg.a(lib_a-freer.o)
                0x0000000000118b50                _malloc_trim_r
 .text._free_r  0x0000000000118c48      0x2b4 /opt/devkitpro/devkitARM/lib/gcc/arm-none-eabi/4.9.2/../../../../arm-none-eabi/lib/armv6k/fpu/libg.a(lib_a-freer.o)
                0x0000000000118c48                _free_r
 .text.__sfvwrite_r
                0x0000000000118efc      0x4c4 /opt/devkitpro/devkitARM/lib/gcc/arm-none-eabi/4.9.2/../../../../arm-none-eabi/lib/armv6k/fpu/libg.a(lib_a-fvwrite.o)
                0x0000000000118efc                __sfvwrite_r
 .text._fwalk   0x00000000001193c0       0x78 /opt/devkitpro/devkitARM/lib/gcc/arm-none-eabi/4.9.2/../../../../arm-none-eabi/lib/armv6k/fpu/libg.a(lib_a-fwalk.o)
                0x00000000001193c0                _fwalk
 .text._fwalk_reent
                0x0000000000119438       0x80 /opt/devkitpro/devkitARM/lib/gcc/arm-none-eabi/4.9.2/../../../../arm-none-eabi/lib/armv6k/fpu/libg.a(lib_a-fwalk.o)
                0x0000000000119438                _fwalk_reent
 .text.iswspace
                0x00000000001194b8       0x74 /opt/devkitpro/devkitARM/lib/gcc/arm-none-eabi/4.9.2/../../../../arm-none-eabi/lib/armv6k/fpu/libg.a(lib_a-iswspace.o)
                0x00000000001194b8                iswspace
 .text.__jp2uc  0x000000000011952c      0x204 /opt/devkitpro/devkitARM/lib/gcc/arm-none-eabi/4.9.2/../../../../arm-none-eabi/lib/armv6k/fpu/libg.a(lib_a-jp2uc.o)
 .text._jp2uc   0x0000000000119730       0x84 /opt/devkitpro/devkitARM/lib/gcc/arm-none-eabi/4.9.2/../../../../arm-none-eabi/lib/armv6k/fpu/libg.a(lib_a-jp2uc.o)
                0x0000000000119730                _jp2uc
 .text.__get_locale_env
                0x00000000001197b4       0x8c /opt/devkitpro/devkitARM/lib/gcc/arm-none-eabi/4.9.2/../../../../arm-none-eabi/lib/armv6k/fpu/libg.a(lib_a-locale.o)
 .text.loadlocale
                0x0000000000119840      0x8a4 /opt/devkitpro/devkitARM/lib/gcc/arm-none-eabi/4.9.2/../../../../arm-none-eabi/lib/armv6k/fpu/libg.a(lib_a-locale.o)
 .text.currentlocale
                0x000000000011a0e4       0x88 /opt/devkitpro/devkitARM/lib/gcc/arm-none-eabi/4.9.2/../../../../arm-none-eabi/lib/armv6k/fpu/libg.a(lib_a-locale.o)
 .text._setlocale_r
                0x000000000011a16c      0x300 /opt/devkitpro/devkitARM/lib/gcc/arm-none-eabi/4.9.2/../../../../arm-none-eabi/lib/armv6k/fpu/libg.a(lib_a-locale.o)
                0x000000000011a16c                _setlocale_r
 .text.__locale_charset
                0x000000000011a46c        0xc /opt/devkitpro/devkitARM/lib/gcc/arm-none-eabi/4.9.2/../../../../arm-none-eabi/lib/armv6k/fpu/libg.a(lib_a-locale.o)
                0x000000000011a46c                __locale_charset
 .text.__locale_mb_cur_max
                0x000000000011a478       0x10 /opt/devkitpro/devkitARM/lib/gcc/arm-none-eabi/4.9.2/../../../../arm-none-eabi/lib/armv6k/fpu/libg.a(lib_a-locale.o)
                0x000000000011a478                __locale_mb_cur_max
 .text.__locale_msgcharset
                0x000000000011a488        0xc /opt/devkitpro/devkitARM/lib/gcc/arm-none-eabi/4.9.2/../../../../arm-none-eabi/lib/armv6k/fpu/libg.a(lib_a-locale.o)
                0x000000000011a488                __locale_msgcharset
 .text.__locale_cjk_lang
                0x000000000011a494       0x10 /opt/devkitpro/devkitARM/lib/gcc/arm-none-eabi/4.9.2/../../../../arm-none-eabi/lib/armv6k/fpu/libg.a(lib_a-locale.o)
                0x000000000011a494                __locale_cjk_lang
 .text._localeconv_r
                0x000000000011a4a4        0xc /opt/devkitpro/devkitARM/lib/gcc/arm-none-eabi/4.9.2/../../../../arm-none-eabi/lib/armv6k/fpu/libg.a(lib_a-locale.o)
                0x000000000011a4a4                _localeconv_r
 .text.setlocale
                0x000000000011a4b0       0x20 /opt/devkitpro/devkitARM/lib/gcc/arm-none-eabi/4.9.2/../../../../arm-none-eabi/lib/armv6k/fpu/libg.a(lib_a-locale.o)
                0x000000000011a4b0                setlocale
 .text.localeconv
                0x000000000011a4d0       0x14 /opt/devkitpro/devkitARM/lib/gcc/arm-none-eabi/4.9.2/../../../../arm-none-eabi/lib/armv6k/fpu/libg.a(lib_a-locale.o)
                0x000000000011a4d0                localeconv
 .text.__smakebuf_r
                0x000000000011a4e4      0x160 /opt/devkitpro/devkitARM/lib/gcc/arm-none-eabi/4.9.2/../../../../arm-none-eabi/lib/armv6k/fpu/libg.a(lib_a-makebuf.o)
                0x000000000011a4e4                __smakebuf_r
 .text._mbrtowc_r
                0x000000000011a644       0x98 /opt/devkitpro/devkitARM/lib/gcc/arm-none-eabi/4.9.2/../../../../arm-none-eabi/lib/armv6k/fpu/libg.a(lib_a-mbrtowc.o)
                0x000000000011a644                _mbrtowc_r
 .text.mbrtowc  0x000000000011a6dc       0x9c /opt/devkitpro/devkitARM/lib/gcc/arm-none-eabi/4.9.2/../../../../arm-none-eabi/lib/armv6k/fpu/libg.a(lib_a-mbrtowc.o)
                0x000000000011a6dc                mbrtowc
 .text.__utf8_mbtowc
                0x000000000011a778      0x2fc /opt/devkitpro/devkitARM/lib/gcc/arm-none-eabi/4.9.2/../../../../arm-none-eabi/lib/armv6k/fpu/libg.a(lib_a-mbtowc_r.o)
                0x000000000011a778                __utf8_mbtowc
 .text._mbtowc_r
                0x000000000011aa74       0x4c /opt/devkitpro/devkitARM/lib/gcc/arm-none-eabi/4.9.2/../../../../arm-none-eabi/lib/armv6k/fpu/libg.a(lib_a-mbtowc_r.o)
                0x000000000011aa74                _mbtowc_r
 .text.__ascii_mbtowc
                0x000000000011aac0       0x4c /opt/devkitpro/devkitARM/lib/gcc/arm-none-eabi/4.9.2/../../../../arm-none-eabi/lib/armv6k/fpu/libg.a(lib_a-mbtowc_r.o)
                0x000000000011aac0                __ascii_mbtowc
 .text.__sjis_mbtowc
                0x000000000011ab0c       0xd4 /opt/devkitpro/devkitARM/lib/gcc/arm-none-eabi/4.9.2/../../../../arm-none-eabi/lib/armv6k/fpu/libg.a(lib_a-mbtowc_r.o)
                0x000000000011ab0c                __sjis_mbtowc
 .text.__eucjp_mbtowc
                0x000000000011abe0      0x140 /opt/devkitpro/devkitARM/lib/gcc/arm-none-eabi/4.9.2/../../../../arm-none-eabi/lib/armv6k/fpu/libg.a(lib_a-mbtowc_r.o)
                0x000000000011abe0                __eucjp_mbtowc
 .text.__jis_mbtowc
                0x000000000011ad20      0x1a8 /opt/devkitpro/devkitARM/lib/gcc/arm-none-eabi/4.9.2/../../../../arm-none-eabi/lib/armv6k/fpu/libg.a(lib_a-mbtowc_r.o)
                0x000000000011ad20                __jis_mbtowc
 .text.memchr   0x000000000011aec8      0x120 /opt/devkitpro/devkitARM/lib/gcc/arm-none-eabi/4.9.2/../../../../arm-none-eabi/lib/armv6k/fpu/libg.a(lib_a-memchr.o)
                0x000000000011aec8                memchr
 .text.memmove  0x000000000011afe8      0x12c /opt/devkitpro/devkitARM/lib/gcc/arm-none-eabi/4.9.2/../../../../arm-none-eabi/lib/armv6k/fpu/libg.a(lib_a-memmove.o)
                0x000000000011afe8                memmove
 .text._Balloc  0x000000000011b114       0x8c /opt/devkitpro/devkitARM/lib/gcc/arm-none-eabi/4.9.2/../../../../arm-none-eabi/lib/armv6k/fpu/libg.a(lib_a-mprec.o)
                0x000000000011b114                _Balloc
 .text._Bfree   0x000000000011b1a0       0x1c /opt/devkitpro/devkitARM/lib/gcc/arm-none-eabi/4.9.2/../../../../arm-none-eabi/lib/armv6k/fpu/libg.a(lib_a-mprec.o)
                0x000000000011b1a0                _Bfree
 .text.__multadd
                0x000000000011b1bc       0xd0 /opt/devkitpro/devkitARM/lib/gcc/arm-none-eabi/4.9.2/../../../../arm-none-eabi/lib/armv6k/fpu/libg.a(lib_a-mprec.o)
                0x000000000011b1bc                __multadd
 .text.__s2b    0x000000000011b28c       0xe4 /opt/devkitpro/devkitARM/lib/gcc/arm-none-eabi/4.9.2/../../../../arm-none-eabi/lib/armv6k/fpu/libg.a(lib_a-mprec.o)
                0x000000000011b28c                __s2b
 .text.__hi0bits
                0x000000000011b370       0x5c /opt/devkitpro/devkitARM/lib/gcc/arm-none-eabi/4.9.2/../../../../arm-none-eabi/lib/armv6k/fpu/libg.a(lib_a-mprec.o)
                0x000000000011b370                __hi0bits
 .text.__lo0bits
                0x000000000011b3cc       0x98 /opt/devkitpro/devkitARM/lib/gcc/arm-none-eabi/4.9.2/../../../../arm-none-eabi/lib/armv6k/fpu/libg.a(lib_a-mprec.o)
                0x000000000011b3cc                __lo0bits
 .text.__i2b    0x000000000011b464       0x20 /opt/devkitpro/devkitARM/lib/gcc/arm-none-eabi/4.9.2/../../../../arm-none-eabi/lib/armv6k/fpu/libg.a(lib_a-mprec.o)
                0x000000000011b464                __i2b
 .text.__multiply
                0x000000000011b484      0x1dc /opt/devkitpro/devkitARM/lib/gcc/arm-none-eabi/4.9.2/../../../../arm-none-eabi/lib/armv6k/fpu/libg.a(lib_a-mprec.o)
                0x000000000011b484                __multiply
 .text.__pow5mult
                0x000000000011b660      0x100 /opt/devkitpro/devkitARM/lib/gcc/arm-none-eabi/4.9.2/../../../../arm-none-eabi/lib/armv6k/fpu/libg.a(lib_a-mprec.o)
                0x000000000011b660                __pow5mult
 .text.__lshift
                0x000000000011b760       0xf4 /opt/devkitpro/devkitARM/lib/gcc/arm-none-eabi/4.9.2/../../../../arm-none-eabi/lib/armv6k/fpu/libg.a(lib_a-mprec.o)
                0x000000000011b760                __lshift
 .text.__mcmp   0x000000000011b854       0x64 /opt/devkitpro/devkitARM/lib/gcc/arm-none-eabi/4.9.2/../../../../arm-none-eabi/lib/armv6k/fpu/libg.a(lib_a-mprec.o)
                0x000000000011b854                __mcmp
 .text.__mdiff  0x000000000011b8b8      0x13c /opt/devkitpro/devkitARM/lib/gcc/arm-none-eabi/4.9.2/../../../../arm-none-eabi/lib/armv6k/fpu/libg.a(lib_a-mprec.o)
                0x000000000011b8b8                __mdiff
 .text.__ulp    0x000000000011b9f4       0x74 /opt/devkitpro/devkitARM/lib/gcc/arm-none-eabi/4.9.2/../../../../arm-none-eabi/lib/armv6k/fpu/libg.a(lib_a-mprec.o)
                0x000000000011b9f4                __ulp
 .text.__b2d    0x000000000011ba68       0xe4 /opt/devkitpro/devkitARM/lib/gcc/arm-none-eabi/4.9.2/../../../../arm-none-eabi/lib/armv6k/fpu/libg.a(lib_a-mprec.o)
                0x000000000011ba68                __b2d
 .text.__d2b    0x000000000011bb4c      0x104 /opt/devkitpro/devkitARM/lib/gcc/arm-none-eabi/4.9.2/../../../../arm-none-eabi/lib/armv6k/fpu/libg.a(lib_a-mprec.o)
                0x000000000011bb4c                __d2b
 .text.__ratio  0x000000000011bc50       0x7c /opt/devkitpro/devkitARM/lib/gcc/arm-none-eabi/4.9.2/../../../../arm-none-eabi/lib/armv6k/fpu/libg.a(lib_a-mprec.o)
                0x000000000011bc50                __ratio
 *fill*         0x000000000011bccc        0x4 
 .text._mprec_log10
                0x000000000011bcd0       0x48 /opt/devkitpro/devkitARM/lib/gcc/arm-none-eabi/4.9.2/../../../../arm-none-eabi/lib/armv6k/fpu/libg.a(lib_a-mprec.o)
                0x000000000011bcd0                _mprec_log10
 .text.__copybits
                0x000000000011bd18       0x6c /opt/devkitpro/devkitARM/lib/gcc/arm-none-eabi/4.9.2/../../../../arm-none-eabi/lib/armv6k/fpu/libg.a(lib_a-mprec.o)
                0x000000000011bd18                __copybits
 .text.__any_on
                0x000000000011bd84       0x80 /opt/devkitpro/devkitARM/lib/gcc/arm-none-eabi/4.9.2/../../../../arm-none-eabi/lib/armv6k/fpu/libg.a(lib_a-mprec.o)
                0x000000000011bd84                __any_on
 .text._realloc_r
                0x000000000011be04      0x564 /opt/devkitpro/devkitARM/lib/gcc/arm-none-eabi/4.9.2/../../../../arm-none-eabi/lib/armv6k/fpu/libg.a(lib_a-reallocr.o)
                0x000000000011be04                _realloc_r
 .text.__sccl   0x000000000011c368       0xd8 /opt/devkitpro/devkitARM/lib/gcc/arm-none-eabi/4.9.2/../../../../arm-none-eabi/lib/armv6k/fpu/libg.a(lib_a-sccl.o)
                0x000000000011c368                __sccl
 .text.nanf     0x000000000011c440        0xc /opt/devkitpro/devkitARM/lib/gcc/arm-none-eabi/4.9.2/../../../../arm-none-eabi/lib/armv6k/fpu/libg.a(lib_a-sf_nan.o)
                0x000000000011c440                nanf
 .text.__fpclassifyd
                0x000000000011c44c       0x74 /opt/devkitpro/devkitARM/lib/gcc/arm-none-eabi/4.9.2/../../../../arm-none-eabi/lib/armv6k/fpu/libg.a(lib_a-s_fpclassify.o)
                0x000000000011c44c                __fpclassifyd
 .text.frexp    0x000000000011c4c0       0x98 /opt/devkitpro/devkitARM/lib/gcc/arm-none-eabi/4.9.2/../../../../arm-none-eabi/lib/armv6k/fpu/libg.a(lib_a-s_frexp.o)
                0x000000000011c4c0                frexp
 .text._sprintf_r
                0x000000000011c558       0x68 /opt/devkitpro/devkitARM/lib/gcc/arm-none-eabi/4.9.2/../../../../arm-none-eabi/lib/armv6k/fpu/libg.a(lib_a-sprintf.o)
                0x000000000011c558                _sprintf_r
 .text.sprintf  0x000000000011c5c0       0x68 /opt/devkitpro/devkitARM/lib/gcc/arm-none-eabi/4.9.2/../../../../arm-none-eabi/lib/armv6k/fpu/libg.a(lib_a-sprintf.o)
                0x000000000011c5c0                sprintf
 .text.stpncpy  0x000000000011c628      0x108 /opt/devkitpro/devkitARM/lib/gcc/arm-none-eabi/4.9.2/../../../../arm-none-eabi/lib/armv6k/fpu/libg.a(lib_a-stpncpy.o)
                0x000000000011c628                stpncpy
 .text.strcasecmp
                0x000000000011c730       0x68 /opt/devkitpro/devkitARM/lib/gcc/arm-none-eabi/4.9.2/../../../../arm-none-eabi/lib/armv6k/fpu/libg.a(lib_a-strcasecmp.o)
                0x000000000011c730                strcasecmp
 .text.strcat   0x000000000011c798       0x80 /opt/devkitpro/devkitARM/lib/gcc/arm-none-eabi/4.9.2/../../../../arm-none-eabi/lib/armv6k/fpu/libg.a(lib_a-strcat.o)
                0x000000000011c798                strcat
 .text.strlcpy  0x000000000011c818       0x48 /opt/devkitpro/devkitARM/lib/gcc/arm-none-eabi/4.9.2/../../../../arm-none-eabi/lib/armv6k/fpu/libg.a(lib_a-strlcpy.o)
                0x000000000011c818                strlcpy
 .text.strncasecmp
                0x000000000011c860       0x8c /opt/devkitpro/devkitARM/lib/gcc/arm-none-eabi/4.9.2/../../../../arm-none-eabi/lib/armv6k/fpu/libg.a(lib_a-strncasecmp.o)
                0x000000000011c860                strncasecmp
 .text.strncmp  0x000000000011c8ec      0x110 /opt/devkitpro/devkitARM/lib/gcc/arm-none-eabi/4.9.2/../../../../arm-none-eabi/lib/armv6k/fpu/libg.a(lib_a-strncmp.o)
                0x000000000011c8ec                strncmp
 .text.unlikely.sulp
                0x000000000011c9fc       0x58 /opt/devkitpro/devkitARM/lib/gcc/arm-none-eabi/4.9.2/../../../../arm-none-eabi/lib/armv6k/fpu/libg.a(lib_a-strtod.o)
 *fill*         0x000000000011ca54        0x4 
 .text._strtod_r
                0x000000000011ca58     0x13e8 /opt/devkitpro/devkitARM/lib/gcc/arm-none-eabi/4.9.2/../../../../arm-none-eabi/lib/armv6k/fpu/libg.a(lib_a-strtod.o)
                0x000000000011ca58                _strtod_r
 .text.strtod   0x000000000011de40       0x20 /opt/devkitpro/devkitARM/lib/gcc/arm-none-eabi/4.9.2/../../../../arm-none-eabi/lib/armv6k/fpu/libg.a(lib_a-strtod.o)
                0x000000000011de40                strtod
 .text.strtof   0x000000000011de60       0x48 /opt/devkitpro/devkitARM/lib/gcc/arm-none-eabi/4.9.2/../../../../arm-none-eabi/lib/armv6k/fpu/libg.a(lib_a-strtod.o)
                0x000000000011de60                strtof
 .text._strtoll_r
                0x000000000011dea8      0x2a0 /opt/devkitpro/devkitARM/lib/gcc/arm-none-eabi/4.9.2/../../../../arm-none-eabi/lib/armv6k/fpu/libg.a(lib_a-strtoll_r.o)
                0x000000000011dea8                _strtoll_r
 .text._strtol_r
                0x000000000011e148      0x1dc /opt/devkitpro/devkitARM/lib/gcc/arm-none-eabi/4.9.2/../../../../arm-none-eabi/lib/armv6k/fpu/libg.a(lib_a-strtol.o)
                0x000000000011e148                _strtol_r
 .text.strtol   0x000000000011e324       0x28 /opt/devkitpro/devkitARM/lib/gcc/arm-none-eabi/4.9.2/../../../../arm-none-eabi/lib/armv6k/fpu/libg.a(lib_a-strtol.o)
                0x000000000011e324                strtol
 .text._strtoull_r
                0x000000000011e34c      0x260 /opt/devkitpro/devkitARM/lib/gcc/arm-none-eabi/4.9.2/../../../../arm-none-eabi/lib/armv6k/fpu/libg.a(lib_a-strtoull_r.o)
                0x000000000011e34c                _strtoull_r
 .text._strtoul_r
                0x000000000011e5ac      0x1cc /opt/devkitpro/devkitARM/lib/gcc/arm-none-eabi/4.9.2/../../../../arm-none-eabi/lib/armv6k/fpu/libg.a(lib_a-strtoul.o)
                0x000000000011e5ac                _strtoul_r
 .text.strtoul  0x000000000011e778       0x28 /opt/devkitpro/devkitARM/lib/gcc/arm-none-eabi/4.9.2/../../../../arm-none-eabi/lib/armv6k/fpu/libg.a(lib_a-strtoul.o)
                0x000000000011e778                strtoul
 .text.get_arg  0x000000000011e7a0      0x860 /opt/devkitpro/devkitARM/lib/gcc/arm-none-eabi/4.9.2/../../../../arm-none-eabi/lib/armv6k/fpu/libg.a(lib_a-svfiprintf.o)
 .text.__ssprint_r
                0x000000000011f000      0x1a8 /opt/devkitpro/devkitARM/lib/gcc/arm-none-eabi/4.9.2/../../../../arm-none-eabi/lib/armv6k/fpu/libg.a(lib_a-svfiprintf.o)
                0x000000000011f000                __ssprint_r
 .text._svfiprintf_r
                0x000000000011f1a8     0x2fdc /opt/devkitpro/devkitARM/lib/gcc/arm-none-eabi/4.9.2/../../../../arm-none-eabi/lib/armv6k/fpu/libg.a(lib_a-svfiprintf.o)
                0x000000000011f1a8                _svfiprintf_r
 .text._sungetc_r
                0x0000000000122184       0xf0 /opt/devkitpro/devkitARM/lib/gcc/arm-none-eabi/4.9.2/../../../../arm-none-eabi/lib/armv6k/fpu/libg.a(lib_a-svfiscanf.o)
                0x0000000000122184                _sungetc_r
 .text.__ssrefill_r
                0x0000000000122274       0x6c /opt/devkitpro/devkitARM/lib/gcc/arm-none-eabi/4.9.2/../../../../arm-none-eabi/lib/armv6k/fpu/libg.a(lib_a-svfiscanf.o)
                0x0000000000122274                __ssrefill_r
 .text._sfread_r
                0x00000000001222e0       0xc0 /opt/devkitpro/devkitARM/lib/gcc/arm-none-eabi/4.9.2/../../../../arm-none-eabi/lib/armv6k/fpu/libg.a(lib_a-svfiscanf.o)
                0x00000000001222e0                _sfread_r
 .text.__ssvfiscanf_r
                0x00000000001223a0     0x213c /opt/devkitpro/devkitARM/lib/gcc/arm-none-eabi/4.9.2/../../../../arm-none-eabi/lib/armv6k/fpu/libg.a(lib_a-svfiscanf.o)
                0x00000000001223a0                __ssvfiscanf_r
 .text.get_arg  0x00000000001244dc      0x860 /opt/devkitpro/devkitARM/lib/gcc/arm-none-eabi/4.9.2/../../../../arm-none-eabi/lib/armv6k/fpu/libg.a(lib_a-svfprintf.o)
 *fill*         0x0000000000124d3c        0x4 
 .text._svfprintf_r
                0x0000000000124d40     0x4320 /opt/devkitpro/devkitARM/lib/gcc/arm-none-eabi/4.9.2/../../../../arm-none-eabi/lib/armv6k/fpu/libg.a(lib_a-svfprintf.o)
                0x0000000000124d40                _svfprintf_r
 .text.__submore
                0x0000000000129060       0xa8 /opt/devkitpro/devkitARM/lib/gcc/arm-none-eabi/4.9.2/../../../../arm-none-eabi/lib/armv6k/fpu/libg.a(lib_a-ungetc.o)
                0x0000000000129060                __submore
 .text._ungetc_r
                0x0000000000129108      0x238 /opt/devkitpro/devkitARM/lib/gcc/arm-none-eabi/4.9.2/../../../../arm-none-eabi/lib/armv6k/fpu/libg.a(lib_a-ungetc.o)
                0x0000000000129108                _ungetc_r
 .text.ungetc   0x0000000000129340       0x20 /opt/devkitpro/devkitARM/lib/gcc/arm-none-eabi/4.9.2/../../../../arm-none-eabi/lib/armv6k/fpu/libg.a(lib_a-ungetc.o)
                0x0000000000129340                ungetc
 .text.__swbuf_r
                0x0000000000129360      0x124 /opt/devkitpro/devkitARM/lib/gcc/arm-none-eabi/4.9.2/../../../../arm-none-eabi/lib/armv6k/fpu/libg.a(lib_a-wbuf.o)
                0x0000000000129360                __swbuf_r
 .text.__swbuf  0x0000000000129484       0x20 /opt/devkitpro/devkitARM/lib/gcc/arm-none-eabi/4.9.2/../../../../arm-none-eabi/lib/armv6k/fpu/libg.a(lib_a-wbuf.o)
                0x0000000000129484                __swbuf
 .text._wcsnrtombs_r
                0x00000000001294a4      0x184 /opt/devkitpro/devkitARM/lib/gcc/arm-none-eabi/4.9.2/../../../../arm-none-eabi/lib/armv6k/fpu/libg.a(lib_a-wcsnrtombs.o)
                0x00000000001294a4                _wcsnrtombs_r
 .text.wcsnrtombs
                0x0000000000129628       0x40 /opt/devkitpro/devkitARM/lib/gcc/arm-none-eabi/4.9.2/../../../../arm-none-eabi/lib/armv6k/fpu/libg.a(lib_a-wcsnrtombs.o)
                0x0000000000129628                wcsnrtombs
 .text._calloc_r
                0x0000000000129668       0x94 /opt/devkitpro/devkitARM/lib/gcc/arm-none-eabi/4.9.2/../../../../arm-none-eabi/lib/armv6k/fpu/libg.a(lib_a-callocr.o)
                0x0000000000129668                _calloc_r
 .text._fclose_r
                0x00000000001296fc      0x118 /opt/devkitpro/devkitARM/lib/gcc/arm-none-eabi/4.9.2/../../../../arm-none-eabi/lib/armv6k/fpu/libg.a(lib_a-fclose.o)
                0x00000000001296fc                _fclose_r
 .text.fclose   0x0000000000129814       0x18 /opt/devkitpro/devkitARM/lib/gcc/arm-none-eabi/4.9.2/../../../../arm-none-eabi/lib/armv6k/fpu/libg.a(lib_a-fclose.o)
                0x0000000000129814                fclose
 .text.rshift   0x000000000012982c       0xec /opt/devkitpro/devkitARM/lib/gcc/arm-none-eabi/4.9.2/../../../../arm-none-eabi/lib/armv6k/fpu/libg.a(lib_a-gdtoa-gethex.o)
 .text.__gethex
                0x0000000000129918      0x7e8 /opt/devkitpro/devkitARM/lib/gcc/arm-none-eabi/4.9.2/../../../../arm-none-eabi/lib/armv6k/fpu/libg.a(lib_a-gdtoa-gethex.o)
                0x0000000000129918                __gethex
 .text.__hexnan
                0x000000000012a100      0x260 /opt/devkitpro/devkitARM/lib/gcc/arm-none-eabi/4.9.2/../../../../arm-none-eabi/lib/armv6k/fpu/libg.a(lib_a-gdtoa-hexnan.o)
                0x000000000012a100                __hexnan
 .text._findenv_r
                0x000000000012a360       0xc8 /opt/devkitpro/devkitARM/lib/gcc/arm-none-eabi/4.9.2/../../../../arm-none-eabi/lib/armv6k/fpu/libg.a(lib_a-getenv_r.o)
                0x000000000012a360                _findenv_r
 .text._getenv_r
                0x000000000012a428       0x18 /opt/devkitpro/devkitARM/lib/gcc/arm-none-eabi/4.9.2/../../../../arm-none-eabi/lib/armv6k/fpu/libg.a(lib_a-getenv_r.o)
                0x000000000012a428                _getenv_r
 .text.__env_lock
                0x000000000012a440        0x4 /opt/devkitpro/devkitARM/lib/gcc/arm-none-eabi/4.9.2/../../../../arm-none-eabi/lib/armv6k/fpu/libg.a(lib_a-envlock.o)
                0x000000000012a440                __env_lock
 .text.__env_unlock
                0x000000000012a444        0x4 /opt/devkitpro/devkitARM/lib/gcc/arm-none-eabi/4.9.2/../../../../arm-none-eabi/lib/armv6k/fpu/libg.a(lib_a-envlock.o)
                0x000000000012a444                __env_unlock
 .text.__errno  0x000000000012a448        0xc /opt/devkitpro/devkitARM/lib/gcc/arm-none-eabi/4.9.2/../../../../arm-none-eabi/lib/armv6k/fpu/libg.a(lib_a-errno.o)
                0x000000000012a448                __errno
 .text.strnlen  0x000000000012a454       0x5c /opt/devkitpro/devkitARM/lib/gcc/arm-none-eabi/4.9.2/../../../../arm-none-eabi/lib/armv6k/fpu/libg.a(lib_a-strnlen.o)
                0x000000000012a454                strnlen
 .text.strrchr  0x000000000012a4b0       0x44 /opt/devkitpro/devkitARM/lib/gcc/arm-none-eabi/4.9.2/../../../../arm-none-eabi/lib/armv6k/fpu/libg.a(lib_a-strrchr.o)
                0x000000000012a4b0                strrchr
 *(.glue_7)
 .glue_7        0x000000000012a4f4        0x0 linker stubs
 *(.glue_7t)
 .glue_7t       0x000000000012a4f4        0x0 linker stubs
 *(.stub)
 *(.gnu.warning)
 *(.gnu.linkonce.t*)
                0x000000000012a4f4                . = ALIGN (0x4)
 *(.fini)
 .fini          0x000000000012a4f4        0xc /opt/devkitpro/devkitARM/lib/gcc/arm-none-eabi/4.9.2/armv6k/fpu/crti.o
                0x000000000012a4f4                _fini
 .fini          0x000000000012a500        0xc /opt/devkitpro/devkitARM/lib/gcc/arm-none-eabi/4.9.2/armv6k/fpu/crtn.o
                0x000000000012a50c                . = ALIGN (0x4)

.vfp11_veneer   0x000000000012a50c        0x0
 .vfp11_veneer  0x000000000012a50c        0x0 linker stubs

.v4_bx          0x000000000012a50c        0x0
 .v4_bx         0x000000000012a50c        0x0 linker stubs

.iplt           0x000000000012a50c        0x0
 .iplt          0x000000000012a50c        0x0 /opt/devkitpro/devkitARM/lib/gcc/arm-none-eabi/4.9.2/../../../../arm-none-eabi/lib/armv6k/fpu/3dsx_crt0.o

.rodata         0x000000000012b000     0x4b48
 *(.rodata)
 .rodata        0x000000000012b000       0x2c /opt/devkitpro/libctru/lib/libctru.a(os.o)
 .rodata        0x000000000012b02c      0x168 /opt/devkitpro/libctru/lib/libctru.a(console.o)
 .rodata        0x000000000012b194       0x14 /opt/devkitpro/libctru/lib/libctru.a(gfx.o)
 .rodata        0x000000000012b1a8        0xc /opt/devkitpro/libctru/lib/libctru.a(apt.o)
 .rodata        0x000000000012b1b4      0x804 /opt/devkitpro/libctru/lib/libctru.a(default_font.bin.o)
                0x000000000012b1b4                default_font_bin
                0x000000000012b9b4                default_font_bin_end
                0x000000000012b9b4                default_font_bin_size
 .rodata        0x000000000012b9b8       0x30 /opt/devkitpro/libctru/lib/libctru.a(sdmc_dev.o)
 .rodata        0x000000000012b9e8       0x68 /opt/devkitpro/devkitARM/lib/gcc/arm-none-eabi/4.9.2/../../../../arm-none-eabi/lib/armv6k/fpu/libsysbase.a(iosupport.o)
                0x000000000012b9e8                dotab_stdnull
 .rodata        0x000000000012ba50        0xc /opt/devkitpro/devkitARM/lib/gcc/arm-none-eabi/4.9.2/../../../../arm-none-eabi/lib/armv6k/fpu/libsysbase.a(chdir.o)
                0x000000000012ba50                DIRECTORY_PARENT
                0x000000000012ba54                DIRECTORY_THIS
                0x000000000012ba58                DIRECTORY_SEPARATOR
 *(.roda)
 *(.rodata.*)
 .rodata.str1.4
                0x000000000012ba5c      0x21f main.o
                                        0x224 (size before relaxing)
 *fill*         0x000000000012bc7b        0x1 
 .rodata.str1.4
                0x000000000012bc7c       0xc4 /opt/devkitpro/libctru/lib/libctru.a(os.o)
 .rodata.str1.4
                0x000000000012bd40       0x70 /opt/devkitpro/libctru/lib/libctru.a(console.o)
 .rodata.str1.4
                0x000000000012bdb0        0x9 /opt/devkitpro/libctru/lib/libctru.a(gsp.o)
                                          0xc (size before relaxing)
 *fill*         0x000000000012bdb9        0x3 
 .rodata.str1.4
                0x000000000012bdbc       0x15 /opt/devkitpro/libctru/lib/libctru.a(hid.o)
                                         0x18 (size before relaxing)
 *fill*         0x000000000012bdd1        0x3 
 .rodata.str1.4
                0x000000000012bdd4       0x16 /opt/devkitpro/libctru/lib/libctru.a(apt.o)
                                         0x18 (size before relaxing)
 *fill*         0x000000000012bdea        0x2 
 .rodata.str1.4
                0x000000000012bdec        0xf /opt/devkitpro/libctru/lib/libctru.a(srv.o)
                                         0x10 (size before relaxing)
 *fill*         0x000000000012bdfb        0x1 
 .rodata.str1.4
                0x000000000012bdfc        0x7 /opt/devkitpro/libctru/lib/libctru.a(irrst.o)
                                          0x8 (size before relaxing)
 *fill*         0x000000000012be03        0x1 
 .rodata.str1.4
                0x000000000012be04        0x5 /opt/devkitpro/libctru/lib/libctru.a(sdmc_dev.o)
                                          0xc (size before relaxing)
 *fill*         0x000000000012be09        0x3 
 .rodata.str1.4
                0x000000000012be0c        0x8 /opt/devkitpro/libctru/lib/libctru.a(fs.o)
 .rodata.str1.4
                0x000000000012be14        0x5 /opt/devkitpro/devkitARM/lib/gcc/arm-none-eabi/4.9.2/../../../../arm-none-eabi/lib/armv6k/fpu/libg.a(lib_a-svfscanf.o)
                                          0x8 (size before relaxing)
 *fill*         0x000000000012be19        0x3 
 .rodata.basefix.6958
                0x000000000012be1c       0x24 /opt/devkitpro/devkitARM/lib/gcc/arm-none-eabi/4.9.2/../../../../arm-none-eabi/lib/armv6k/fpu/libg.a(lib_a-svfscanf.o)
 .rodata.zeroes.7030
                0x000000000012be40       0x10 /opt/devkitpro/devkitARM/lib/gcc/arm-none-eabi/4.9.2/../../../../arm-none-eabi/lib/armv6k/fpu/libg.a(lib_a-vfiprintf.o)
 .rodata.str1.4
                0x000000000012be50       0x2f /opt/devkitpro/devkitARM/lib/gcc/arm-none-eabi/4.9.2/../../../../arm-none-eabi/lib/armv6k/fpu/libg.a(lib_a-vfiprintf.o)
                                         0x30 (size before relaxing)
 *fill*         0x000000000012be7f        0x1 
 .rodata.blanks.7029
                0x000000000012be80       0x10 /opt/devkitpro/devkitARM/lib/gcc/arm-none-eabi/4.9.2/../../../../arm-none-eabi/lib/armv6k/fpu/libg.a(lib_a-vfiprintf.o)
 .rodata.zeroes.7052
                0x000000000012be90       0x10 /opt/devkitpro/devkitARM/lib/gcc/arm-none-eabi/4.9.2/../../../../arm-none-eabi/lib/armv6k/fpu/libg.a(lib_a-vfprintf.o)
 .rodata.str1.4
                0x000000000012bea0       0x10 /opt/devkitpro/devkitARM/lib/gcc/arm-none-eabi/4.9.2/../../../../arm-none-eabi/lib/armv6k/fpu/libg.a(lib_a-vfprintf.o)
                                         0x44 (size before relaxing)
 .rodata.blanks.7051
                0x000000000012beb0       0x10 /opt/devkitpro/devkitARM/lib/gcc/arm-none-eabi/4.9.2/../../../../arm-none-eabi/lib/armv6k/fpu/libg.a(lib_a-vfprintf.o)
 .rodata._ctype_
                0x000000000012bec0      0x104 /opt/devkitpro/devkitARM/lib/gcc/arm-none-eabi/4.9.2/../../../../arm-none-eabi/lib/armv6k/fpu/libg.a(lib_a-ctype_.o)
                0x000000000012bec0                _ctype_
 .rodata.str1.4
                0x000000000012bfc4       0x10 /opt/devkitpro/devkitARM/lib/gcc/arm-none-eabi/4.9.2/../../../../arm-none-eabi/lib/armv6k/fpu/libg.a(lib_a-dtoa.o)
                                         0x14 (size before relaxing)
 .rodata.str1.4
                0x000000000012bfd4        0x2 /opt/devkitpro/devkitARM/lib/gcc/arm-none-eabi/4.9.2/../../../../arm-none-eabi/lib/armv6k/fpu/libg.a(lib_a-impure.o)
                                          0x4 (size before relaxing)
 *fill*         0x000000000012bfd6        0x2 
 .rodata._global_impure_ptr
                0x000000000012bfd8        0x4 /opt/devkitpro/devkitARM/lib/gcc/arm-none-eabi/4.9.2/../../../../arm-none-eabi/lib/armv6k/fpu/libg.a(lib_a-impure.o)
                0x000000000012bfd8                _global_impure_ptr
 .rodata.a1     0x000000000012bfdc       0xbc /opt/devkitpro/devkitARM/lib/gcc/arm-none-eabi/4.9.2/../../../../arm-none-eabi/lib/armv6k/fpu/libg.a(lib_a-jp2uc.o)
 .rodata.a2     0x000000000012c098       0xbc /opt/devkitpro/devkitARM/lib/gcc/arm-none-eabi/4.9.2/../../../../arm-none-eabi/lib/armv6k/fpu/libg.a(lib_a-jp2uc.o)
 .rodata.a3     0x000000000012c154       0x5c /opt/devkitpro/devkitARM/lib/gcc/arm-none-eabi/4.9.2/../../../../arm-none-eabi/lib/armv6k/fpu/libg.a(lib_a-jp2uc.o)
 .rodata.a6     0x000000000012c1b0       0x70 /opt/devkitpro/devkitARM/lib/gcc/arm-none-eabi/4.9.2/../../../../arm-none-eabi/lib/armv6k/fpu/libg.a(lib_a-jp2uc.o)
 .rodata.a7     0x000000000012c220       0xa4 /opt/devkitpro/devkitARM/lib/gcc/arm-none-eabi/4.9.2/../../../../arm-none-eabi/lib/armv6k/fpu/libg.a(lib_a-jp2uc.o)
 .rodata.a8     0x000000000012c2c4       0x40 /opt/devkitpro/devkitARM/lib/gcc/arm-none-eabi/4.9.2/../../../../arm-none-eabi/lib/armv6k/fpu/libg.a(lib_a-jp2uc.o)
 .rodata.str1.4
                0x000000000012c304       0x12 /opt/devkitpro/devkitARM/lib/gcc/arm-none-eabi/4.9.2/../../../../arm-none-eabi/lib/armv6k/fpu/libg.a(lib_a-jp2uc.o)
                                         0x14 (size before relaxing)
 *fill*         0x000000000012c316        0x2 
 .rodata.b02cf  0x000000000012c318     0x172c /opt/devkitpro/devkitARM/lib/gcc/arm-none-eabi/4.9.2/../../../../arm-none-eabi/lib/armv6k/fpu/libg.a(lib_a-jp2uc.o)
 .rodata.d02f4  0x000000000012da44     0x1a7c /opt/devkitpro/devkitARM/lib/gcc/arm-none-eabi/4.9.2/../../../../arm-none-eabi/lib/armv6k/fpu/libg.a(lib_a-jp2uc.o)
 .rodata.str1.4
                0x000000000012f4c0      0x110 /opt/devkitpro/devkitARM/lib/gcc/arm-none-eabi/4.9.2/../../../../arm-none-eabi/lib/armv6k/fpu/libg.a(lib_a-locale.o)
                                        0x130 (size before relaxing)
 .rodata.categories
                0x000000000012f5d0       0x1c /opt/devkitpro/devkitARM/lib/gcc/arm-none-eabi/4.9.2/../../../../arm-none-eabi/lib/armv6k/fpu/libg.a(lib_a-locale.o)
 .rodata.str1.4
                0x000000000012f5ec        0x4 /opt/devkitpro/devkitARM/lib/gcc/arm-none-eabi/4.9.2/../../../../arm-none-eabi/lib/armv6k/fpu/libg.a(lib_a-mbrtowc.o)
 .rodata.JIS_state_table
                0x000000000012f5ec       0x48 /opt/devkitpro/devkitARM/lib/gcc/arm-none-eabi/4.9.2/../../../../arm-none-eabi/lib/armv6k/fpu/libg.a(lib_a-mbtowc_r.o)
 .rodata.JIS_action_table
                0x000000000012f634       0x48 /opt/devkitpro/devkitARM/lib/gcc/arm-none-eabi/4.9.2/../../../../arm-none-eabi/lib/armv6k/fpu/libg.a(lib_a-mbtowc_r.o)
 .rodata.p05.5298
                0x000000000012f67c        0xc /opt/devkitpro/devkitARM/lib/gcc/arm-none-eabi/4.9.2/../../../../arm-none-eabi/lib/armv6k/fpu/libg.a(lib_a-mprec.o)
 .rodata.__mprec_tens
                0x000000000012f688       0xc8 /opt/devkitpro/devkitARM/lib/gcc/arm-none-eabi/4.9.2/../../../../arm-none-eabi/lib/armv6k/fpu/libg.a(lib_a-mprec.o)
                0x000000000012f688                __mprec_tens
 .rodata.__mprec_bigtens
                0x000000000012f750       0x28 /opt/devkitpro/devkitARM/lib/gcc/arm-none-eabi/4.9.2/../../../../arm-none-eabi/lib/armv6k/fpu/libg.a(lib_a-mprec.o)
                0x000000000012f750                __mprec_bigtens
 .rodata.__mprec_tinytens
                0x000000000012f778       0x28 /opt/devkitpro/devkitARM/lib/gcc/arm-none-eabi/4.9.2/../../../../arm-none-eabi/lib/armv6k/fpu/libg.a(lib_a-mprec.o)
                0x000000000012f778                __mprec_tinytens
 .rodata.fpinan.5303
                0x000000000012f7a0       0x14 /opt/devkitpro/devkitARM/lib/gcc/arm-none-eabi/4.9.2/../../../../arm-none-eabi/lib/armv6k/fpu/libg.a(lib_a-strtod.o)
 .rodata.str1.4