Archive member included to satisfy reference by file (symbol)

/opt/devkitpro/libctru/lib/libctru.a(console.o)
                              main.o (consoleInit)
/opt/devkitpro/libctru/lib/libctru.a(gfx.o)
                              /opt/devkitpro/libctru/lib/libctru.a(console.o) (gfxSetScreenFormat)
/opt/devkitpro/libctru/lib/libctru.a(gsp.o)
                              /opt/devkitpro/libctru/lib/libctru.a(gfx.o) (gspInit)
/opt/devkitpro/libctru/lib/libctru.a(hid.o)
                              main.o (hidScanInput)
/opt/devkitpro/libctru/lib/libctru.a(apt.o)
                              /opt/devkitpro/libctru/lib/libctru.a(hid.o) (APT_CheckNew3DS)
/opt/devkitpro/libctru/lib/libctru.a(gx.o)
                              /opt/devkitpro/libctru/lib/libctru.a(gfx.o) (gxCmdBuf)
/opt/devkitpro/libctru/lib/libctru.a(initSystem.o)
                              /opt/devkitpro/libctru/lib/libctru.a(apt.o) (__system_retAddr)
/opt/devkitpro/libctru/lib/libctru.a(allocateHeaps.o)
                              /opt/devkitpro/libctru/lib/libctru.a(initSystem.o) (__system_allocateHeaps)
/opt/devkitpro/libctru/lib/libctru.a(initArgv.o)
                              /opt/devkitpro/libctru/lib/libctru.a(initSystem.o) (__system_initArgv)
/opt/devkitpro/libctru/lib/libctru.a(svc.o)
                              /opt/devkitpro/libctru/lib/libctru.a(allocateHeaps.o) (svcControlMemory)
/opt/devkitpro/libctru/lib/libctru.a(stack_adjust.o)
                              /opt/devkitpro/devkitARM/lib/gcc/arm-none-eabi/4.9.2/../../../../arm-none-eabi/lib/armv6k/fpu/3dsx_crt0.o (initSystem)
/opt/devkitpro/libctru/lib/libctru.a(default_font.bin.o)
                              /opt/devkitpro/libctru/lib/libctru.a(console.o) (default_font_bin)
/opt/devkitpro/libctru/lib/libctru.a(vram.o)
                              /opt/devkitpro/libctru/lib/libctru.a(gfx.o) (vramAlloc)
/opt/devkitpro/libctru/lib/libctru.a(linear.o)
                              /opt/devkitpro/libctru/lib/libctru.a(gfx.o) (linearAlloc)
/opt/devkitpro/libctru/lib/libctru.a(mem_pool.o)
                              /opt/devkitpro/libctru/lib/libctru.a(vram.o) (MemPool::Allocate(MemChunk&, unsigned long, int))
/opt/devkitpro/libctru/lib/libctru.a(os.o)
                              /opt/devkitpro/libctru/lib/libctru.a(initSystem.o) (__libctru_gtod)
/opt/devkitpro/libctru/lib/libctru.a(srv.o)
                              /opt/devkitpro/libctru/lib/libctru.a(gsp.o) (srvGetServiceHandle)
/opt/devkitpro/libctru/lib/libctru.a(irrst.o)
                              /opt/devkitpro/libctru/lib/libctru.a(hid.o) (irrstScanInput)
/opt/devkitpro/libctru/lib/libctru.a(rbtree_init.o)
                              /opt/devkitpro/libctru/lib/libctru.a(vram.o) (rbtree_init)
/opt/devkitpro/libctru/lib/libctru.a(rbtree_insert.o)
                              /opt/devkitpro/libctru/lib/libctru.a(vram.o) (rbtree_insert)
/opt/devkitpro/libctru/lib/libctru.a(rbtree_rotate.o)
                              /opt/devkitpro/libctru/lib/libctru.a(rbtree_insert.o) (rbtree_rotate)
/opt/devkitpro/libctru/lib/libctru.a(rbtree_remove.o)
                              /opt/devkitpro/libctru/lib/libctru.a(vram.o) (rbtree_remove)
/opt/devkitpro/libctru/lib/libctru.a(rbtree_find.o)
                              /opt/devkitpro/libctru/lib/libctru.a(vram.o) (rbtree_find)
/opt/devkitpro/libctru/lib/libctru.a(appInit.o)
                              /opt/devkitpro/libctru/lib/libctru.a(stack_adjust.o) (__appInit)
/opt/devkitpro/libctru/lib/libctru.a(appExit.o)
                              /opt/devkitpro/libctru/lib/libctru.a(stack_adjust.o) (__appExit)
/opt/devkitpro/libctru/lib/libctru.a(ctru_exit.o)
                              /opt/devkitpro/libctru/lib/libctru.a(stack_adjust.o) (__libctru_exit)
/opt/devkitpro/libctru/lib/libctru.a(sdmc_dev.o)
                              /opt/devkitpro/libctru/lib/libctru.a(appInit.o) (sdmcInit)
/opt/devkitpro/libctru/lib/libctru.a(fs.o)
                              /opt/devkitpro/libctru/lib/libctru.a(appExit.o) (fsExit)
/opt/devkitpro/libctru/lib/libctru.a(rbtree_iterator.o)
                              /opt/devkitpro/libctru/lib/libctru.a(rbtree_remove.o) (rbtree_node_next)
/opt/devkitpro/libctru/lib/libctru.a(utf8_to_utf16.o)
                              /opt/devkitpro/libctru/lib/libctru.a(sdmc_dev.o) (utf8_to_utf16)
/opt/devkitpro/libctru/lib/libctru.a(decode_utf8.o)
                              /opt/devkitpro/libctru/lib/libctru.a(sdmc_dev.o) (decode_utf8)
/opt/devkitpro/libctru/lib/libctru.a(utf16_to_utf8.o)
                              /opt/devkitpro/libctru/lib/libctru.a(sdmc_dev.o) (utf16_to_utf8)
/opt/devkitpro/libctru/lib/libctru.a(encode_utf16.o)
                              /opt/devkitpro/libctru/lib/libctru.a(utf8_to_utf16.o) (encode_utf16)
/opt/devkitpro/libctru/lib/libctru.a(encode_utf8.o)
                              /opt/devkitpro/libctru/lib/libctru.a(utf16_to_utf8.o) (encode_utf8)
/opt/devkitpro/libctru/lib/libctru.a(decode_utf16.o)
[...]
Memory Configuration

Name             Origin             Length             Attributes
*default*        0x0000000000000000 0xffffffffffffffff

Linker script and memory map

                0x0000000000100000                . = 0x100000
                0x0000000000100000                __start__ = .

.text           0x0000000000100000    0x2ba1c
 *(.crt0)
 .crt0          0x0000000000100000       0x94 /opt/devkitpro/devkitARM/lib/gcc/arm-none-eabi/4.9.2/../../../../arm-none-eabi/lib/armv6k/fpu/3dsx_crt0.o
                0x0000000000100000                _start
                0x0000000000100008                __service_ptr
                0x000000000010000c                __apt_appid
                0x0000000000100010                __heap_size
                0x0000000000100014                __linear_heap_size
                0x0000000000100018                __system_arglist
                0x000000000010001c                __system_runflags
 *(.init)
 .init          0x0000000000100094        0xc /opt/devkitpro/devkitARM/lib/gcc/arm-none-eabi/4.9.2/armv6k/fpu/crti.o
                0x0000000000100094                _init
 .init          0x00000000001000a0        0xc /opt/devkitpro/devkitARM/lib/gcc/arm-none-eabi/4.9.2/armv6k/fpu/crtn.o
                0x00000000001000ac                . = ALIGN (0x4)
 *(.text)
 .text          0x00000000001000ac        0x0 /opt/devkitpro/devkitARM/lib/gcc/arm-none-eabi/4.9.2/../../../../arm-none-eabi/lib/armv6k/fpu/3dsx_crt0.o
 .text          0x00000000001000ac        0x0 /opt/devkitpro/devkitARM/lib/gcc/arm-none-eabi/4.9.2/armv6k/fpu/crti.o
 .text          0x00000000001000ac      0x108 /opt/devkitpro/devkitARM/lib/gcc/arm-none-eabi/4.9.2/armv6k/fpu/crtbegin.o
 .text          0x00000000001001b4      0x4b4 ini.o
                0x000000000010026c                ini_load
                0x0000000000100548                ini_free
                0x0000000000100564                ini_get
                0x0000000000100620                ini_sget
 .text          0x0000000000100668       0x80 main.o
                0x0000000000100668                printPos
                0x0000000000100690                printLine
 .text          0x00000000001006e8     0x1074 /opt/devkitpro/libctru/lib/libctru.a(console.o)
                0x00000000001006e8                debug_write
                0x0000000000100704                consoleGetDefault
                0x0000000000100710                consoleDebugInit
                0x0000000000100794                consoleSelect
                0x00000000001007ac                consoleSetFont
                0x00000000001007c8                consoleDrawChar
                0x0000000000100974                consolePrintChar
                0x0000000000100c20                consoleInit
                0x0000000000100f14                con_write
                0x0000000000101718                consoleClear
                0x0000000000101724                consoleSetWindow
 .text          0x000000000010175c      0x72c /opt/devkitpro/libctru/lib/libctru.a(gfx.o)
                0x00000000001017e8                gfxSet3D
                0x00000000001017f8                gfxSetScreenFormat
                0x0000000000101810                gfxGetScreenFormat
                0x0000000000101828                gfxSetDoubleBuffering
                0x000000000010183c                gfxSetFramebufferInfo
                0x00000000001018ac                gfxWriteFramebufferInfo
                0x0000000000101970                gfxInit
                0x0000000000101b50                gfxInitDefault
                0x0000000000101b60                gfxExit
                0x0000000000101c2c                gfxGetFramebuffer
                0x0000000000101cdc                gfxFlushBuffers
                0x0000000000101db8                gfxSwapBuffers
                0x0000000000101e2c                gfxSwapBuffersGpu
 .text          0x0000000000101e88      0x8c8 /opt/devkitpro/libctru/lib/libctru.a(gsp.o)
                0x0000000000101f94                gspInit
                0x0000000000101fa8                gspExit
                0x0000000000101fc0                gspInitEventHandler
                0x000000000010208c                gspExitEventHandler
                0x00000000001020e4                gspWaitForEvent
                0x000000000010213c                GSPGPU_WriteHWRegs
                0x00000000001021ac                GSPGPU_WriteHWRegsWithMask
                0x0000000000102238                GSPGPU_ReadHWRegs
                0x00000000001022a8                GSPGPU_SetBufferSwap
                0x000000000010231c                GSPGPU_FlushDataCache
                0x0000000000102370                GSPGPU_InvalidateDataCache
                0x00000000001023c4                GSPGPU_SetLcdForceBlack
                0x0000000000102400                GSPGPU_TriggerCmdReqQueue
                0x0000000000102434                GSPGPU_RegisterInterruptRelayQueue
                0x00000000001024a0                GSPGPU_UnregisterInterruptRelayQueue
                0x00000000001024d4                GSPGPU_AcquireRight
                0x0000000000102524                GSPGPU_ReleaseRight
                0x0000000000102558                GSPGPU_ImportDisplayCaptureInfo
                0x00000000001025dc                GSPGPU_SaveVramSysArea
                0x0000000000102610                GSPGPU_RestoreVramSysArea
                0x0000000000102644                GSPGPU_SubmitGxCommand
 .text          0x0000000000102750      0x6f4 /opt/devkitpro/libctru/lib/libctru.a(hid.o)
                0x0000000000102750                hidExit
                0x00000000001027f4                hidWaitForEvent
                0x000000000010284c                hidCheckSectionUpdateTime
                0x0000000000102888                hidScanInput
                0x0000000000102abc                hidKeysHeld
                0x0000000000102acc                hidKeysDown
                0x0000000000102adc                hidKeysUp
                0x0000000000102aec                hidTouchRead
                0x0000000000102b04                hidCircleRead
                0x0000000000102b1c                hidAccelRead
                0x0000000000102b3c                hidGyroRead
                0x0000000000102b5c                HIDUSER_GetHandles
                0x0000000000102bec                hidInit
                0x0000000000102d20                HIDUSER_EnableAccelerometer
                0x0000000000102d4c                HIDUSER_DisableAccelerometer
                0x0000000000102d78                HIDUSER_EnableGyroscope
                0x0000000000102da4                HIDUSER_DisableGyroscope
                0x0000000000102dd0                HIDUSER_GetGyroscopeRawToDpsCoefficient
                0x0000000000102e0c                HIDUSER_GetSoundVolume
 .text          0x0000000000102e44     0x1cf8 /opt/devkitpro/libctru/lib/libctru.a(apt.o)
                0x0000000000102ea8                _aptDebug
                0x0000000000102eac                aptInitCaptureInfo
                0x0000000000102f5c                aptWaitStatusEvent
                0x0000000000102f84                aptHook
                0x0000000000102fbc                aptUnhook
                0x0000000000102fe8                aptGetStatus
                0x0000000000103020                aptSetStatus
                0x0000000000103084                aptGetStatusPower
                0x00000000001030bc                aptSetStatusPower
                0x00000000001030f4                aptOpenSession
                0x0000000000103118                aptCloseSession
                0x0000000000103140                aptSignalReadyForSleep
                0x0000000000103150                APT_GetLockHandle
                0x00000000001031a0                APT_Initialize
                0x0000000000103208                APT_Finalize
                0x0000000000103244                APT_HardwareResetAsync
                0x0000000000103278                APT_Enable
                0x00000000001032b4                APT_GetAppletManInfo
                0x0000000000103334                aptGetMenuAppID
                0x0000000000103370                APT_IsRegistered
                0x00000000001033c0                APT_InquireNotification
                0x0000000000103410                APT_PrepareToJumpToHomeMenu
                0x0000000000103444                APT_JumpToHomeMenu
                0x0000000000103494                APT_PrepareToJumpToApplication
                0x00000000001034d0                APT_JumpToApplication
                0x0000000000103520                APT_NotifyToWait
                0x000000000010355c                APT_AppletUtility
                0x00000000001035e4                aptAppletUtility_Exit_RetToApp
                0x0000000000103704                aptAppletClosed
                0x0000000000103840                aptInit
                0x00000000001039f8                APT_GlanceParameter
                0x0000000000103a6c                APT_ReceiveParameter
                0x0000000000103ae0                APT_SendParameter
                0x0000000000103b50                APT_SendCaptureBufferInfo
                0x0000000000103b9c                aptReturnToMenu
                0x0000000000103d70                APT_ReplySleepQuery
                0x0000000000103db0                APT_ReplySleepNotificationComplete
                0x0000000000103dec                aptEventHandler
                0x00000000001040f8                APT_PrepareToCloseApplication
                0x0000000000104134                APT_CloseApplication
                0x000000000010418c                aptExit
                0x0000000000104378                APT_SetAppCpuTimeLimit
                0x00000000001043bc                APT_GetAppCpuTimeLimit
                0x0000000000104410                APT_CheckNew3DS_Application
                0x000000000010446c                APT_CheckNew3DS_System
                0x00000000001044c8                APT_CheckNew3DS
                0x000000000010453c                APT_PrepareToDoAppJump
                0x0000000000104588                APT_DoAppJump
                0x00000000001045f0                APT_PrepareToStartLibraryApplet
                0x000000000010462c                APT_StartLibraryApplet
                0x000000000010468c                aptAppletStarted
                0x0000000000104790                aptMainLoop
                0x0000000000104908                APT_LaunchLibraryApplet
                0x0000000000104aa0                APT_PrepareToStartSystemApplet
                0x0000000000104adc                APT_StartSystemApplet
 .text          0x0000000000104b3c      0x264 /opt/devkitpro/libctru/lib/libctru.a(gx.o)
                0x0000000000104b3c                GX_RequestDma
                0x0000000000104b90                GX_SetCommandList_Last
                0x0000000000104bf8                GX_SetMemoryFill
                0x0000000000104c6c                GX_SetDisplayTransfer
                0x0000000000104cd0                GX_SetTextureCopy
                0x0000000000104d38                GX_SetCommandList_First
 .text          0x0000000000104da0       0x4c /opt/devkitpro/libctru/lib/libctru.a(initSystem.o)
                0x0000000000104da0                __libctru_init
 .text          0x0000000000104dec       0xa4 /opt/devkitpro/libctru/lib/libctru.a(allocateHeaps.o)
                0x0000000000104dec                __system_allocateHeaps
 .text          0x0000000000104e90       0xf4 /opt/devkitpro/libctru/lib/libctru.a(initArgv.o)
                0x0000000000104e90                __system_initArgv
 *fill*         0x0000000000104f84        0xc 
 .text          0x0000000000104f90      0x3d0 /opt/devkitpro/libctru/lib/libctru.a(svc.o)
                0x0000000000104f90                svcControlMemory
                0x0000000000104fb0                svcQueryMemory
                0x0000000000104fe0                svcExitProcess
                0x0000000000104fe8                svcCreateThread
                0x0000000000105008                svcExitThread
                0x0000000000105010                svcSleepThread
                0x0000000000105018                svcGetThreadPriority
                0x000000000010502c                svcSetThreadPriority
                0x0000000000105034                svcGetThreadAffinityMask
                0x000000000010503c                svcSetThreadAffinityMask
                0x0000000000105044                svcGetThreadIdealProcessor
                0x0000000000105058                svcSetThreadIdealProcessor
                0x0000000000105060                svcGetProcessorID
                0x0000000000105068                svcCreateMutex
                0x000000000010507c                svcReleaseMutex
                0x0000000000105084                svcCreateSemaphore
                0x0000000000105098                svcReleaseSemaphore
                0x00000000001050ac                svcCreateEvent
                0x00000000001050c0                svcSignalEvent
                0x00000000001050c8                svcClearEvent
                0x00000000001050d0                svcCreateTimer
                0x00000000001050e4                svcSetTimer
                0x00000000001050ec                svcCancelTimer
                0x00000000001050f4                svcClearTimer
                0x00000000001050fc                svcCreateMemoryBlock
                0x0000000000105114                svcMapMemoryBlock
                0x000000000010511c                svcUnmapMemoryBlock
                0x0000000000105124                svcCreateAddressArbiter
                0x0000000000105138                svcArbitrateAddress
                0x0000000000105158                svcCloseHandle
                0x0000000000105160                svcWaitSynchronization
                0x0000000000105168                svcWaitSynchronizationN
                0x0000000000105190                svcDuplicateHandle
                0x00000000001051a4                svcGetSystemTick
                0x00000000001051ac                svcGetSystemInfo
                0x00000000001051c4                svcGetProcessInfo
                0x00000000001051dc                svcGetThreadInfo
                0x00000000001051f4                svcConnectToPort
                0x0000000000105208                svcSendSyncRequest
                0x0000000000105210                svcOpenProcess
                0x0000000000105224                svcOpenThread
                0x0000000000105238                svcGetProcessId
                0x000000000010524c                svcGetProcessIdOfThread
                0x0000000000105260                svcGetThreadId
                0x0000000000105274                svcOutputDebugString
                0x000000000010527c                svcCreatePort
                0x000000000010529c                svcDebugActiveProcess
                0x00000000001052b0                svcBreakDebugProcess
                0x00000000001052b8                svcTerminateDebugProcess
                0x00000000001052c0                svcGetProcessDebugEvent
                0x00000000001052c8                svcContinueDebugEvent
                0x00000000001052d0                svcGetProcessList
                0x00000000001052f0                svcReadProcessMemory
                0x00000000001052f8                svcWriteProcessMemory
                0x0000000000105300                svcControlProcessMemory
                0x0000000000105318                svcMapProcessMemory
                0x0000000000105320                svcUnmapProcessMemory
                0x0000000000105328                svcBackdoor
                0x0000000000105330                svcQueryProcessMemory
 .text          0x0000000000105360       0x64 /opt/devkitpro/libctru/lib/libctru.a(stack_adjust.o)
                0x0000000000105360                initSystem
                0x00000000001053a4                __ctru_exit
 .text          0x00000000001053c4        0x0 /opt/devkitpro/libctru/lib/libctru.a(default_font.bin.o)
 .text          0x00000000001053c4      0x1c4 /opt/devkitpro/libctru/lib/libctru.a(vram.o)
                0x00000000001053ec                vramMemAlign
                0x000000000010551c                vramAlloc
                0x0000000000105524                vramRealloc
                0x000000000010552c                vramFree
                0x000000000010557c                vramSpaceFree
 .text          0x0000000000105588      0x1d4 /opt/devkitpro/libctru/lib/libctru.a(linear.o)
                0x00000000001055b0                linearMemAlign
                0x00000000001056f0                linearAlloc
                0x00000000001056f8                linearRealloc
                0x0000000000105700                linearFree
                0x0000000000105750                linearSpaceFree
 .text          0x000000000010575c      0x35c /opt/devkitpro/libctru/lib/libctru.a(mem_pool.o)
                0x000000000010575c                MemPool::CoalesceRight(MemBlock*)
                0x00000000001057fc                MemPool::Allocate(MemChunk&, unsigned long, int)
                0x0000000000105984                MemPool::Deallocate(MemChunk const&)
                0x0000000000105a88                MemPool::GetFreeSpace()
 .text          0x0000000000105ab8      0x288 /opt/devkitpro/libctru/lib/libctru.a(os.o)
                0x0000000000105b10                osConvertVirtToPhys
                0x0000000000105b5c                osConvertOldLINEARMemToNew
                0x0000000000105b7c                __libctru_gtod
                0x0000000000105c74                osGetTime
                0x0000000000105ce8                osGetFirmVersion
                0x0000000000105cfc                osGetKernelVersion
                0x0000000000105d10                osStrError
                0x0000000000105d30                osGetWifiStrength
 .text          0x0000000000105d40      0x3b8 /opt/devkitpro/libctru/lib/libctru.a(srv.o)
                0x0000000000105d40                __get_handle_from_list
                0x0000000000105dd8                __destroy_handle_list
                0x0000000000105e2c                srvExit
                0x0000000000105e54                srvGetSessionHandle
                0x0000000000105e60                srvRegisterClient
                0x0000000000105e98                srvInit
                0x0000000000105f00                srvGetServiceHandle
                0x0000000000105f80                srvRegisterService
                0x0000000000105fdc                srvUnregisterService
                0x0000000000106028                srvPmInit
                0x000000000010607c                srvRegisterProcess
                0x00000000001060c4                srvUnregisterProcess
 .text          0x00000000001060f8      0x388 /opt/devkitpro/libctru/lib/libctru.a(irrst.o)
                0x00000000001060f8                irrstWaitForEvent
                0x0000000000106144                irrstCheckSectionUpdateTime
                0x0000000000106180                irrstScanInput
                0x0000000000106234                irrstKeysHeld
                0x000000000010624c                irrstCstickRead
                0x0000000000106264                IRRST_GetHandles
                0x00000000001062b4                IRRST_Initialize
                0x00000000001062ec                irrstInit
                0x00000000001063d0                IRRST_Shutdown
                0x00000000001063fc                irrstExit
 .text          0x0000000000106480       0x14 /opt/devkitpro/libctru/lib/libctru.a(rbtree_init.o)
                0x0000000000106480                rbtree_init
 .text          0x0000000000106494      0x1f4 /opt/devkitpro/libctru/lib/libctru.a(rbtree_insert.o)
                0x0000000000106678                rbtree_insert
                0x0000000000106680                rbtree_insert_multi
 .text          0x0000000000106688       0xac /opt/devkitpro/libctru/lib/libctru.a(rbtree_rotate.o)
                0x0000000000106688                rbtree_rotate
 .text          0x0000000000106734      0x340 /opt/devkitpro/libctru/lib/libctru.a(rbtree_remove.o)
                0x0000000000106734                rbtree_remove
 .text          0x0000000000106a74       0x70 /opt/devkitpro/libctru/lib/libctru.a(rbtree_find.o)
                0x0000000000106a74                rbtree_find
 .text          0x0000000000106ae4       0x20 /opt/devkitpro/libctru/lib/libctru.a(appInit.o)
                0x0000000000106ae4                __appInit
 .text          0x0000000000106b04       0x1c /opt/devkitpro/libctru/lib/libctru.a(appExit.o)
                0x0000000000106b04                __appExit
 .text          0x0000000000106b20       0x90 /opt/devkitpro/libctru/lib/libctru.a(ctru_exit.o)
                0x0000000000106b20                __libctru_exit
 .text          0x0000000000106bb0      0xffc /opt/devkitpro/libctru/lib/libctru.a(sdmc_dev.o)
                0x0000000000107a2c                sdmcInit
                0x0000000000107b5c                sdmcExit
 .text          0x0000000000107bac      0xc88 /opt/devkitpro/libctru/lib/libctru.a(fs.o)
                0x0000000000107bac                FS_makePath
                0x0000000000107bd8                fsExit
                0x0000000000107bfc                fsGetSessionHandle
                0x0000000000107c08                FSUSER_Initialize
                0x0000000000107c7c                fsInit
                0x0000000000107ce8                FSUSER_OpenFile
                0x0000000000107d94                FSUSER_OpenFileDirectly
                0x0000000000107e60                FSUSER_DeleteFile
                0x0000000000107ee8                FSUSER_RenameFile
                0x0000000000107fac                FSUSER_DeleteDirectory
                0x0000000000108034                FSUSER_DeleteDirectoryRecursively
                0x00000000001080bc                FSUSER_CreateFile
                0x0000000000108154                FSUSER_CreateDirectory
                0x00000000001081e0                FSUSER_RenameDirectory
                0x00000000001082a4                FSUSER_OpenDirectory
                0x0000000000108338                FSUSER_OpenArchive
                0x00000000001083c0                FSUSER_CloseArchive
                0x0000000000108418                FSUSER_GetSdmcArchiveResource
                0x0000000000108494                FSUSER_GetNandArchiveResource
                0x0000000000108510                FSUSER_IsSdmcDetected
                0x000000000010855c                FSUSER_IsSdmcWritable
                0x00000000001085a8                FSFILE_Close
                0x00000000001085ec                FSFILE_Read
                0x0000000000108648                FSFILE_Write
                0x00000000001086ac                FSFILE_GetSize
                0x00000000001086ec                FSFILE_SetSize
                0x0000000000108718                FSFILE_GetAttributes
                0x0000000000108750                FSFILE_SetAttributes
                0x0000000000108778                FSFILE_Flush
                0x000000000010879c                FSDIR_Read
                0x00000000001087f0                FSDIR_Close
 .text          0x0000000000108834      0x118 /opt/devkitpro/libctru/lib/libctru.a(rbtree_iterator.o)
                0x0000000000108834                rbtree_node_next
                0x00000000001088c0                rbtree_node_prev
 .text          0x000000000010894c       0xb8 /opt/devkitpro/libctru/lib/libctru.a(utf8_to_utf16.o)
                0x000000000010894c                utf8_to_utf16
 .text          0x0000000000108a04      0x138 /opt/devkitpro/libctru/lib/libctru.a(decode_utf8.o)
                0x0000000000108a04                decode_utf8
 .text          0x0000000000108b3c       0xe8 /opt/devkitpro/libctru/lib/libctru.a(utf16_to_utf8.o)
                0x0000000000108b3c                utf16_to_utf8
 .text          0x0000000000108c24       0x68 /opt/devkitpro/libctru/lib/libctru.a(encode_utf16.o)
                0x0000000000108c24                encode_utf16
 .text          0x0000000000108c8c      0x104 /opt/devkitpro/libctru/lib/libctru.a(encode_utf8.o)
                0x0000000000108c8c                encode_utf8
 .text          0x0000000000108d90       0x60 /opt/devkitpro/libctru/lib/libctru.a(decode_utf16.o)
                0x0000000000108d90                decode_utf16
 .text          0x0000000000108df0      0x240 /opt/devkitpro/devkitARM/lib/gcc/arm-none-eabi/4.9.2/armv6k/fpu/libgcc.a(_divsi3.o)
                0x0000000000108df0                __aeabi_idiv
                0x0000000000108df0                __divsi3
                0x0000000000109010                __aeabi_idivmod
 .text          0x0000000000109030        0x4 /opt/devkitpro/devkitARM/lib/gcc/arm-none-eabi/4.9.2/armv6k/fpu/libgcc.a(_dvmd_tls.o)
                0x0000000000109030                __aeabi_ldiv0
                0x0000000000109030                __aeabi_idiv0
 .text          0x0000000000109034        0x0 /opt/devkitpro/devkitARM/lib/gcc/arm-none-eabi/4.9.2/../../../../arm-none-eabi/lib/armv6k/fpu/libg.a(lib_a-bsearch.o)
 .text          0x0000000000109034        0x0 /opt/devkitpro/devkitARM/lib/gcc/arm-none-eabi/4.9.2/../../../../arm-none-eabi/lib/armv6k/fpu/libg.a(lib_a-ctype_.o)
 .text          0x0000000000109034        0x0 /opt/devkitpro/devkitARM/lib/gcc/arm-none-eabi/4.9.2/../../../../arm-none-eabi/lib/armv6k/fpu/libg.a(lib_a-fclose.o)
 .text          0x0000000000109034        0x0 /opt/devkitpro/devkitARM/lib/gcc/arm-none-eabi/4.9.2/../../../../arm-none-eabi/lib/armv6k/fpu/libg.a(lib_a-fflush.o)
 .text          0x0000000000109034        0x0 /opt/devkitpro/devkitARM/lib/gcc/arm-none-eabi/4.9.2/../../../../arm-none-eabi/lib/armv6k/fpu/libg.a(lib_a-findfp.o)
 .text          0x0000000000109034        0x0 /opt/devkitpro/devkitARM/lib/gcc/arm-none-eabi/4.9.2/../../../../arm-none-eabi/lib/armv6k/fpu/libg.a(lib_a-fini.o)
 .text          0x0000000000109034        0x0 /opt/devkitpro/devkitARM/lib/gcc/arm-none-eabi/4.9.2/../../../../arm-none-eabi/lib/armv6k/fpu/libg.a(lib_a-fopen.o)
 .text          0x0000000000109034        0x0 /opt/devkitpro/devkitARM/lib/gcc/arm-none-eabi/4.9.2/../../../../arm-none-eabi/lib/armv6k/fpu/libg.a(lib_a-fread.o)
 .text          0x0000000000109034        0x0 /opt/devkitpro/devkitARM/lib/gcc/arm-none-eabi/4.9.2/../../../../arm-none-eabi/lib/armv6k/fpu/libg.a(lib_a-freer.o)
 .text          0x0000000000109034        0x0 /opt/devkitpro/devkitARM/lib/gcc/arm-none-eabi/4.9.2/../../../../arm-none-eabi/lib/armv6k/fpu/libg.a(lib_a-fseek.o)
 .text          0x0000000000109034        0x0 /opt/devkitpro/devkitARM/lib/gcc/arm-none-eabi/4.9.2/../../../../arm-none-eabi/lib/armv6k/fpu/libg.a(lib_a-fseeko.o)
 .text          0x0000000000109034        0x0 /opt/devkitpro/devkitARM/lib/gcc/arm-none-eabi/4.9.2/../../../../arm-none-eabi/lib/armv6k/fpu/libg.a(lib_a-ftell.o)
 .text          0x0000000000109034        0x0 /opt/devkitpro/devkitARM/lib/gcc/arm-none-eabi/4.9.2/../../../../arm-none-eabi/lib/armv6k/fpu/libg.a(lib_a-ftello.o)
 .text          0x0000000000109034        0x0 /opt/devkitpro/devkitARM/lib/gcc/arm-none-eabi/4.9.2/../../../../arm-none-eabi/lib/armv6k/fpu/libg.a(lib_a-fwalk.o)
 .text          0x0000000000109034        0x0 /opt/devkitpro/devkitARM/lib/gcc/arm-none-eabi/4.9.2/../../../../arm-none-eabi/lib/armv6k/fpu/libg.a(lib_a-impure.o)
 .text          0x0000000000109034        0x0 /opt/devkitpro/devkitARM/lib/gcc/arm-none-eabi/4.9.2/../../../../arm-none-eabi/lib/armv6k/fpu/libg.a(lib_a-init.o)
 .text          0x0000000000109034        0x0 /opt/devkitpro/devkitARM/lib/gcc/arm-none-eabi/4.9.2/../../../../arm-none-eabi/lib/armv6k/fpu/libg.a(lib_a-iprintf.o)
 .text          0x0000000000109034        0x0 /opt/devkitpro/devkitARM/lib/gcc/arm-none-eabi/4.9.2/../../../../arm-none-eabi/lib/armv6k/fpu/libg.a(lib_a-makebuf.o)
 .text          0x0000000000109034        0x0 /opt/devkitpro/devkitARM/lib/gcc/arm-none-eabi/4.9.2/../../../../arm-none-eabi/lib/armv6k/fpu/libg.a(lib_a-malloc.o)
 .text          0x0000000000109034        0x0 /opt/devkitpro/devkitARM/lib/gcc/arm-none-eabi/4.9.2/../../../../arm-none-eabi/lib/armv6k/fpu/libg.a(lib_a-mallocr.o)
 .text          0x0000000000109034        0x0 /opt/devkitpro/devkitARM/lib/gcc/arm-none-eabi/4.9.2/../../../../arm-none-eabi/lib/armv6k/fpu/libg.a(lib_a-memcpy.o)
 .text          0x0000000000109034        0x0 /opt/devkitpro/devkitARM/lib/gcc/arm-none-eabi/4.9.2/../../../../arm-none-eabi/lib/armv6k/fpu/libg.a(lib_a-memset.o)
 .text          0x0000000000109034        0x0 /opt/devkitpro/devkitARM/lib/gcc/arm-none-eabi/4.9.2/../../../../arm-none-eabi/lib/armv6k/fpu/libg.a(lib_a-mlock.o)
 .text          0x0000000000109034        0x0 /opt/devkitpro/devkitARM/lib/gcc/arm-none-eabi/4.9.2/../../../../arm-none-eabi/lib/armv6k/fpu/libg.a(lib_a-printf.o)
 .text          0x0000000000109034        0x0 /opt/devkitpro/devkitARM/lib/gcc/arm-none-eabi/4.9.2/../../../../arm-none-eabi/lib/armv6k/fpu/libg.a(lib_a-refill.o)
 .text          0x0000000000109034        0x0 /opt/devkitpro/devkitARM/lib/gcc/arm-none-eabi/4.9.2/../../../../arm-none-eabi/lib/armv6k/fpu/libg.a(lib_a-rewind.o)
 .text          0x0000000000109034        0x0 /opt/devkitpro/devkitARM/lib/gcc/arm-none-eabi/4.9.2/../../../../arm-none-eabi/lib/armv6k/fpu/libg.a(lib_a-setvbuf.o)
 .text          0x0000000000109034        0x0 /opt/devkitpro/devkitARM/lib/gcc/arm-none-eabi/4.9.2/../../../../arm-none-eabi/lib/armv6k/fpu/libg.a(lib_a-sscanf.o)
 .text          0x0000000000109034        0x0 /opt/devkitpro/devkitARM/lib/gcc/arm-none-eabi/4.9.2/../../../../arm-none-eabi/lib/armv6k/fpu/libg.a(lib_a-stdio.o)
 .text          0x0000000000109034        0x0 /opt/devkitpro/devkitARM/lib/gcc/arm-none-eabi/4.9.2/../../../../arm-none-eabi/lib/armv6k/fpu/libg.a(lib_a-strchr.o)
 .text          0x0000000000109034        0x0 /opt/devkitpro/devkitARM/lib/gcc/arm-none-eabi/4.9.2/../../../../arm-none-eabi/lib/armv6k/fpu/libg.a(lib_a-strcpy.o)
 .text          0x0000000000109034        0x0 /opt/devkitpro/devkitARM/lib/gcc/arm-none-eabi/4.9.2/../../../../arm-none-eabi/lib/armv6k/fpu/libg.a(lib_a-strcspn.o)
 .text          0x0000000000109034        0x0 /opt/devkitpro/devkitARM/lib/gcc/arm-none-eabi/4.9.2/../../../../arm-none-eabi/lib/armv6k/fpu/libg.a(lib_a-strlen.o)
 .text          0x0000000000109034        0x0 /opt/devkitpro/devkitARM/lib/gcc/arm-none-eabi/4.9.2/../../../../arm-none-eabi/lib/armv6k/fpu/libg.a(lib_a-strncat.o)
 .text          0x0000000000109034        0x0 /opt/devkitpro/devkitARM/lib/gcc/arm-none-eabi/4.9.2/../../../../arm-none-eabi/lib/armv6k/fpu/libg.a(lib_a-strncpy.o)
 .text          0x0000000000109034        0x0 /opt/devkitpro/devkitARM/lib/gcc/arm-none-eabi/4.9.2/../../../../arm-none-eabi/lib/armv6k/fpu/libg.a(lib_a-svfscanf.o)
 .text          0x0000000000109034        0x0 /opt/devkitpro/devkitARM/lib/gcc/arm-none-eabi/4.9.2/../../../../arm-none-eabi/lib/armv6k/fpu/libg.a(lib_a-vfiprintf.o)
 .text          0x0000000000109034        0x0 /opt/devkitpro/devkitARM/lib/gcc/arm-none-eabi/4.9.2/../../../../arm-none-eabi/lib/armv6k/fpu/libg.a(lib_a-vfprintf.o)
 .text          0x0000000000109034        0x0 /opt/devkitpro/devkitARM/lib/gcc/arm-none-eabi/4.9.2/../../../../arm-none-eabi/lib/armv6k/fpu/libg.a(lib_a-wcrtomb.o)
 .text          0x0000000000109034        0x0 /opt/devkitpro/devkitARM/lib/gcc/arm-none-eabi/4.9.2/../../../../arm-none-eabi/lib/armv6k/fpu/libg.a(lib_a-wcsrtombs.o)
 .text          0x0000000000109034        0x0 /opt/devkitpro/devkitARM/lib/gcc/arm-none-eabi/4.9.2/../../../../arm-none-eabi/lib/armv6k/fpu/libg.a(lib_a-wctomb_r.o)
 .text          0x0000000000109034        0x0 /opt/devkitpro/devkitARM/lib/gcc/arm-none-eabi/4.9.2/../../../../arm-none-eabi/lib/armv6k/fpu/libg.a(lib_a-wsetup.o)
 .text          0x0000000000109034        0x0 /opt/devkitpro/devkitARM/lib/gcc/arm-none-eabi/4.9.2/../../../../arm-none-eabi/lib/armv6k/fpu/libg.a(lib_a-dtoa.o)
 .text          0x0000000000109034        0x0 /opt/devkitpro/devkitARM/lib/gcc/arm-none-eabi/4.9.2/../../../../arm-none-eabi/lib/armv6k/fpu/libg.a(lib_a-flags.o)
 .text          0x0000000000109034        0x0 /opt/devkitpro/devkitARM/lib/gcc/arm-none-eabi/4.9.2/../../../../arm-none-eabi/lib/armv6k/fpu/libg.a(lib_a-fputwc.o)
 .text          0x0000000000109034        0x0 /opt/devkitpro/devkitARM/lib/gcc/arm-none-eabi/4.9.2/../../../../arm-none-eabi/lib/armv6k/fpu/libg.a(lib_a-fvwrite.o)
 .text          0x0000000000109034        0x0 /opt/devkitpro/devkitARM/lib/gcc/arm-none-eabi/4.9.2/../../../../arm-none-eabi/lib/armv6k/fpu/libg.a(lib_a-iswspace.o)
 .text          0x0000000000109034        0x0 /opt/devkitpro/devkitARM/lib/gcc/arm-none-eabi/4.9.2/../../../../arm-none-eabi/lib/armv6k/fpu/libg.a(lib_a-jp2uc.o)
 .text          0x0000000000109034        0x0 /opt/devkitpro/devkitARM/lib/gcc/arm-none-eabi/4.9.2/../../../../arm-none-eabi/lib/armv6k/fpu/libg.a(lib_a-locale.o)
 .text          0x0000000000109034        0x0 /opt/devkitpro/devkitARM/lib/gcc/arm-none-eabi/4.9.2/../../../../arm-none-eabi/lib/armv6k/fpu/libg.a(lib_a-mbrtowc.o)
 .text          0x0000000000109034        0x0 /opt/devkitpro/devkitARM/lib/gcc/arm-none-eabi/4.9.2/../../../../arm-none-eabi/lib/armv6k/fpu/libg.a(lib_a-mbtowc_r.o)
 .text          0x0000000000109034        0x0 /opt/devkitpro/devkitARM/lib/gcc/arm-none-eabi/4.9.2/../../../../arm-none-eabi/lib/armv6k/fpu/libg.a(lib_a-memchr.o)
 .text          0x0000000000109034        0x0 /opt/devkitpro/devkitARM/lib/gcc/arm-none-eabi/4.9.2/../../../../arm-none-eabi/lib/armv6k/fpu/libg.a(lib_a-memmove.o)
 .text          0x0000000000109034        0x0 /opt/devkitpro/devkitARM/lib/gcc/arm-none-eabi/4.9.2/../../../../arm-none-eabi/lib/armv6k/fpu/libg.a(lib_a-mprec.o)
 .text          0x0000000000109034        0x0 /opt/devkitpro/devkitARM/lib/gcc/arm-none-eabi/4.9.2/../../../../arm-none-eabi/lib/armv6k/fpu/libg.a(lib_a-reallocr.o)
 .text          0x0000000000109034        0x0 /opt/devkitpro/devkitARM/lib/gcc/arm-none-eabi/4.9.2/../../../../arm-none-eabi/lib/armv6k/fpu/libg.a(lib_a-sccl.o)
 .text          0x0000000000109034        0x0 /opt/devkitpro/devkitARM/lib/gcc/arm-none-eabi/4.9.2/../../../../arm-none-eabi/lib/armv6k/fpu/libg.a(lib_a-sf_nan.o)
 .text          0x0000000000109034        0x0 /opt/devkitpro/devkitARM/lib/gcc/arm-none-eabi/4.9.2/../../../../arm-none-eabi/lib/armv6k/fpu/libg.a(lib_a-s_fpclassify.o)
 .text          0x0000000000109034        0x0 /opt/devkitpro/devkitARM/lib/gcc/arm-none-eabi/4.9.2/../../../../arm-none-eabi/lib/armv6k/fpu/libg.a(lib_a-s_frexp.o)
 .text          0x0000000000109034        0x0 /opt/devkitpro/devkitARM/lib/gcc/arm-none-eabi/4.9.2/../../../../arm-none-eabi/lib/armv6k/fpu/libg.a(lib_a-sprintf.o)
 .text          0x0000000000109034        0x0 /opt/devkitpro/devkitARM/lib/gcc/arm-none-eabi/4.9.2/../../../../arm-none-eabi/lib/armv6k/fpu/libg.a(lib_a-stpncpy.o)
 .text          0x0000000000109034        0x0 /opt/devkitpro/devkitARM/lib/gcc/arm-none-eabi/4.9.2/../../../../arm-none-eabi/lib/armv6k/fpu/libg.a(lib_a-strcasecmp.o)
 .text          0x0000000000109034        0x0 /opt/devkitpro/devkitARM/lib/gcc/arm-none-eabi/4.9.2/../../../../arm-none-eabi/lib/armv6k/fpu/libg.a(lib_a-strcat.o)
 *fill*         0x0000000000109034        0xc 
 .text          0x0000000000109040      0x3a0 /opt/devkitpro/devkitARM/lib/gcc/arm-none-eabi/4.9.2/../../../../arm-none-eabi/lib/armv6k/fpu/libg.a(lib_a-strcmp.o)
                0x0000000000109048                strcmp
 .text          0x00000000001093e0        0x0 /opt/devkitpro/devkitARM/lib/gcc/arm-none-eabi/4.9.2/../../../../arm-none-eabi/lib/armv6k/fpu/libg.a(lib_a-strlcpy.o)
 .text          0x00000000001093e0        0x0 /opt/devkitpro/devkitARM/lib/gcc/arm-none-eabi/4.9.2/../../../../arm-none-eabi/lib/armv6k/fpu/libg.a(lib_a-strncasecmp.o)
 .text          0x00000000001093e0        0x0 /opt/devkitpro/devkitARM/lib/gcc/arm-none-eabi/4.9.2/../../../../arm-none-eabi/lib/armv6k/fpu/libg.a(lib_a-strncmp.o)
 .text          0x00000000001093e0        0x0 /opt/devkitpro/devkitARM/lib/gcc/arm-none-eabi/4.9.2/../../../../arm-none-eabi/lib/armv6k/fpu/libg.a(lib_a-strtod.o)
 .text          0x00000000001093e0        0x0 /opt/devkitpro/devkitARM/lib/gcc/arm-none-eabi/4.9.2/../../../../arm-none-eabi/lib/armv6k/fpu/libg.a(lib_a-strtoll_r.o)
 .text          0x00000000001093e0        0x0 /opt/devkitpro/devkitARM/lib/gcc/arm-none-eabi/4.9.2/../../../../arm-none-eabi/lib/armv6k/fpu/libg.a(lib_a-strtol.o)
 .text          0x00000000001093e0        0x0 /opt/devkitpro/devkitARM/lib/gcc/arm-none-eabi/4.9.2/../../../../arm-none-eabi/lib/armv6k/fpu/libg.a(lib_a-strtoull_r.o)
 .text          0x00000000001093e0        0x0 /opt/devkitpro/devkitARM/lib/gcc/arm-none-eabi/4.9.2/../../../../arm-none-eabi/lib/armv6k/fpu/libg.a(lib_a-strtoul.o)
 .text          0x00000000001093e0        0x0 /opt/devkitpro/devkitARM/lib/gcc/arm-none-eabi/4.9.2/../../../../arm-none-eabi/lib/armv6k/fpu/libg.a(lib_a-svfiprintf.o)
 .text          0x00000000001093e0        0x0 /opt/devkitpro/devkitARM/lib/gcc/arm-none-eabi/4.9.2/../../../../arm-none-eabi/lib/armv6k/fpu/libg.a(lib_a-svfiscanf.o)
 .text          0x00000000001093e0        0x0 /opt/devkitpro/devkitARM/lib/gcc/arm-none-eabi/4.9.2/../../../../arm-none-eabi/lib/armv6k/fpu/libg.a(lib_a-svfprintf.o)
 .text          0x00000000001093e0        0x0 /opt/devkitpro/devkitARM/lib/gcc/arm-none-eabi/4.9.2/../../../../arm-none-eabi/lib/armv6k/fpu/libg.a(lib_a-ungetc.o)
 .text          0x00000000001093e0        0x0 /opt/devkitpro/devkitARM/lib/gcc/arm-none-eabi/4.9.2/../../../../arm-none-eabi/lib/armv6k/fpu/libg.a(lib_a-wbuf.o)
 .text          0x00000000001093e0        0x0 /opt/devkitpro/devkitARM/lib/gcc/arm-none-eabi/4.9.2/../../../../arm-none-eabi/lib/armv6k/fpu/libg.a(lib_a-wcsnrtombs.o)
 .text          0x00000000001093e0        0x0 /opt/devkitpro/devkitARM/lib/gcc/arm-none-eabi/4.9.2/../../../../arm-none-eabi/lib/armv6k/fpu/libg.a(lib_a-callocr.o)
 .text          0x00000000001093e0        0x0 /opt/devkitpro/devkitARM/lib/gcc/arm-none-eabi/4.9.2/../../../../arm-none-eabi/lib/armv6k/fpu/libg.a(lib_a-gdtoa-gethex.o)
 .text          0x00000000001093e0        0x0 /opt/devkitpro/devkitARM/lib/gcc/arm-none-eabi/4.9.2/../../../../arm-none-eabi/lib/armv6k/fpu/libg.a(lib_a-gdtoa-hexnan.o)
 .text          0x00000000001093e0        0x0 /opt/devkitpro/devkitARM/lib/gcc/arm-none-eabi/4.9.2/../../../../arm-none-eabi/lib/armv6k/fpu/libg.a(lib_a-getenv_r.o)
 .text          0x00000000001093e0        0x0 /opt/devkitpro/devkitARM/lib/gcc/arm-none-eabi/4.9.2/../../../../arm-none-eabi/lib/armv6k/fpu/libg.a(lib_a-environ.o)
 .text          0x00000000001093e0        0x0 /opt/devkitpro/devkitARM/lib/gcc/arm-none-eabi/4.9.2/../../../../arm-none-eabi/lib/armv6k/fpu/libg.a(lib_a-envlock.o)
 .text          0x00000000001093e0      0x1a8 /opt/devkitpro/devkitARM/lib/gcc/arm-none-eabi/4.9.2/../../../../arm-none-eabi/lib/armv6k/fpu/libsysbase.a(iosupport.o)
                0x00000000001093e0                setDefaultDevice
                0x00000000001093f8                FindDevice
                0x00000000001094a4                RemoveDevice
                0x00000000001094d0                AddDevice
                0x0000000000109564                GetDeviceOpTab
 .text          0x0000000000109588       0x7c /opt/devkitpro/devkitARM/lib/gcc/arm-none-eabi/4.9.2/../../../../arm-none-eabi/lib/armv6k/fpu/libsysbase.a(close.o)
                0x0000000000109588                _close_r
 .text          0x0000000000109604       0x6c /opt/devkitpro/devkitARM/lib/gcc/arm-none-eabi/4.9.2/../../../../arm-none-eabi/lib/armv6k/fpu/libsysbase.a(fstat.o)
                0x0000000000109604                _fstat_r
 .text          0x0000000000109670        0x8 /opt/devkitpro/devkitARM/lib/gcc/arm-none-eabi/4.9.2/../../../../arm-none-eabi/lib/armv6k/fpu/libsysbase.a(isatty.o)
                0x0000000000109670                _isatty_r
 .text          0x0000000000109678       0x74 /opt/devkitpro/devkitARM/lib/gcc/arm-none-eabi/4.9.2/../../../../arm-none-eabi/lib/armv6k/fpu/libsysbase.a(lseek.o)
                0x0000000000109678                _lseek_r
 .text          0x00000000001096ec       0xc8 /opt/devkitpro/devkitARM/lib/gcc/arm-none-eabi/4.9.2/../../../../arm-none-eabi/lib/armv6k/fpu/libsysbase.a(open.o)
                0x00000000001096ec                _open_r
 .text          0x00000000001097b4       0x74 /opt/devkitpro/devkitARM/lib/gcc/arm-none-eabi/4.9.2/../../../../arm-none-eabi/lib/armv6k/fpu/libsysbase.a(read.o)
                0x00000000001097b4                _read_r
 .text          0x0000000000109828       0x70 /opt/devkitpro/devkitARM/lib/gcc/arm-none-eabi/4.9.2/../../../../arm-none-eabi/lib/armv6k/fpu/libsysbase.a(sbrk.o)
                0x0000000000109828                _sbrk_r
 .text          0x0000000000109898       0x74 /opt/devkitpro/devkitARM/lib/gcc/arm-none-eabi/4.9.2/../../../../arm-none-eabi/lib/armv6k/fpu/libsysbase.a(write.o)
                0x0000000000109898                _write_r
 .text          0x000000000010990c        0x0 /opt/devkitpro/devkitARM/lib/gcc/arm-none-eabi/4.9.2/../../../../arm-none-eabi/lib/armv6k/fpu/libsysbase.a(malloc_vars.o)
 .text          0x000000000010990c      0x3a4 /opt/devkitpro/devkitARM/lib/gcc/arm-none-eabi/4.9.2/../../../../arm-none-eabi/lib/armv6k/fpu/libsysbase.a(chdir.o)
                0x000000000010990c                _concatenate_path
                0x0000000000109ac8                chdir
                0x0000000000109c10                getcwd
 .text          0x0000000000109cb0        0x8 /opt/devkitpro/devkitARM/lib/gcc/arm-none-eabi/4.9.2/../../../../arm-none-eabi/lib/armv6k/fpu/libsysbase.a(flock.o)
                0x0000000000109cb0                __flockfile
                0x0000000000109cb4                __funlockfile
 .text          0x0000000000109cb8      0x108 /opt/devkitpro/devkitARM/lib/gcc/arm-none-eabi/4.9.2/../../../../arm-none-eabi/lib/armv6k/fpu/libsysbase.a(syscall_support.o)
                0x0000000000109cb8                __libc_lock_init
                0x0000000000109cd0                __libc_lock_acquire
                0x0000000000109ce8                __libc_lock_try_acquire
                0x0000000000109d0c                __libc_lock_release
                0x0000000000109d24                __libc_lock_close
                0x0000000000109d3c                __libc_lock_init_recursive
                0x0000000000109d54                __libc_lock_acquire_recursive
                0x0000000000109d6c                __libc_lock_try_acquire_recursive
                0x0000000000109d90                __libc_lock_release_recursive
                0x0000000000109da8                __libc_lock_close_recursive
 .text          0x0000000000109dc0      0x254 /opt/devkitpro/devkitARM/lib/gcc/arm-none-eabi/4.9.2/../../../../arm-none-eabi/lib/armv6k/fpu/libsysbase.a(handle_manager.o)
                0x0000000000109dc0                __free_handle
                0x0000000000109e04                __release_handle
                0x0000000000109e30                __alloc_handle
                0x0000000000109e98                __get_handle
                0x0000000000109eb4                dup
                0x0000000000109f40                dup2
 .text          0x000000000010a014       0x28 /opt/devkitpro/devkitARM/lib/gcc/arm-none-eabi/4.9.2/../../../../arm-none-eabi/lib/armv6k/fpu/libsysbase.a(getreent.o)
                0x000000000010a014                __getreent
 .text          0x000000000010a03c      0x20c /opt/devkitpro/devkitARM/lib/gcc/arm-none-eabi/4.9.2/armv6k/fpu/libgcc.a(_udivsi3.o)
                0x000000000010a03c                __udivsi3
                0x000000000010a03c                __aeabi_uidiv
                0x000000000010a228                __aeabi_uidivmod
 .text          0x000000000010a248       0x3c /opt/devkitpro/devkitARM/lib/gcc/arm-none-eabi/4.9.2/armv6k/fpu/libgcc.a(_aeabi_uldivmod.o)
                0x000000000010a248                __aeabi_uldivmod
 .text          0x000000000010a284       0x78 /opt/devkitpro/devkitARM/lib/gcc/arm-none-eabi/4.9.2/armv6k/fpu/libgcc.a(bpabi.o)
                0x000000000010a284                __gnu_ldivmod_helper
                0x000000000010a2c0                __gnu_uldivmod_helper
 .text          0x000000000010a2fc      0x180 /opt/devkitpro/devkitARM/lib/gcc/arm-none-eabi/4.9.2/armv6k/fpu/libgcc.a(_divdi3.o)
                0x000000000010a2fc                __divdi3
 .text          0x000000000010a47c      0x124 /opt/devkitpro/devkitARM/lib/gcc/arm-none-eabi/4.9.2/armv6k/fpu/libgcc.a(_udivdi3.o)
                0x000000000010a47c                __udivdi3
 .text          0x000000000010a5a0        0x0 /opt/devkitpro/devkitARM/lib/gcc/arm-none-eabi/4.9.2/../../../../arm-none-eabi/lib/armv6k/fpu/libg.a(lib_a-errno.o)
 .text          0x000000000010a5a0        0x0 /opt/devkitpro/devkitARM/lib/gcc/arm-none-eabi/4.9.2/../../../../arm-none-eabi/lib/armv6k/fpu/libg.a(lib_a-strnlen.o)
 .text          0x000000000010a5a0        0x0 /opt/devkitpro/devkitARM/lib/gcc/arm-none-eabi/4.9.2/../../../../arm-none-eabi/lib/armv6k/fpu/libg.a(lib_a-strrchr.o)
 .text          0x000000000010a5a0        0x0 /opt/devkitpro/devkitARM/lib/gcc/arm-none-eabi/4.9.2/armv6k/fpu/crtend.o
 .text          0x000000000010a5a0        0x0 /opt/devkitpro/devkitARM/lib/gcc/arm-none-eabi/4.9.2/armv6k/fpu/crtn.o
 *(.text.*)
 .text.startup  0x000000000010a5a0      0x23c main.o
                0x000000000010a5a0                main
 .text.bsearch  0x000000000010a7dc       0x78 /opt/devkitpro/devkitARM/lib/gcc/arm-none-eabi/4.9.2/../../../../arm-none-eabi/lib/armv6k/fpu/libg.a(lib_a-bsearch.o)
                0x000000000010a7dc                bsearch
 .text.__set_ctype
                0x000000000010a854       0x18 /opt/devkitpro/devkitARM/lib/gcc/arm-none-eabi/4.9.2/../../../../arm-none-eabi/lib/armv6k/fpu/libg.a(lib_a-ctype_.o)
                0x000000000010a854                __set_ctype
 .text._fclose_r
                0x000000000010a86c      0x118 /opt/devkitpro/devkitARM/lib/gcc/arm-none-eabi/4.9.2/../../../../arm-none-eabi/lib/armv6k/fpu/libg.a(lib_a-fclose.o)
                0x000000000010a86c                _fclose_r
 .text.fclose   0x000000000010a984       0x18 /opt/devkitpro/devkitARM/lib/gcc/arm-none-eabi/4.9.2/../../../../arm-none-eabi/lib/armv6k/fpu/libg.a(lib_a-fclose.o)
                0x000000000010a984                fclose
 .text.__sflush_r
                0x000000000010a99c      0x238 /opt/devkitpro/devkitARM/lib/gcc/arm-none-eabi/4.9.2/../../../../arm-none-eabi/lib/armv6k/fpu/libg.a(lib_a-fflush.o)
                0x000000000010a99c                __sflush_r
 .text._fflush_r
                0x000000000010abd4       0x98 /opt/devkitpro/devkitARM/lib/gcc/arm-none-eabi/4.9.2/../../../../arm-none-eabi/lib/armv6k/fpu/libg.a(lib_a-fflush.o)
                0x000000000010abd4                _fflush_r
 .text.fflush   0x000000000010ac6c       0x38 /opt/devkitpro/devkitARM/lib/gcc/arm-none-eabi/4.9.2/../../../../arm-none-eabi/lib/armv6k/fpu/libg.a(lib_a-fflush.o)
                0x000000000010ac6c                fflush
 .text._cleanup_r
                0x000000000010aca4        0xc /opt/devkitpro/devkitARM/lib/gcc/arm-none-eabi/4.9.2/../../../../arm-none-eabi/lib/armv6k/fpu/libg.a(lib_a-findfp.o)
                0x000000000010aca4                _cleanup_r
 .text.__fp_lock
                0x000000000010acb0       0x1c /opt/devkitpro/devkitARM/lib/gcc/arm-none-eabi/4.9.2/../../../../arm-none-eabi/lib/armv6k/fpu/libg.a(lib_a-findfp.o)
 .text.__fp_unlock
                0x000000000010accc       0x1c /opt/devkitpro/devkitARM/lib/gcc/arm-none-eabi/4.9.2/../../../../arm-none-eabi/lib/armv6k/fpu/libg.a(lib_a-findfp.o)
 .text.__sinit.part.1
                0x000000000010ace8      0x15c /opt/devkitpro/devkitARM/lib/gcc/arm-none-eabi/4.9.2/../../../../arm-none-eabi/lib/armv6k/fpu/libg.a(lib_a-findfp.o)
 .text.__sfmoreglue
                0x000000000010ae44       0x48 /opt/devkitpro/devkitARM/lib/gcc/arm-none-eabi/4.9.2/../../../../arm-none-eabi/lib/armv6k/fpu/libg.a(lib_a-findfp.o)
                0x000000000010ae44                __sfmoreglue
 .text.__sfp    0x000000000010ae8c       0xe8 /opt/devkitpro/devkitARM/lib/gcc/arm-none-eabi/4.9.2/../../../../arm-none-eabi/lib/armv6k/fpu/libg.a(lib_a-findfp.o)
                0x000000000010ae8c                __sfp
 .text._cleanup
                0x000000000010af74       0x18 /opt/devkitpro/devkitARM/lib/gcc/arm-none-eabi/4.9.2/../../../../arm-none-eabi/lib/armv6k/fpu/libg.a(lib_a-findfp.o)
                0x000000000010af74                _cleanup
 .text.__sinit  0x000000000010af8c       0x10 /opt/devkitpro/devkitARM/lib/gcc/arm-none-eabi/4.9.2/../../../../arm-none-eabi/lib/armv6k/fpu/libg.a(lib_a-findfp.o)
                0x000000000010af8c                __sinit
 .text.__sfp_lock_acquire
                0x000000000010af9c        0x4 /opt/devkitpro/devkitARM/lib/gcc/arm-none-eabi/4.9.2/../../../../arm-none-eabi/lib/armv6k/fpu/libg.a(lib_a-findfp.o)
                0x000000000010af9c                __sfp_lock_acquire
 .text.__sfp_lock_release
                0x000000000010afa0        0x4 /opt/devkitpro/devkitARM/lib/gcc/arm-none-eabi/4.9.2/../../../../arm-none-eabi/lib/armv6k/fpu/libg.a(lib_a-findfp.o)
                0x000000000010afa0                __sfp_lock_release
 .text.__sinit_lock_acquire
                0x000000000010afa4        0x4 /opt/devkitpro/devkitARM/lib/gcc/arm-none-eabi/4.9.2/../../../../arm-none-eabi/lib/armv6k/fpu/libg.a(lib_a-findfp.o)
                0x000000000010afa4                __sinit_lock_acquire
 .text.__sinit_lock_release
                0x000000000010afa8        0x4 /opt/devkitpro/devkitARM/lib/gcc/arm-none-eabi/4.9.2/../../../../arm-none-eabi/lib/armv6k/fpu/libg.a(lib_a-findfp.o)
                0x000000000010afa8                __sinit_lock_release
 .text.__fp_lock_all
                0x000000000010afac       0x18 /opt/devkitpro/devkitARM/lib/gcc/arm-none-eabi/4.9.2/../../../../arm-none-eabi/lib/armv6k/fpu/libg.a(lib_a-findfp.o)
                0x000000000010afac                __fp_lock_all
 .text.__fp_unlock_all
                0x000000000010afc4       0x18 /opt/devkitpro/devkitARM/lib/gcc/arm-none-eabi/4.9.2/../../../../arm-none-eabi/lib/armv6k/fpu/libg.a(lib_a-findfp.o)
                0x000000000010afc4                __fp_unlock_all
 .text.__libc_fini_array
                0x000000000010afdc       0x40 /opt/devkitpro/devkitARM/lib/gcc/arm-none-eabi/4.9.2/../../../../arm-none-eabi/lib/armv6k/fpu/libg.a(lib_a-fini.o)
                0x000000000010afdc                __libc_fini_array
 .text._fopen_r
                0x000000000010b01c      0x130 /opt/devkitpro/devkitARM/lib/gcc/arm-none-eabi/4.9.2/../../../../arm-none-eabi/lib/armv6k/fpu/libg.a(lib_a-fopen.o)
                0x000000000010b01c                _fopen_r
 .text.fopen    0x000000000010b14c       0x20 /opt/devkitpro/devkitARM/lib/gcc/arm-none-eabi/4.9.2/../../../../arm-none-eabi/lib/armv6k/fpu/libg.a(lib_a-fopen.o)
                0x000000000010b14c                fopen
 .text._fread_r
                0x000000000010b16c      0x2f0 /opt/devkitpro/devkitARM/lib/gcc/arm-none-eabi/4.9.2/../../../../arm-none-eabi/lib/armv6k/fpu/libg.a(lib_a-fread.o)
                0x000000000010b16c                _fread_r
 .text.fread    0x000000000010b45c       0x38 /opt/devkitpro/devkitARM/lib/gcc/arm-none-eabi/4.9.2/../../../../arm-none-eabi/lib/armv6k/fpu/libg.a(lib_a-fread.o)
                0x000000000010b45c                fread
 .text._malloc_trim_r
                0x000000000010b494       0xf8 /opt/devkitpro/devkitARM/lib/gcc/arm-none-eabi/4.9.2/../../../../arm-none-eabi/lib/armv6k/fpu/libg.a(lib_a-freer.o)
                0x000000000010b494                _malloc_trim_r
 .text._free_r  0x000000000010b58c      0x2b4 /opt/devkitpro/devkitARM/lib/gcc/arm-none-eabi/4.9.2/../../../../arm-none-eabi/lib/armv6k/fpu/libg.a(lib_a-freer.o)
                0x000000000010b58c                _free_r
 .text._fseek_r
                0x000000000010b840        0x4 /opt/devkitpro/devkitARM/lib/gcc/arm-none-eabi/4.9.2/../../../../arm-none-eabi/lib/armv6k/fpu/libg.a(lib_a-fseek.o)
                0x000000000010b840                _fseek_r
 .text.fseek    0x000000000010b844       0x28 /opt/devkitpro/devkitARM/lib/gcc/arm-none-eabi/4.9.2/../../../../arm-none-eabi/lib/armv6k/fpu/libg.a(lib_a-fseek.o)
                0x000000000010b844                fseek
 .text._fseeko_r
                0x000000000010b86c      0x4f8 /opt/devkitpro/devkitARM/lib/gcc/arm-none-eabi/4.9.2/../../../../arm-none-eabi/lib/armv6k/fpu/libg.a(lib_a-fseeko.o)
                0x000000000010b86c                _fseeko_r
 .text.fseeko   0x000000000010bd64       0x28 /opt/devkitpro/devkitARM/lib/gcc/arm-none-eabi/4.9.2/../../../../arm-none-eabi/lib/armv6k/fpu/libg.a(lib_a-fseeko.o)
                0x000000000010bd64                fseeko
 .text._ftell_r
                0x000000000010bd8c        0x4 /opt/devkitpro/devkitARM/lib/gcc/arm-none-eabi/4.9.2/../../../../arm-none-eabi/lib/armv6k/fpu/libg.a(lib_a-ftell.o)
                0x000000000010bd8c                _ftell_r
 .text.ftell    0x000000000010bd90       0x18 /opt/devkitpro/devkitARM/lib/gcc/arm-none-eabi/4.9.2/../../../../arm-none-eabi/lib/armv6k/fpu/libg.a(lib_a-ftell.o)
                0x000000000010bd90                ftell
 .text._ftello_r
                0x000000000010bda8      0x164 /opt/devkitpro/devkitARM/lib/gcc/arm-none-eabi/4.9.2/../../../../arm-none-eabi/lib/armv6k/fpu/libg.a(lib_a-ftello.o)
                0x000000000010bda8                _ftello_r
 .text.ftello   0x000000000010bf0c       0x18 /opt/devkitpro/devkitARM/lib/gcc/arm-none-eabi/4.9.2/../../../../arm-none-eabi/lib/armv6k/fpu/libg.a(lib_a-ftello.o)
                0x000000000010bf0c                ftello
 .text._fwalk   0x000000000010bf24       0x78 /opt/devkitpro/devkitARM/lib/gcc/arm-none-eabi/4.9.2/../../../../arm-none-eabi/lib/armv6k/fpu/libg.a(lib_a-fwalk.o)
                0x000000000010bf24                _fwalk
 .text._fwalk_reent
                0x000000000010bf9c       0x80 /opt/devkitpro/devkitARM/lib/gcc/arm-none-eabi/4.9.2/../../../../arm-none-eabi/lib/armv6k/fpu/libg.a(lib_a-fwalk.o)
                0x000000000010bf9c                _fwalk_reent
 .text.__libc_init_array
                0x000000000010c01c       0x78 /opt/devkitpro/devkitARM/lib/gcc/arm-none-eabi/4.9.2/../../../../arm-none-eabi/lib/armv6k/fpu/libg.a(lib_a-init.o)
                0x000000000010c01c                __libc_init_array
 .text.iprintf  0x000000000010c094       0x38 /opt/devkitpro/devkitARM/lib/gcc/arm-none-eabi/4.9.2/../../../../arm-none-eabi/lib/armv6k/fpu/libg.a(lib_a-iprintf.o)
                0x000000000010c094                iprintf
 .text._iprintf_r
                0x000000000010c0cc       0x34 /opt/devkitpro/devkitARM/lib/gcc/arm-none-eabi/4.9.2/../../../../arm-none-eabi/lib/armv6k/fpu/libg.a(lib_a-iprintf.o)
                0x000000000010c0cc                _iprintf_r
 .text.__smakebuf_r
                0x000000000010c100      0x160 /opt/devkitpro/devkitARM/lib/gcc/arm-none-eabi/4.9.2/../../../../arm-none-eabi/lib/armv6k/fpu/libg.a(lib_a-makebuf.o)
                0x000000000010c100                __smakebuf_r
 .text.malloc   0x000000000010c260       0x18 /opt/devkitpro/devkitARM/lib/gcc/arm-none-eabi/4.9.2/../../../../arm-none-eabi/lib/armv6k/fpu/libg.a(lib_a-malloc.o)
                0x000000000010c260                malloc
 .text.free     0x000000000010c278       0x18 /opt/devkitpro/devkitARM/lib/gcc/arm-none-eabi/4.9.2/../../../../arm-none-eabi/lib/armv6k/fpu/libg.a(lib_a-malloc.o)
                0x000000000010c278                free
 .text._malloc_r
                0x000000000010c290      0x740 /opt/devkitpro/devkitARM/lib/gcc/arm-none-eabi/4.9.2/../../../../arm-none-eabi/lib/armv6k/fpu/libg.a(lib_a-mallocr.o)
                0x000000000010c290                _malloc_r
 .text.memcpy   0x000000000010c9d0       0xf4 /opt/devkitpro/devkitARM/lib/gcc/arm-none-eabi/4.9.2/../../../../arm-none-eabi/lib/armv6k/fpu/libg.a(lib_a-memcpy.o)
                0x000000000010c9d0                memcpy
 .text.memset   0x000000000010cac4       0xf0 /opt/devkitpro/devkitARM/lib/gcc/arm-none-eabi/4.9.2/../../../../arm-none-eabi/lib/armv6k/fpu/libg.a(lib_a-memset.o)
                0x000000000010cac4                memset
 .text.__malloc_lock
                0x000000000010cbb4        0x4 /opt/devkitpro/devkitARM/lib/gcc/arm-none-eabi/4.9.2/../../../../arm-none-eabi/lib/armv6k/fpu/libg.a(lib_a-mlock.o)
                0x000000000010cbb4                __malloc_lock
 .text.__malloc_unlock
                0x000000000010cbb8        0x4 /opt/devkitpro/devkitARM/lib/gcc/arm-none-eabi/4.9.2/../../../../arm-none-eabi/lib/armv6k/fpu/libg.a(lib_a-mlock.o)
                0x000000000010cbb8                __malloc_unlock
 .text._printf_r
                0x000000000010cbbc       0x34 /opt/devkitpro/devkitARM/lib/gcc/arm-none-eabi/4.9.2/../../../../arm-none-eabi/lib/armv6k/fpu/libg.a(lib_a-printf.o)
                0x000000000010cbbc                _printf_r
 .text.printf   0x000000000010cbf0       0x38 /opt/devkitpro/devkitARM/lib/gcc/arm-none-eabi/4.9.2/../../../../arm-none-eabi/lib/armv6k/fpu/libg.a(lib_a-printf.o)
                0x000000000010cbf0                printf
 .text.lflush   0x000000000010cc28       0x1c /opt/devkitpro/devkitARM/lib/gcc/arm-none-eabi/4.9.2/../../../../arm-none-eabi/lib/armv6k/fpu/libg.a(lib_a-refill.o)
 .text.__srefill_r
                0x000000000010cc44      0x1d8 /opt/devkitpro/devkitARM/lib/gcc/arm-none-eabi/4.9.2/../../../../arm-none-eabi/lib/armv6k/fpu/libg.a(lib_a-refill.o)
                0x000000000010cc44                __srefill_r
 .text._rewind_r
                0x000000000010ce1c       0x24 /opt/devkitpro/devkitARM/lib/gcc/arm-none-eabi/4.9.2/../../../../arm-none-eabi/lib/armv6k/fpu/libg.a(lib_a-rewind.o)
                0x000000000010ce1c                _rewind_r
 .text.rewind   0x000000000010ce40       0x2c /opt/devkitpro/devkitARM/lib/gcc/arm-none-eabi/4.9.2/../../../../arm-none-eabi/lib/armv6k/fpu/libg.a(lib_a-rewind.o)
                0x000000000010ce40                rewind
 .text.setvbuf  0x000000000010ce6c      0x1e8 /opt/devkitpro/devkitARM/lib/gcc/arm-none-eabi/4.9.2/../../../../arm-none-eabi/lib/armv6k/fpu/libg.a(lib_a-setvbuf.o)
                0x000000000010ce6c                setvbuf
 .text.sscanf   0x000000000010d054       0x74 /opt/devkitpro/devkitARM/lib/gcc/arm-none-eabi/4.9.2/../../../../arm-none-eabi/lib/armv6k/fpu/libg.a(lib_a-sscanf.o)
                0x000000000010d054                sscanf
 .text._sscanf_r
                0x000000000010d0c8       0x80 /opt/devkitpro/devkitARM/lib/gcc/arm-none-eabi/4.9.2/../../../../arm-none-eabi/lib/armv6k/fpu/libg.a(lib_a-sscanf.o)
                0x000000000010d0c8                _sscanf_r
 .text.__sread  0x000000000010d148       0x30 /opt/devkitpro/devkitARM/lib/gcc/arm-none-eabi/4.9.2/../../../../arm-none-eabi/lib/armv6k/fpu/libg.a(lib_a-stdio.o)
                0x000000000010d148                __sread
 .text.__seofread
                0x000000000010d178        0x8 /opt/devkitpro/devkitARM/lib/gcc/arm-none-eabi/4.9.2/../../../../arm-none-eabi/lib/armv6k/fpu/libg.a(lib_a-stdio.o)
                0x000000000010d178                __seofread
 .text.__swrite
                0x000000000010d180       0x54 /opt/devkitpro/devkitARM/lib/gcc/arm-none-eabi/4.9.2/../../../../arm-none-eabi/lib/armv6k/fpu/libg.a(lib_a-stdio.o)
                0x000000000010d180                __swrite
 .text.__sseek  0x000000000010d1d4       0x2c /opt/devkitpro/devkitARM/lib/gcc/arm-none-eabi/4.9.2/../../../../arm-none-eabi/lib/armv6k/fpu/libg.a(lib_a-stdio.o)
                0x000000000010d1d4                __sseek
 .text.__sclose
                0x000000000010d200        0x8 /opt/devkitpro/devkitARM/lib/gcc/arm-none-eabi/4.9.2/../../../../arm-none-eabi/lib/armv6k/fpu/libg.a(lib_a-stdio.o)
                0x000000000010d200                __sclose
 .text.strchr   0x000000000010d208      0x16c /opt/devkitpro/devkitARM/lib/gcc/arm-none-eabi/4.9.2/../../../../arm-none-eabi/lib/armv6k/fpu/libg.a(lib_a-strchr.o)
                0x000000000010d208                strchr
 .text.strcpy   0x000000000010d374       0xf0 /opt/devkitpro/devkitARM/lib/gcc/arm-none-eabi/4.9.2/../../../../arm-none-eabi/lib/armv6k/fpu/libg.a(lib_a-strcpy.o)
                0x000000000010d374                strcpy
 .text.strcspn  0x000000000010d464       0x60 /opt/devkitpro/devkitARM/lib/gcc/arm-none-eabi/4.9.2/../../../../arm-none-eabi/lib/armv6k/fpu/libg.a(lib_a-strcspn.o)
                0x000000000010d464                strcspn
 .text.strlen   0x000000000010d4c4       0x5c /opt/devkitpro/devkitARM/lib/gcc/arm-none-eabi/4.9.2/../../../../arm-none-eabi/lib/armv6k/fpu/libg.a(lib_a-strlen.o)
                0x000000000010d4c4                strlen
 .text.strncat  0x000000000010d520       0xa4 /opt/devkitpro/devkitARM/lib/gcc/arm-none-eabi/4.9.2/../../../../arm-none-eabi/lib/armv6k/fpu/libg.a(lib_a-strncat.o)
                0x000000000010d520                strncat
 .text.strncpy  0x000000000010d5c4       0xe0 /opt/devkitpro/devkitARM/lib/gcc/arm-none-eabi/4.9.2/../../../../arm-none-eabi/lib/armv6k/fpu/libg.a(lib_a-strncpy.o)
                0x000000000010d5c4                strncpy
 .text.__ssvfscanf_r
                0x000000000010d6a4     0x2aec /opt/devkitpro/devkitARM/lib/gcc/arm-none-eabi/4.9.2/../../../../arm-none-eabi/lib/armv6k/fpu/libg.a(lib_a-svfscanf.o)
                0x000000000010d6a4                __ssvfscanf_r
 .text.get_arg  0x0000000000110190      0x860 /opt/devkitpro/devkitARM/lib/gcc/arm-none-eabi/4.9.2/../../../../arm-none-eabi/lib/armv6k/fpu/libg.a(lib_a-vfiprintf.o)
 .text.__sprint_r.part.0
                0x00000000001109f0       0xa4 /opt/devkitpro/devkitARM/lib/gcc/arm-none-eabi/4.9.2/../../../../arm-none-eabi/lib/armv6k/fpu/libg.a(lib_a-vfiprintf.o)
 .text.__sprint_r
                0x0000000000110a94       0x1c /opt/devkitpro/devkitARM/lib/gcc/arm-none-eabi/4.9.2/../../../../arm-none-eabi/lib/armv6k/fpu/libg.a(lib_a-vfiprintf.o)
                0x0000000000110a94                __sprint_r
 .text._vfiprintf_r
                0x0000000000110ab0     0x3114 /opt/devkitpro/devkitARM/lib/gcc/arm-none-eabi/4.9.2/../../../../arm-none-eabi/lib/armv6k/fpu/libg.a(lib_a-vfiprintf.o)
                0x0000000000110ab0                _vfiprintf_r
 .text.vfiprintf
                0x0000000000113bc4       0x28 /opt/devkitpro/devkitARM/lib/gcc/arm-none-eabi/4.9.2/../../../../arm-none-eabi/lib/armv6k/fpu/libg.a(lib_a-vfiprintf.o)
                0x0000000000113bc4                vfiprintf
 .text.__sbprintf
                0x0000000000113bec       0xa8 /opt/devkitpro/devkitARM/lib/gcc/arm-none-eabi/4.9.2/../../../../arm-none-eabi/lib/armv6k/fpu/libg.a(lib_a-vfiprintf.o)
 .text.get_arg  0x0000000000113c94      0x860 /opt/devkitpro/devkitARM/lib/gcc/arm-none-eabi/4.9.2/../../../../arm-none-eabi/lib/armv6k/fpu/libg.a(lib_a-vfprintf.o)
 *fill*         0x00000000001144f4        0x4 
 .text._vfprintf_r
                0x00000000001144f8     0x4408 /opt/devkitpro/devkitARM/lib/gcc/arm-none-eabi/4.9.2/../../../../arm-none-eabi/lib/armv6k/fpu/libg.a(lib_a-vfprintf.o)
                0x00000000001144f8                _vfprintf_r
 .text.vfprintf
                0x0000000000118900       0x28 /opt/devkitpro/devkitARM/lib/gcc/arm-none-eabi/4.9.2/../../../../arm-none-eabi/lib/armv6k/fpu/libg.a(lib_a-vfprintf.o)
                0x0000000000118900                vfprintf
 .text.__sbprintf
                0x0000000000118928       0xa8 /opt/devkitpro/devkitARM/lib/gcc/arm-none-eabi/4.9.2/../../../../arm-none-eabi/lib/armv6k/fpu/libg.a(lib_a-vfprintf.o)
 .text._wcrtomb_r
                0x00000000001189d0       0x8c /opt/devkitpro/devkitARM/lib/gcc/arm-none-eabi/4.9.2/../../../../arm-none-eabi/lib/armv6k/fpu/libg.a(lib_a-wcrtomb.o)
                0x00000000001189d0                _wcrtomb_r
 .text.wcrtomb  0x0000000000118a5c       0x94 /opt/devkitpro/devkitARM/lib/gcc/arm-none-eabi/4.9.2/../../../../arm-none-eabi/lib/armv6k/fpu/libg.a(lib_a-wcrtomb.o)
                0x0000000000118a5c                wcrtomb
 .text._wcsrtombs_r
                0x0000000000118af0       0x20 /opt/devkitpro/devkitARM/lib/gcc/arm-none-eabi/4.9.2/../../../../arm-none-eabi/lib/armv6k/fpu/libg.a(lib_a-wcsrtombs.o)
                0x0000000000118af0                _wcsrtombs_r
 .text.wcsrtombs
                0x0000000000118b10       0x3c /opt/devkitpro/devkitARM/lib/gcc/arm-none-eabi/4.9.2/../../../../arm-none-eabi/lib/armv6k/fpu/libg.a(lib_a-wcsrtombs.o)
                0x0000000000118b10                wcsrtombs
 .text.__utf8_wctomb
                0x0000000000118b4c      0x114 /opt/devkitpro/devkitARM/lib/gcc/arm-none-eabi/4.9.2/../../../../arm-none-eabi/lib/armv6k/fpu/libg.a(lib_a-wctomb_r.o)
                0x0000000000118b4c                __utf8_wctomb
 .text._wctomb_r
                0x0000000000118c60       0x48 /opt/devkitpro/devkitARM/lib/gcc/arm-none-eabi/4.9.2/../../../../arm-none-eabi/lib/armv6k/fpu/libg.a(lib_a-wctomb_r.o)
                0x0000000000118c60                _wctomb_r
 .text.__ascii_wctomb
                0x0000000000118ca8       0x28 /opt/devkitpro/devkitARM/lib/gcc/arm-none-eabi/4.9.2/../../../../arm-none-eabi/lib/armv6k/fpu/libg.a(lib_a-wctomb_r.o)
                0x0000000000118ca8                __ascii_wctomb
 .text.__sjis_wctomb
                0x0000000000118cd0       0x84 /opt/devkitpro/devkitARM/lib/gcc/arm-none-eabi/4.9.2/../../../../arm-none-eabi/lib/armv6k/fpu/libg.a(lib_a-wctomb_r.o)
                0x0000000000118cd0                __sjis_wctomb
 .text.__eucjp_wctomb
                0x0000000000118d54       0xc8 /opt/devkitpro/devkitARM/lib/gcc/arm-none-eabi/4.9.2/../../../../arm-none-eabi/lib/armv6k/fpu/libg.a(lib_a-wctomb_r.o)
                0x0000000000118d54                __eucjp_wctomb
 .text.__jis_wctomb
                0x0000000000118e1c       0xd4 /opt/devkitpro/devkitARM/lib/gcc/arm-none-eabi/4.9.2/../../../../arm-none-eabi/lib/armv6k/fpu/libg.a(lib_a-wctomb_r.o)
                0x0000000000118e1c                __jis_wctomb
 .text.__swsetup_r
                0x0000000000118ef0      0x14c /opt/devkitpro/devkitARM/lib/gcc/arm-none-eabi/4.9.2/../../../../arm-none-eabi/lib/armv6k/fpu/libg.a(lib_a-wsetup.o)
                0x0000000000118ef0                __swsetup_r
 .text.quorem   0x000000000011903c      0x1c0 /opt/devkitpro/devkitARM/lib/gcc/arm-none-eabi/4.9.2/../../../../arm-none-eabi/lib/armv6k/fpu/libg.a(lib_a-dtoa.o)
 *fill*         0x00000000001191fc        0x4 
 .text._dtoa_r  0x0000000000119200     0x12e0 /opt/devkitpro/devkitARM/lib/gcc/arm-none-eabi/4.9.2/../../../../arm-none-eabi/lib/armv6k/fpu/libg.a(lib_a-dtoa.o)
                0x0000000000119200                _dtoa_r
 .text.__sflags
                0x000000000011a4e0       0xb0 /opt/devkitpro/devkitARM/lib/gcc/arm-none-eabi/4.9.2/../../../../arm-none-eabi/lib/armv6k/fpu/libg.a(lib_a-flags.o)
                0x000000000011a4e0                __sflags
 .text.__fputwc
                0x000000000011a590      0x124 /opt/devkitpro/devkitARM/lib/gcc/arm-none-eabi/4.9.2/../../../../arm-none-eabi/lib/armv6k/fpu/libg.a(lib_a-fputwc.o)
                0x000000000011a590                __fputwc
 .text._fputwc_r
                0x000000000011a6b4       0xa8 /opt/devkitpro/devkitARM/lib/gcc/arm-none-eabi/4.9.2/../../../../arm-none-eabi/lib/armv6k/fpu/libg.a(lib_a-fputwc.o)
                0x000000000011a6b4                _fputwc_r
 .text.fputwc   0x000000000011a75c       0x3c /opt/devkitpro/devkitARM/lib/gcc/arm-none-eabi/4.9.2/../../../../arm-none-eabi/lib/armv6k/fpu/libg.a(lib_a-fputwc.o)
                0x000000000011a75c                fputwc
 .text.__sfvwrite_r
                0x000000000011a798      0x4c4 /opt/devkitpro/devkitARM/lib/gcc/arm-none-eabi/4.9.2/../../../../arm-none-eabi/lib/armv6k/fpu/libg.a(lib_a-fvwrite.o)
                0x000000000011a798                __sfvwrite_r
 .text.iswspace
                0x000000000011ac5c       0x74 /opt/devkitpro/devkitARM/lib/gcc/arm-none-eabi/4.9.2/../../../../arm-none-eabi/lib/armv6k/fpu/libg.a(lib_a-iswspace.o)
                0x000000000011ac5c                iswspace
 .text.__jp2uc  0x000000000011acd0      0x204 /opt/devkitpro/devkitARM/lib/gcc/arm-none-eabi/4.9.2/../../../../arm-none-eabi/lib/armv6k/fpu/libg.a(lib_a-jp2uc.o)
 .text._jp2uc   0x000000000011aed4       0x84 /opt/devkitpro/devkitARM/lib/gcc/arm-none-eabi/4.9.2/../../../../arm-none-eabi/lib/armv6k/fpu/libg.a(lib_a-jp2uc.o)
                0x000000000011aed4                _jp2uc
 .text.__get_locale_env
                0x000000000011af58       0x8c /opt/devkitpro/devkitARM/lib/gcc/arm-none-eabi/4.9.2/../../../../arm-none-eabi/lib/armv6k/fpu/libg.a(lib_a-locale.o)
 .text.loadlocale
                0x000000000011afe4      0x8a4 /opt/devkitpro/devkitARM/lib/gcc/arm-none-eabi/4.9.2/../../../../arm-none-eabi/lib/armv6k/fpu/libg.a(lib_a-locale.o)
 .text.currentlocale
                0x000000000011b888       0x88 /opt/devkitpro/devkitARM/lib/gcc/arm-none-eabi/4.9.2/../../../../arm-none-eabi/lib/armv6k/fpu/libg.a(lib_a-locale.o)
 .text._setlocale_r
                0x000000000011b910      0x300 /opt/devkitpro/devkitARM/lib/gcc/arm-none-eabi/4.9.2/../../../../arm-none-eabi/lib/armv6k/fpu/libg.a(lib_a-locale.o)
                0x000000000011b910                _setlocale_r
 .text.__locale_charset
                0x000000000011bc10        0xc /opt/devkitpro/devkitARM/lib/gcc/arm-none-eabi/4.9.2/../../../../arm-none-eabi/lib/armv6k/fpu/libg.a(lib_a-locale.o)
                0x000000000011bc10                __locale_charset
 .text.__locale_mb_cur_max
                0x000000000011bc1c       0x10 /opt/devkitpro/devkitARM/lib/gcc/arm-none-eabi/4.9.2/../../../../arm-none-eabi/lib/armv6k/fpu/libg.a(lib_a-locale.o)
                0x000000000011bc1c                __locale_mb_cur_max
 .text.__locale_msgcharset
                0x000000000011bc2c        0xc /opt/devkitpro/devkitARM/lib/gcc/arm-none-eabi/4.9.2/../../../../arm-none-eabi/lib/armv6k/fpu/libg.a(lib_a-locale.o)
                0x000000000011bc2c                __locale_msgcharset
 .text.__locale_cjk_lang
                0x000000000011bc38       0x10 /opt/devkitpro/devkitARM/lib/gcc/arm-none-eabi/4.9.2/../../../../arm-none-eabi/lib/armv6k/fpu/libg.a(lib_a-locale.o)
                0x000000000011bc38                __locale_cjk_lang
 .text._localeconv_r
                0x000000000011bc48        0xc /opt/devkitpro/devkitARM/lib/gcc/arm-none-eabi/4.9.2/../../../../arm-none-eabi/lib/armv6k/fpu/libg.a(lib_a-locale.o)
                0x000000000011bc48                _localeconv_r
 .text.setlocale
                0x000000000011bc54       0x20 /opt/devkitpro/devkitARM/lib/gcc/arm-none-eabi/4.9.2/../../../../arm-none-eabi/lib/armv6k/fpu/libg.a(lib_a-locale.o)
                0x000000000011bc54                setlocale
 .text.localeconv
                0x000000000011bc74       0x14 /opt/devkitpro/devkitARM/lib/gcc/arm-none-eabi/4.9.2/../../../../arm-none-eabi/lib/armv6k/fpu/libg.a(lib_a-locale.o)
                0x000000000011bc74                localeconv
 .text._mbrtowc_r
                0x000000000011bc88       0x98 /opt/devkitpro/devkitARM/lib/gcc/arm-none-eabi/4.9.2/../../../../arm-none-eabi/lib/armv6k/fpu/libg.a(lib_a-mbrtowc.o)
                0x000000000011bc88                _mbrtowc_r
 .text.mbrtowc  0x000000000011bd20       0x9c /opt/devkitpro/devkitARM/lib/gcc/arm-none-eabi/4.9.2/../../../../arm-none-eabi/lib/armv6k/fpu/libg.a(lib_a-mbrtowc.o)
                0x000000000011bd20                mbrtowc
 .text.__utf8_mbtowc
                0x000000000011bdbc      0x2fc /opt/devkitpro/devkitARM/lib/gcc/arm-none-eabi/4.9.2/../../../../arm-none-eabi/lib/armv6k/fpu/libg.a(lib_a-mbtowc_r.o)
                0x000000000011bdbc                __utf8_mbtowc
 .text._mbtowc_r
                0x000000000011c0b8       0x4c /opt/devkitpro/devkitARM/lib/gcc/arm-none-eabi/4.9.2/../../../../arm-none-eabi/lib/armv6k/fpu/libg.a(lib_a-mbtowc_r.o)
                0x000000000011c0b8                _mbtowc_r
 .text.__ascii_mbtowc
                0x000000000011c104       0x4c /opt/devkitpro/devkitARM/lib/gcc/arm-none-eabi/4.9.2/../../../../arm-none-eabi/lib/armv6k/fpu/libg.a(lib_a-mbtowc_r.o)
                0x000000000011c104                __ascii_mbtowc
 .text.__sjis_mbtowc
                0x000000000011c150       0xd4 /opt/devkitpro/devkitARM/lib/gcc/arm-none-eabi/4.9.2/../../../../arm-none-eabi/lib/armv6k/fpu/libg.a(lib_a-mbtowc_r.o)
                0x000000000011c150                __sjis_mbtowc
 .text.__eucjp_mbtowc
                0x000000000011c224      0x140 /opt/devkitpro/devkitARM/lib/gcc/arm-none-eabi/4.9.2/../../../../arm-none-eabi/lib/armv6k/fpu/libg.a(lib_a-mbtowc_r.o)
                0x000000000011c224                __eucjp_mbtowc
 .text.__jis_mbtowc
                0x000000000011c364      0x1a8 /opt/devkitpro/devkitARM/lib/gcc/arm-none-eabi/4.9.2/../../../../arm-none-eabi/lib/armv6k/fpu/libg.a(lib_a-mbtowc_r.o)
                0x000000000011c364                __jis_mbtowc
 .text.memchr   0x000000000011c50c      0x120 /opt/devkitpro/devkitARM/lib/gcc/arm-none-eabi/4.9.2/../../../../arm-none-eabi/lib/armv6k/fpu/libg.a(lib_a-memchr.o)
                0x000000000011c50c                memchr
 .text.memmove  0x000000000011c62c      0x12c /opt/devkitpro/devkitARM/lib/gcc/arm-none-eabi/4.9.2/../../../../arm-none-eabi/lib/armv6k/fpu/libg.a(lib_a-memmove.o)
                0x000000000011c62c                memmove
 .text._Balloc  0x000000000011c758       0x8c /opt/devkitpro/devkitARM/lib/gcc/arm-none-eabi/4.9.2/../../../../arm-none-eabi/lib/armv6k/fpu/libg.a(lib_a-mprec.o)
                0x000000000011c758                _Balloc
 .text._Bfree   0x000000000011c7e4       0x1c /opt/devkitpro/devkitARM/lib/gcc/arm-none-eabi/4.9.2/../../../../arm-none-eabi/lib/armv6k/fpu/libg.a(lib_a-mprec.o)
                0x000000000011c7e4                _Bfree
 .text.__multadd
                0x000000000011c800       0xd0 /opt/devkitpro/devkitARM/lib/gcc/arm-none-eabi/4.9.2/../../../../arm-none-eabi/lib/armv6k/fpu/libg.a(lib_a-mprec.o)
                0x000000000011c800                __multadd
 .text.__s2b    0x000000000011c8d0       0xe4 /opt/devkitpro/devkitARM/lib/gcc/arm-none-eabi/4.9.2/../../../../arm-none-eabi/lib/armv6k/fpu/libg.a(lib_a-mprec.o)
                0x000000000011c8d0                __s2b
 .text.__hi0bits
                0x000000000011c9b4       0x5c /opt/devkitpro/devkitARM/lib/gcc/arm-none-eabi/4.9.2/../../../../arm-none-eabi/lib/armv6k/fpu/libg.a(lib_a-mprec.o)
                0x000000000011c9b4                __hi0bits
 .text.__lo0bits
                0x000000000011ca10       0x98 /opt/devkitpro/devkitARM/lib/gcc/arm-none-eabi/4.9.2/../../../../arm-none-eabi/lib/armv6k/fpu/libg.a(lib_a-mprec.o)
                0x000000000011ca10                __lo0bits
 .text.__i2b    0x000000000011caa8       0x20 /opt/devkitpro/devkitARM/lib/gcc/arm-none-eabi/4.9.2/../../../../arm-none-eabi/lib/armv6k/fpu/libg.a(lib_a-mprec.o)
                0x000000000011caa8                __i2b
 .text.__multiply
                0x000000000011cac8      0x1dc /opt/devkitpro/devkitARM/lib/gcc/arm-none-eabi/4.9.2/../../../../arm-none-eabi/lib/armv6k/fpu/libg.a(lib_a-mprec.o)
                0x000000000011cac8                __multiply
 .text.__pow5mult
                0x000000000011cca4      0x100 /opt/devkitpro/devkitARM/lib/gcc/arm-none-eabi/4.9.2/../../../../arm-none-eabi/lib/armv6k/fpu/libg.a(lib_a-mprec.o)
                0x000000000011cca4                __pow5mult
 .text.__lshift
                0x000000000011cda4       0xf4 /opt/devkitpro/devkitARM/lib/gcc/arm-none-eabi/4.9.2/../../../../arm-none-eabi/lib/armv6k/fpu/libg.a(lib_a-mprec.o)
                0x000000000011cda4                __lshift
 .text.__mcmp   0x000000000011ce98       0x64 /opt/devkitpro/devkitARM/lib/gcc/arm-none-eabi/4.9.2/../../../../arm-none-eabi/lib/armv6k/fpu/libg.a(lib_a-mprec.o)
                0x000000000011ce98                __mcmp
 .text.__mdiff  0x000000000011cefc      0x13c /opt/devkitpro/devkitARM/lib/gcc/arm-none-eabi/4.9.2/../../../../arm-none-eabi/lib/armv6k/fpu/libg.a(lib_a-mprec.o)
                0x000000000011cefc                __mdiff
 .text.__ulp    0x000000000011d038       0x74 /opt/devkitpro/devkitARM/lib/gcc/arm-none-eabi/4.9.2/../../../../arm-none-eabi/lib/armv6k/fpu/libg.a(lib_a-mprec.o)
                0x000000000011d038                __ulp
 .text.__b2d    0x000000000011d0ac       0xe4 /opt/devkitpro/devkitARM/lib/gcc/arm-none-eabi/4.9.2/../../../../arm-none-eabi/lib/armv6k/fpu/libg.a(lib_a-mprec.o)
                0x000000000011d0ac                __b2d
 .text.__d2b    0x000000000011d190      0x104 /opt/devkitpro/devkitARM/lib/gcc/arm-none-eabi/4.9.2/../../../../arm-none-eabi/lib/armv6k/fpu/libg.a(lib_a-mprec.o)
                0x000000000011d190                __d2b
 .text.__ratio  0x000000000011d294       0x7c /opt/devkitpro/devkitARM/lib/gcc/arm-none-eabi/4.9.2/../../../../arm-none-eabi/lib/armv6k/fpu/libg.a(lib_a-mprec.o)
                0x000000000011d294                __ratio
 .text._mprec_log10
                0x000000000011d310       0x48 /opt/devkitpro/devkitARM/lib/gcc/arm-none-eabi/4.9.2/../../../../arm-none-eabi/lib/armv6k/fpu/libg.a(lib_a-mprec.o)
                0x000000000011d310                _mprec_log10
 .text.__copybits
                0x000000000011d358       0x6c /opt/devkitpro/devkitARM/lib/gcc/arm-none-eabi/4.9.2/../../../../arm-none-eabi/lib/armv6k/fpu/libg.a(lib_a-mprec.o)
                0x000000000011d358                __copybits
 .text.__any_on
                0x000000000011d3c4       0x80 /opt/devkitpro/devkitARM/lib/gcc/arm-none-eabi/4.9.2/../../../../arm-none-eabi/lib/armv6k/fpu/libg.a(lib_a-mprec.o)
                0x000000000011d3c4                __any_on
 .text._realloc_r
                0x000000000011d444      0x564 /opt/devkitpro/devkitARM/lib/gcc/arm-none-eabi/4.9.2/../../../../arm-none-eabi/lib/armv6k/fpu/libg.a(lib_a-reallocr.o)
                0x000000000011d444                _realloc_r
 .text.__sccl   0x000000000011d9a8       0xd8 /opt/devkitpro/devkitARM/lib/gcc/arm-none-eabi/4.9.2/../../../../arm-none-eabi/lib/armv6k/fpu/libg.a(lib_a-sccl.o)
                0x000000000011d9a8                __sccl
 .text.nanf     0x000000000011da80        0xc /opt/devkitpro/devkitARM/lib/gcc/arm-none-eabi/4.9.2/../../../../arm-none-eabi/lib/armv6k/fpu/libg.a(lib_a-sf_nan.o)
                0x000000000011da80                nanf
 .text.__fpclassifyd
                0x000000000011da8c       0x74 /opt/devkitpro/devkitARM/lib/gcc/arm-none-eabi/4.9.2/../../../../arm-none-eabi/lib/armv6k/fpu/libg.a(lib_a-s_fpclassify.o)
                0x000000000011da8c                __fpclassifyd
 .text.frexp    0x000000000011db00       0x98 /opt/devkitpro/devkitARM/lib/gcc/arm-none-eabi/4.9.2/../../../../arm-none-eabi/lib/armv6k/fpu/libg.a(lib_a-s_frexp.o)
                0x000000000011db00                frexp
 .text._sprintf_r
                0x000000000011db98       0x68 /opt/devkitpro/devkitARM/lib/gcc/arm-none-eabi/4.9.2/../../../../arm-none-eabi/lib/armv6k/fpu/libg.a(lib_a-sprintf.o)
                0x000000000011db98                _sprintf_r
 .text.sprintf  0x000000000011dc00       0x68 /opt/devkitpro/devkitARM/lib/gcc/arm-none-eabi/4.9.2/../../../../arm-none-eabi/lib/armv6k/fpu/libg.a(lib_a-sprintf.o)
                0x000000000011dc00                sprintf
 .text.stpncpy  0x000000000011dc68      0x108 /opt/devkitpro/devkitARM/lib/gcc/arm-none-eabi/4.9.2/../../../../arm-none-eabi/lib/armv6k/fpu/libg.a(lib_a-stpncpy.o)
                0x000000000011dc68                stpncpy
 .text.strcasecmp
                0x000000000011dd70       0x68 /opt/devkitpro/devkitARM/lib/gcc/arm-none-eabi/4.9.2/../../../../arm-none-eabi/lib/armv6k/fpu/libg.a(lib_a-strcasecmp.o)
                0x000000000011dd70                strcasecmp
 .text.strcat   0x000000000011ddd8       0x80 /opt/devkitpro/devkitARM/lib/gcc/arm-none-eabi/4.9.2/../../../../arm-none-eabi/lib/armv6k/fpu/libg.a(lib_a-strcat.o)
                0x000000000011ddd8                strcat
 .text.strlcpy  0x000000000011de58       0x48 /opt/devkitpro/devkitARM/lib/gcc/arm-none-eabi/4.9.2/../../../../arm-none-eabi/lib/armv6k/fpu/libg.a(lib_a-strlcpy.o)
                0x000000000011de58                strlcpy
 .text.strncasecmp
                0x000000000011dea0       0x8c /opt/devkitpro/devkitARM/lib/gcc/arm-none-eabi/4.9.2/../../../../arm-none-eabi/lib/armv6k/fpu/libg.a(lib_a-strncasecmp.o)
                0x000000000011dea0                strncasecmp
 .text.strncmp  0x000000000011df2c      0x110 /opt/devkitpro/devkitARM/lib/gcc/arm-none-eabi/4.9.2/../../../../arm-none-eabi/lib/armv6k/fpu/libg.a(lib_a-strncmp.o)
                0x000000000011df2c                strncmp
 .text.unlikely.sulp
                0x000000000011e03c       0x58 /opt/devkitpro/devkitARM/lib/gcc/arm-none-eabi/4.9.2/../../../../arm-none-eabi/lib/armv6k/fpu/libg.a(lib_a-strtod.o)
 *fill*         0x000000000011e094        0x4 
 .text._strtod_r
                0x000000000011e098     0x13e8 /opt/devkitpro/devkitARM/lib/gcc/arm-none-eabi/4.9.2/../../../../arm-none-eabi/lib/armv6k/fpu/libg.a(lib_a-strtod.o)
                0x000000000011e098                _strtod_r
 .text.strtod   0x000000000011f480       0x20 /opt/devkitpro/devkitARM/lib/gcc/arm-none-eabi/4.9.2/../../../../arm-none-eabi/lib/armv6k/fpu/libg.a(lib_a-strtod.o)
                0x000000000011f480                strtod
 .text.strtof   0x000000000011f4a0       0x48 /opt/devkitpro/devkitARM/lib/gcc/arm-none-eabi/4.9.2/../../../../arm-none-eabi/lib/armv6k/fpu/libg.a(lib_a-strtod.o)
                0x000000000011f4a0                strtof
 .text._strtoll_r
                0x000000000011f4e8      0x2a0 /opt/devkitpro/devkitARM/lib/gcc/arm-none-eabi/4.9.2/../../../../arm-none-eabi/lib/armv6k/fpu/libg.a(lib_a-strtoll_r.o)
                0x000000000011f4e8                _strtoll_r
 .text._strtol_r
                0x000000000011f788      0x1dc /opt/devkitpro/devkitARM/lib/gcc/arm-none-eabi/4.9.2/../../../../arm-none-eabi/lib/armv6k/fpu/libg.a(lib_a-strtol.o)
                0x000000000011f788                _strtol_r
 .text.strtol   0x000000000011f964       0x28 /opt/devkitpro/devkitARM/lib/gcc/arm-none-eabi/4.9.2/../../../../arm-none-eabi/lib/armv6k/fpu/libg.a(lib_a-strtol.o)
                0x000000000011f964                strtol
 .text._strtoull_r
                0x000000000011f98c      0x260 /opt/devkitpro/devkitARM/lib/gcc/arm-none-eabi/4.9.2/../../../../arm-none-eabi/lib/armv6k/fpu/libg.a(lib_a-strtoull_r.o)
                0x000000000011f98c                _strtoull_r
 .text._strtoul_r
                0x000000000011fbec      0x1cc /opt/devkitpro/devkitARM/lib/gcc/arm-none-eabi/4.9.2/../../../../arm-none-eabi/lib/armv6k/fpu/libg.a(lib_a-strtoul.o)
                0x000000000011fbec                _strtoul_r
 .text.strtoul  0x000000000011fdb8       0x28 /opt/devkitpro/devkitARM/lib/gcc/arm-none-eabi/4.9.2/../../../../arm-none-eabi/lib/armv6k/fpu/libg.a(lib_a-strtoul.o)
                0x000000000011fdb8                strtoul
 .text.get_arg  0x000000000011fde0      0x860 /opt/devkitpro/devkitARM/lib/gcc/arm-none-eabi/4.9.2/../../../../arm-none-eabi/lib/armv6k/fpu/libg.a(lib_a-svfiprintf.o)
 .text.__ssprint_r
                0x0000000000120640      0x1a8 /opt/devkitpro/devkitARM/lib/gcc/arm-none-eabi/4.9.2/../../../../arm-none-eabi/lib/armv6k/fpu/libg.a(lib_a-svfiprintf.o)
                0x0000000000120640                __ssprint_r
 .text._svfiprintf_r
                0x00000000001207e8     0x2fdc /opt/devkitpro/devkitARM/lib/gcc/arm-none-eabi/4.9.2/../../../../arm-none-eabi/lib/armv6k/fpu/libg.a(lib_a-svfiprintf.o)
                0x00000000001207e8                _svfiprintf_r
 .text._sungetc_r
                0x00000000001237c4       0xf0 /opt/devkitpro/devkitARM/lib/gcc/arm-none-eabi/4.9.2/../../../../arm-none-eabi/lib/armv6k/fpu/libg.a(lib_a-svfiscanf.o)
                0x00000000001237c4                _sungetc_r
 .text.__ssrefill_r
                0x00000000001238b4       0x6c /opt/devkitpro/devkitARM/lib/gcc/arm-none-eabi/4.9.2/../../../../arm-none-eabi/lib/armv6k/fpu/libg.a(lib_a-svfiscanf.o)
                0x00000000001238b4                __ssrefill_r
 .text._sfread_r
                0x0000000000123920       0xc0 /opt/devkitpro/devkitARM/lib/gcc/arm-none-eabi/4.9.2/../../../../arm-none-eabi/lib/armv6k/fpu/libg.a(lib_a-svfiscanf.o)
                0x0000000000123920                _sfread_r
 .text.__ssvfiscanf_r
                0x00000000001239e0     0x213c /opt/devkitpro/devkitARM/lib/gcc/arm-none-eabi/4.9.2/../../../../arm-none-eabi/lib/armv6k/fpu/libg.a(lib_a-svfiscanf.o)
                0x00000000001239e0                __ssvfiscanf_r
 .text.get_arg  0x0000000000125b1c      0x860 /opt/devkitpro/devkitARM/lib/gcc/arm-none-eabi/4.9.2/../../../../arm-none-eabi/lib/armv6k/fpu/libg.a(lib_a-svfprintf.o)
 *fill*         0x000000000012637c        0x4 
 .text._svfprintf_r
                0x0000000000126380     0x4320 /opt/devkitpro/devkitARM/lib/gcc/arm-none-eabi/4.9.2/../../../../arm-none-eabi/lib/armv6k/fpu/libg.a(lib_a-svfprintf.o)
                0x0000000000126380                _svfprintf_r
 .text.__submore
                0x000000000012a6a0       0xa8 /opt/devkitpro/devkitARM/lib/gcc/arm-none-eabi/4.9.2/../../../../arm-none-eabi/lib/armv6k/fpu/libg.a(lib_a-ungetc.o)
                0x000000000012a6a0                __submore
 .text._ungetc_r
                0x000000000012a748      0x238 /opt/devkitpro/devkitARM/lib/gcc/arm-none-eabi/4.9.2/../../../../arm-none-eabi/lib/armv6k/fpu/libg.a(lib_a-ungetc.o)
                0x000000000012a748                _ungetc_r
 .text.ungetc   0x000000000012a980       0x20 /opt/devkitpro/devkitARM/lib/gcc/arm-none-eabi/4.9.2/../../../../arm-none-eabi/lib/armv6k/fpu/libg.a(lib_a-ungetc.o)
                0x000000000012a980                ungetc
 .text.__swbuf_r
                0x000000000012a9a0      0x124 /opt/devkitpro/devkitARM/lib/gcc/arm-none-eabi/4.9.2/../../../../arm-none-eabi/lib/armv6k/fpu/libg.a(lib_a-wbuf.o)
                0x000000000012a9a0                __swbuf_r
 .text.__swbuf  0x000000000012aac4       0x20 /opt/devkitpro/devkitARM/lib/gcc/arm-none-eabi/4.9.2/../../../../arm-none-eabi/lib/armv6k/fpu/libg.a(lib_a-wbuf.o)
                0x000000000012aac4                __swbuf
 .text._wcsnrtombs_r
                0x000000000012aae4      0x184 /opt/devkitpro/devkitARM/lib/gcc/arm-none-eabi/4.9.2/../../../../arm-none-eabi/lib/armv6k/fpu/libg.a(lib_a-wcsnrtombs.o)
                0x000000000012aae4                _wcsnrtombs_r
 .text.wcsnrtombs
                0x000000000012ac68       0x40 /opt/devkitpro/devkitARM/lib/gcc/arm-none-eabi/4.9.2/../../../../arm-none-eabi/lib/armv6k/fpu/libg.a(lib_a-wcsnrtombs.o)
                0x000000000012ac68                wcsnrtombs
 .text._calloc_r
                0x000000000012aca8       0x94 /opt/devkitpro/devkitARM/lib/gcc/arm-none-eabi/4.9.2/../../../../arm-none-eabi/lib/armv6k/fpu/libg.a(lib_a-callocr.o)
                0x000000000012aca8                _calloc_r
 .text.rshift   0x000000000012ad3c       0xec /opt/devkitpro/devkitARM/lib/gcc/arm-none-eabi/4.9.2/../../../../arm-none-eabi/lib/armv6k/fpu/libg.a(lib_a-gdtoa-gethex.o)
 .text.__gethex
                0x000000000012ae28      0x7e8 /opt/devkitpro/devkitARM/lib/gcc/arm-none-eabi/4.9.2/../../../../arm-none-eabi/lib/armv6k/fpu/libg.a(lib_a-gdtoa-gethex.o)
                0x000000000012ae28                __gethex
 .text.__hexnan
                0x000000000012b610      0x260 /opt/devkitpro/devkitARM/lib/gcc/arm-none-eabi/4.9.2/../../../../arm-none-eabi/lib/armv6k/fpu/libg.a(lib_a-gdtoa-hexnan.o)
                0x000000000012b610                __hexnan
 .text._findenv_r
                0x000000000012b870       0xc8 /opt/devkitpro/devkitARM/lib/gcc/arm-none-eabi/4.9.2/../../../../arm-none-eabi/lib/armv6k/fpu/libg.a(lib_a-getenv_r.o)
                0x000000000012b870                _findenv_r
 .text._getenv_r
                0x000000000012b938       0x18 /opt/devkitpro/devkitARM/lib/gcc/arm-none-eabi/4.9.2/../../../../arm-none-eabi/lib/armv6k/fpu/libg.a(lib_a-getenv_r.o)
                0x000000000012b938                _getenv_r
 .text.__env_lock
                0x000000000012b950        0x4 /opt/devkitpro/devkitARM/lib/gcc/arm-none-eabi/4.9.2/../../../../arm-none-eabi/lib/armv6k/fpu/libg.a(lib_a-envlock.o)
                0x000000000012b950                __env_lock
 .text.__env_unlock
                0x000000000012b954        0x4 /opt/devkitpro/devkitARM/lib/gcc/arm-none-eabi/4.9.2/../../../../arm-none-eabi/lib/armv6k/fpu/libg.a(lib_a-envlock.o)
                0x000000000012b954                __env_unlock
 .text.__errno  0x000000000012b958        0xc /opt/devkitpro/devkitARM/lib/gcc/arm-none-eabi/4.9.2/../../../../arm-none-eabi/lib/armv6k/fpu/libg.a(lib_a-errno.o)
                0x000000000012b958                __errno
 .text.strnlen  0x000000000012b964       0x5c /opt/devkitpro/devkitARM/lib/gcc/arm-none-eabi/4.9.2/../../../../arm-none-eabi/lib/armv6k/fpu/libg.a(lib_a-strnlen.o)
                0x000000000012b964                strnlen
 .text.strrchr  0x000000000012b9c0       0x44 /opt/devkitpro/devkitARM/lib/gcc/arm-none-eabi/4.9.2/../../../../arm-none-eabi/lib/armv6k/fpu/libg.a(lib_a-strrchr.o)
                0x000000000012b9c0                strrchr
 *(.glue_7)
 .glue_7        0x000000000012ba04        0x0 linker stubs
 *(.glue_7t)
 .glue_7t       0x000000000012ba04        0x0 linker stubs
 *(.stub)
 *(.gnu.warning)
 *(.gnu.linkonce.t*)
                0x000000000012ba04                . = ALIGN (0x4)
 *(.fini)
 .fini          0x000000000012ba04        0xc /opt/devkitpro/devkitARM/lib/gcc/arm-none-eabi/4.9.2/armv6k/fpu/crti.o
                0x000000000012ba04                _fini
 .fini          0x000000000012ba10        0xc /opt/devkitpro/devkitARM/lib/gcc/arm-none-eabi/4.9.2/armv6k/fpu/crtn.o
                0x000000000012ba1c                . = ALIGN (0x4)

.vfp11_veneer   0x000000000012ba1c        0x0
 .vfp11_veneer  0x000000000012ba1c        0x0 linker stubs

.v4_bx          0x000000000012ba1c        0x0
 .v4_bx         0x000000000012ba1c        0x0 linker stubs

.iplt           0x000000000012ba1c        0x0
 .iplt          0x000000000012ba1c        0x0 /opt/devkitpro/devkitARM/lib/gcc/arm-none-eabi/4.9.2/../../../../arm-none-eabi/lib/armv6k/fpu/3dsx_crt0.o

.rodata         0x000000000012c000     0x4b50
 *(.rodata)
 .rodata        0x000000000012c000      0x168 /opt/devkitpro/libctru/lib/libctru.a(console.o)
 .rodata        0x000000000012c168       0x14 /opt/devkitpro/libctru/lib/libctru.a(gfx.o)
 .rodata        0x000000000012c17c        0xc /opt/devkitpro/libctru/lib/libctru.a(apt.o)
 .rodata        0x000000000012c188      0x804 /opt/devkitpro/libctru/lib/libctru.a(default_font.bin.o)
                0x000000000012c188                default_font_bin
                0x000000000012c988                default_font_bin_end
                0x000000000012c988                default_font_bin_size
 .rodata        0x000000000012c98c       0x2c /opt/devkitpro/libctru/lib/libctru.a(os.o)
 .rodata        0x000000000012c9b8       0x30 /opt/devkitpro/libctru/lib/libctru.a(sdmc_dev.o)
 .rodata        0x000000000012c9e8       0x68 /opt/devkitpro/devkitARM/lib/gcc/arm-none-eabi/4.9.2/../../../../arm-none-eabi/lib/armv6k/fpu/libsysbase.a(iosupport.o)
                0x000000000012c9e8                dotab_stdnull
 .rodata        0x000000000012ca50        0xc /opt/devkitpro/devkitARM/lib/gcc/arm-none-eabi/4.9.2/../../../../arm-none-eabi/lib/armv6k/fpu/libsysbase.a(chdir.o)
                0x000000000012ca50                DIRECTORY_PARENT
                0x000000000012ca54                DIRECTORY_THIS
                0x000000000012ca58                DIRECTORY_SEPARATOR
 *(.roda)
 *(.rodata.*)
 .rodata.str1.4
                0x000000000012ca5c        0xe ini.o
                                         0x14 (size before relaxing)
 *fill*         0x000000000012ca6a        0x2 
 .rodata.str1.4
                0x000000000012ca6c      0x213 main.o
                                        0x214 (size before relaxing)
 *fill*         0x000000000012cc7f        0x1 
 .rodata.str1.4
                0x000000000012cc80       0x70 /opt/devkitpro/libctru/lib/libctru.a(console.o)
 .rodata.str1.4
                0x000000000012ccf0        0x9 /opt/devkitpro/libctru/lib/libctru.a(gsp.o)
                                          0xc (size before relaxing)
 *fill*         0x000000000012ccf9        0x3 
 .rodata.str1.4
                0x000000000012ccfc       0x15 /opt/devkitpro/libctru/lib/libctru.a(hid.o)
                                         0x18 (size before relaxing)
 *fill*         0x000000000012cd11        0x3 
 .rodata.str1.4
                0x000000000012cd14       0x16 /opt/devkitpro/libctru/lib/libctru.a(apt.o)
                                         0x18 (size before relaxing)
 *fill*         0x000000000012cd2a        0x2 
 .rodata.str1.4
                0x000000000012cd2c       0xc4 /opt/devkitpro/libctru/lib/libctru.a(os.o)
 .rodata.str1.4
                0x000000000012cdf0        0xf /opt/devkitpro/libctru/lib/libctru.a(srv.o)
                                         0x10 (size before relaxing)
 *fill*         0x000000000012cdff        0x1 
 .rodata.str1.4
                0x000000000012ce00        0x7 /opt/devkitpro/libctru/lib/libctru.a(irrst.o)
                                          0x8 (size before relaxing)
 *fill*         0x000000000012ce07        0x1 
 .rodata.str1.4
                0x000000000012ce08        0x5 /opt/devkitpro/libctru/lib/libctru.a(sdmc_dev.o)
                                          0xc (size before relaxing)
 *fill*         0x000000000012ce0d        0x3 
 .rodata.str1.4
                0x000000000012ce10        0x8 /opt/devkitpro/libctru/lib/libctru.a(fs.o)
 .rodata._ctype_
                0x000000000012ce18      0x104 /opt/devkitpro/devkitARM/lib/gcc/arm-none-eabi/4.9.2/../../../../arm-none-eabi/lib/armv6k/fpu/libg.a(lib_a-ctype_.o)
                0x000000000012ce18                _ctype_