Archive member included to satisfy reference by file (symbol)

/opt/devkitpro/libctru/lib/libctru.a(console.o)
                              main.o (consoleInit)
/opt/devkitpro/libctru/lib/libctru.a(gfx.o)
                              /opt/devkitpro/libctru/lib/libctru.a(console.o) (gfxSetScreenFormat)
/opt/devkitpro/libctru/lib/libctru.a(gsp.o)
                              /opt/devkitpro/libctru/lib/libctru.a(gfx.o) (gspInit)
/opt/devkitpro/libctru/lib/libctru.a(apt.o)
                              main.o (aptMainLoop)
/opt/devkitpro/libctru/lib/libctru.a(gx.o)
                              /opt/devkitpro/libctru/lib/libctru.a(gfx.o) (gxCmdBuf)
/opt/devkitpro/libctru/lib/libctru.a(initSystem.o)
                              /opt/devkitpro/libctru/lib/libctru.a(apt.o) (__system_retAddr)
/opt/devkitpro/libctru/lib/libctru.a(allocateHeaps.o)
                              /opt/devkitpro/libctru/lib/libctru.a(initSystem.o) (__system_allocateHeaps)
/opt/devkitpro/libctru/lib/libctru.a(initArgv.o)
                              /opt/devkitpro/libctru/lib/libctru.a(initSystem.o) (__system_initArgv)
/opt/devkitpro/libctru/lib/libctru.a(svc.o)
                              /opt/devkitpro/libctru/lib/libctru.a(allocateHeaps.o) (svcControlMemory)
/opt/devkitpro/libctru/lib/libctru.a(stack_adjust.o)
                              /opt/devkitpro/devkitARM/lib/gcc/arm-none-eabi/4.9.2/../../../../arm-none-eabi/lib/armv6k/fpu/3dsx_crt0.o (initSystem)
/opt/devkitpro/libctru/lib/libctru.a(default_font.bin.o)
                              /opt/devkitpro/libctru/lib/libctru.a(console.o) (default_font_bin)
/opt/devkitpro/libctru/lib/libctru.a(vram.o)
                              /opt/devkitpro/libctru/lib/libctru.a(gfx.o) (vramAlloc)
/opt/devkitpro/libctru/lib/libctru.a(linear.o)
                              /opt/devkitpro/libctru/lib/libctru.a(gfx.o) (linearAlloc)
/opt/devkitpro/libctru/lib/libctru.a(mem_pool.o)
                              /opt/devkitpro/libctru/lib/libctru.a(vram.o) (MemPool::Allocate(MemChunk&, unsigned long, int))
/opt/devkitpro/libctru/lib/libctru.a(os.o)
                              /opt/devkitpro/libctru/lib/libctru.a(initSystem.o) (__libctru_gtod)
/opt/devkitpro/libctru/lib/libctru.a(srv.o)
                              /opt/devkitpro/libctru/lib/libctru.a(gsp.o) (srvGetServiceHandle)
/opt/devkitpro/libctru/lib/libctru.a(rbtree_init.o)
                              /opt/devkitpro/libctru/lib/libctru.a(vram.o) (rbtree_init)
/opt/devkitpro/libctru/lib/libctru.a(rbtree_insert.o)
                              /opt/devkitpro/libctru/lib/libctru.a(vram.o) (rbtree_insert)
/opt/devkitpro/libctru/lib/libctru.a(rbtree_rotate.o)
                              /opt/devkitpro/libctru/lib/libctru.a(rbtree_insert.o) (rbtree_rotate)
/opt/devkitpro/libctru/lib/libctru.a(rbtree_remove.o)
                              /opt/devkitpro/libctru/lib/libctru.a(vram.o) (rbtree_remove)
/opt/devkitpro/libctru/lib/libctru.a(rbtree_find.o)
                              /opt/devkitpro/libctru/lib/libctru.a(vram.o) (rbtree_find)
/opt/devkitpro/libctru/lib/libctru.a(appInit.o)
                              /opt/devkitpro/libctru/lib/libctru.a(stack_adjust.o) (__appInit)
/opt/devkitpro/libctru/lib/libctru.a(appExit.o)
                              /opt/devkitpro/libctru/lib/libctru.a(stack_adjust.o) (__appExit)
/opt/devkitpro/libctru/lib/libctru.a(ctru_exit.o)
                              /opt/devkitpro/libctru/lib/libctru.a(stack_adjust.o) (__libctru_exit)
/opt/devkitpro/libctru/lib/libctru.a(sdmc_dev.o)
                              /opt/devkitpro/libctru/lib/libctru.a(appInit.o) (sdmcInit)
/opt/devkitpro/libctru/lib/libctru.a(hid.o)
                              /opt/devkitpro/libctru/lib/libctru.a(appExit.o) (hidExit)
/opt/devkitpro/libctru/lib/libctru.a(fs.o)
                              /opt/devkitpro/libctru/lib/libctru.a(appExit.o) (fsExit)
/opt/devkitpro/libctru/lib/libctru.a(rbtree_iterator.o)
                              /opt/devkitpro/libctru/lib/libctru.a(rbtree_remove.o) (rbtree_node_next)
/opt/devkitpro/libctru/lib/libctru.a(utf8_to_utf16.o)
                              /opt/devkitpro/libctru/lib/libctru.a(sdmc_dev.o) (utf8_to_utf16)
/opt/devkitpro/libctru/lib/libctru.a(decode_utf8.o)
                              /opt/devkitpro/libctru/lib/libctru.a(sdmc_dev.o) (decode_utf8)
/opt/devkitpro/libctru/lib/libctru.a(utf16_to_utf8.o)
                              /opt/devkitpro/libctru/lib/libctru.a(sdmc_dev.o) (utf16_to_utf8)
/opt/devkitpro/libctru/lib/libctru.a(irrst.o)
                              /opt/devkitpro/libctru/lib/libctru.a(hid.o) (irrstScanInput)
/opt/devkitpro/libctru/lib/libctru.a(encode_utf16.o)
                              /opt/devkitpro/libctru/lib/libctru.a(utf8_to_utf16.o) (encode_utf16)
/opt/devkitpro/libctru/lib/libctru.a(encode_utf8.o)
                              /opt/devkitpro/libctru/lib/libctru.a(utf16_to_utf8.o) (encode_utf8)
/opt/devkitpro/libctru/lib/libctru.a(decode_utf16.o)
[...]
Memory Configuration

Name             Origin             Length             Attributes
*default*        0x0000000000000000 0xffffffffffffffff

Linker script and memory map

                0x0000000000100000                . = 0x100000
                0x0000000000100000                __start__ = .

.text           0x0000000000100000    0x2a3bc
 *(.crt0)
 .crt0          0x0000000000100000       0x94 /opt/devkitpro/devkitARM/lib/gcc/arm-none-eabi/4.9.2/../../../../arm-none-eabi/lib/armv6k/fpu/3dsx_crt0.o
                0x0000000000100000                _start
                0x0000000000100008                __service_ptr
                0x000000000010000c                __apt_appid
                0x0000000000100010                __heap_size
                0x0000000000100014                __linear_heap_size
                0x0000000000100018                __system_arglist
                0x000000000010001c                __system_runflags
 *(.init)
 .init          0x0000000000100094        0xc /opt/devkitpro/devkitARM/lib/gcc/arm-none-eabi/4.9.2/armv6k/fpu/crti.o
                0x0000000000100094                _init
 .init          0x00000000001000a0        0xc /opt/devkitpro/devkitARM/lib/gcc/arm-none-eabi/4.9.2/armv6k/fpu/crtn.o
                0x00000000001000ac                . = ALIGN (0x4)
 *(.text)
 .text          0x00000000001000ac        0x0 /opt/devkitpro/devkitARM/lib/gcc/arm-none-eabi/4.9.2/../../../../arm-none-eabi/lib/armv6k/fpu/3dsx_crt0.o
 .text          0x00000000001000ac        0x0 /opt/devkitpro/devkitARM/lib/gcc/arm-none-eabi/4.9.2/armv6k/fpu/crti.o
 .text          0x00000000001000ac      0x108 /opt/devkitpro/devkitARM/lib/gcc/arm-none-eabi/4.9.2/armv6k/fpu/crtbegin.o
 .text          0x00000000001001b4       0x28 main.o
                0x00000000001001b4                printPos
 .text          0x00000000001001dc     0x1074 /opt/devkitpro/libctru/lib/libctru.a(console.o)
                0x00000000001001dc                debug_write
                0x00000000001001f8                consoleGetDefault
                0x0000000000100204                consoleDebugInit
                0x0000000000100288                consoleSelect
                0x00000000001002a0                consoleSetFont
                0x00000000001002bc                consoleDrawChar
                0x0000000000100468                consolePrintChar
                0x0000000000100714                consoleInit
                0x0000000000100a08                con_write
                0x000000000010120c                consoleClear
                0x0000000000101218                consoleSetWindow
 .text          0x0000000000101250      0x72c /opt/devkitpro/libctru/lib/libctru.a(gfx.o)
                0x00000000001012dc                gfxSet3D
                0x00000000001012ec                gfxSetScreenFormat
                0x0000000000101304                gfxGetScreenFormat
                0x000000000010131c                gfxSetDoubleBuffering
                0x0000000000101330                gfxSetFramebufferInfo
                0x00000000001013a0                gfxWriteFramebufferInfo
                0x0000000000101464                gfxInit
                0x0000000000101644                gfxInitDefault
                0x0000000000101654                gfxExit
                0x0000000000101720                gfxGetFramebuffer
                0x00000000001017d0                gfxFlushBuffers
                0x00000000001018ac                gfxSwapBuffers
                0x0000000000101920                gfxSwapBuffersGpu
 .text          0x000000000010197c      0x8c8 /opt/devkitpro/libctru/lib/libctru.a(gsp.o)
                0x0000000000101a88                gspInit
                0x0000000000101a9c                gspExit
                0x0000000000101ab4                gspInitEventHandler
                0x0000000000101b80                gspExitEventHandler
                0x0000000000101bd8                gspWaitForEvent
                0x0000000000101c30                GSPGPU_WriteHWRegs
                0x0000000000101ca0                GSPGPU_WriteHWRegsWithMask
                0x0000000000101d2c                GSPGPU_ReadHWRegs
                0x0000000000101d9c                GSPGPU_SetBufferSwap
                0x0000000000101e10                GSPGPU_FlushDataCache
                0x0000000000101e64                GSPGPU_InvalidateDataCache
                0x0000000000101eb8                GSPGPU_SetLcdForceBlack
                0x0000000000101ef4                GSPGPU_TriggerCmdReqQueue
                0x0000000000101f28                GSPGPU_RegisterInterruptRelayQueue
                0x0000000000101f94                GSPGPU_UnregisterInterruptRelayQueue
                0x0000000000101fc8                GSPGPU_AcquireRight
                0x0000000000102018                GSPGPU_ReleaseRight
                0x000000000010204c                GSPGPU_ImportDisplayCaptureInfo
                0x00000000001020d0                GSPGPU_SaveVramSysArea
                0x0000000000102104                GSPGPU_RestoreVramSysArea
                0x0000000000102138                GSPGPU_SubmitGxCommand
 .text          0x0000000000102244     0x1cf8 /opt/devkitpro/libctru/lib/libctru.a(apt.o)
                0x00000000001022a8                _aptDebug
                0x00000000001022ac                aptInitCaptureInfo
                0x000000000010235c                aptWaitStatusEvent
                0x0000000000102384                aptHook
                0x00000000001023bc                aptUnhook
                0x00000000001023e8                aptGetStatus
                0x0000000000102420                aptSetStatus
                0x0000000000102484                aptGetStatusPower
                0x00000000001024bc                aptSetStatusPower
                0x00000000001024f4                aptOpenSession
                0x0000000000102518                aptCloseSession
                0x0000000000102540                aptSignalReadyForSleep
                0x0000000000102550                APT_GetLockHandle
                0x00000000001025a0                APT_Initialize
                0x0000000000102608                APT_Finalize
                0x0000000000102644                APT_HardwareResetAsync
                0x0000000000102678                APT_Enable
                0x00000000001026b4                APT_GetAppletManInfo
                0x0000000000102734                aptGetMenuAppID
                0x0000000000102770                APT_IsRegistered
                0x00000000001027c0                APT_InquireNotification
                0x0000000000102810                APT_PrepareToJumpToHomeMenu
                0x0000000000102844                APT_JumpToHomeMenu
                0x0000000000102894                APT_PrepareToJumpToApplication
                0x00000000001028d0                APT_JumpToApplication
                0x0000000000102920                APT_NotifyToWait
                0x000000000010295c                APT_AppletUtility
                0x00000000001029e4                aptAppletUtility_Exit_RetToApp
                0x0000000000102b04                aptAppletClosed
                0x0000000000102c40                aptInit
                0x0000000000102df8                APT_GlanceParameter
                0x0000000000102e6c                APT_ReceiveParameter
                0x0000000000102ee0                APT_SendParameter
                0x0000000000102f50                APT_SendCaptureBufferInfo
                0x0000000000102f9c                aptReturnToMenu
                0x0000000000103170                APT_ReplySleepQuery
                0x00000000001031b0                APT_ReplySleepNotificationComplete
                0x00000000001031ec                aptEventHandler
                0x00000000001034f8                APT_PrepareToCloseApplication
                0x0000000000103534                APT_CloseApplication
                0x000000000010358c                aptExit
                0x0000000000103778                APT_SetAppCpuTimeLimit
                0x00000000001037bc                APT_GetAppCpuTimeLimit
                0x0000000000103810                APT_CheckNew3DS_Application
                0x000000000010386c                APT_CheckNew3DS_System
                0x00000000001038c8                APT_CheckNew3DS
                0x000000000010393c                APT_PrepareToDoAppJump
                0x0000000000103988                APT_DoAppJump
                0x00000000001039f0                APT_PrepareToStartLibraryApplet
                0x0000000000103a2c                APT_StartLibraryApplet
                0x0000000000103a8c                aptAppletStarted
                0x0000000000103b90                aptMainLoop
                0x0000000000103d08                APT_LaunchLibraryApplet
                0x0000000000103ea0                APT_PrepareToStartSystemApplet
                0x0000000000103edc                APT_StartSystemApplet
 .text          0x0000000000103f3c      0x264 /opt/devkitpro/libctru/lib/libctru.a(gx.o)
                0x0000000000103f3c                GX_RequestDma
                0x0000000000103f90                GX_SetCommandList_Last
                0x0000000000103ff8                GX_SetMemoryFill
                0x000000000010406c                GX_SetDisplayTransfer
                0x00000000001040d0                GX_SetTextureCopy
                0x0000000000104138                GX_SetCommandList_First
 .text          0x00000000001041a0       0x4c /opt/devkitpro/libctru/lib/libctru.a(initSystem.o)
                0x00000000001041a0                __libctru_init
 .text          0x00000000001041ec       0xa4 /opt/devkitpro/libctru/lib/libctru.a(allocateHeaps.o)
                0x00000000001041ec                __system_allocateHeaps
 .text          0x0000000000104290       0xf4 /opt/devkitpro/libctru/lib/libctru.a(initArgv.o)
                0x0000000000104290                __system_initArgv
 *fill*         0x0000000000104384        0xc 
 .text          0x0000000000104390      0x3d0 /opt/devkitpro/libctru/lib/libctru.a(svc.o)
                0x0000000000104390                svcControlMemory
                0x00000000001043b0                svcQueryMemory
                0x00000000001043e0                svcExitProcess
                0x00000000001043e8                svcCreateThread
                0x0000000000104408                svcExitThread
                0x0000000000104410                svcSleepThread
                0x0000000000104418                svcGetThreadPriority
                0x000000000010442c                svcSetThreadPriority
                0x0000000000104434                svcGetThreadAffinityMask
                0x000000000010443c                svcSetThreadAffinityMask
                0x0000000000104444                svcGetThreadIdealProcessor
                0x0000000000104458                svcSetThreadIdealProcessor
                0x0000000000104460                svcGetProcessorID
                0x0000000000104468                svcCreateMutex
                0x000000000010447c                svcReleaseMutex
                0x0000000000104484                svcCreateSemaphore
                0x0000000000104498                svcReleaseSemaphore
                0x00000000001044ac                svcCreateEvent
                0x00000000001044c0                svcSignalEvent
                0x00000000001044c8                svcClearEvent
                0x00000000001044d0                svcCreateTimer
                0x00000000001044e4                svcSetTimer
                0x00000000001044ec                svcCancelTimer
                0x00000000001044f4                svcClearTimer
                0x00000000001044fc                svcCreateMemoryBlock
                0x0000000000104514                svcMapMemoryBlock
                0x000000000010451c                svcUnmapMemoryBlock
                0x0000000000104524                svcCreateAddressArbiter
                0x0000000000104538                svcArbitrateAddress
                0x0000000000104558                svcCloseHandle
                0x0000000000104560                svcWaitSynchronization
                0x0000000000104568                svcWaitSynchronizationN
                0x0000000000104590                svcDuplicateHandle
                0x00000000001045a4                svcGetSystemTick
                0x00000000001045ac                svcGetSystemInfo
                0x00000000001045c4                svcGetProcessInfo
                0x00000000001045dc                svcGetThreadInfo
                0x00000000001045f4                svcConnectToPort
                0x0000000000104608                svcSendSyncRequest
                0x0000000000104610                svcOpenProcess
                0x0000000000104624                svcOpenThread
                0x0000000000104638                svcGetProcessId
                0x000000000010464c                svcGetProcessIdOfThread
                0x0000000000104660                svcGetThreadId
                0x0000000000104674                svcOutputDebugString
                0x000000000010467c                svcCreatePort
                0x000000000010469c                svcDebugActiveProcess
                0x00000000001046b0                svcBreakDebugProcess
                0x00000000001046b8                svcTerminateDebugProcess
                0x00000000001046c0                svcGetProcessDebugEvent
                0x00000000001046c8                svcContinueDebugEvent
                0x00000000001046d0                svcGetProcessList
                0x00000000001046f0                svcReadProcessMemory
                0x00000000001046f8                svcWriteProcessMemory
                0x0000000000104700                svcControlProcessMemory
                0x0000000000104718                svcMapProcessMemory
                0x0000000000104720                svcUnmapProcessMemory
                0x0000000000104728                svcBackdoor
                0x0000000000104730                svcQueryProcessMemory
 .text          0x0000000000104760       0x64 /opt/devkitpro/libctru/lib/libctru.a(stack_adjust.o)
                0x0000000000104760                initSystem
                0x00000000001047a4                __ctru_exit
 .text          0x00000000001047c4        0x0 /opt/devkitpro/libctru/lib/libctru.a(default_font.bin.o)
 .text          0x00000000001047c4      0x1c4 /opt/devkitpro/libctru/lib/libctru.a(vram.o)
                0x00000000001047ec                vramMemAlign
                0x000000000010491c                vramAlloc
                0x0000000000104924                vramRealloc
                0x000000000010492c                vramFree
                0x000000000010497c                vramSpaceFree
 .text          0x0000000000104988      0x1d4 /opt/devkitpro/libctru/lib/libctru.a(linear.o)
                0x00000000001049b0                linearMemAlign
                0x0000000000104af0                linearAlloc
                0x0000000000104af8                linearRealloc
                0x0000000000104b00                linearFree
                0x0000000000104b50                linearSpaceFree
 .text          0x0000000000104b5c      0x35c /opt/devkitpro/libctru/lib/libctru.a(mem_pool.o)
                0x0000000000104b5c                MemPool::CoalesceRight(MemBlock*)
                0x0000000000104bfc                MemPool::Allocate(MemChunk&, unsigned long, int)
                0x0000000000104d84                MemPool::Deallocate(MemChunk const&)
                0x0000000000104e88                MemPool::GetFreeSpace()
 .text          0x0000000000104eb8      0x288 /opt/devkitpro/libctru/lib/libctru.a(os.o)
                0x0000000000104f10                osConvertVirtToPhys
                0x0000000000104f5c                osConvertOldLINEARMemToNew
                0x0000000000104f7c                __libctru_gtod
                0x0000000000105074                osGetTime
                0x00000000001050e8                osGetFirmVersion
                0x00000000001050fc                osGetKernelVersion
                0x0000000000105110                osStrError
                0x0000000000105130                osGetWifiStrength
 .text          0x0000000000105140      0x3b8 /opt/devkitpro/libctru/lib/libctru.a(srv.o)
                0x0000000000105140                __get_handle_from_list
                0x00000000001051d8                __destroy_handle_list
                0x000000000010522c                srvExit
                0x0000000000105254                srvGetSessionHandle
                0x0000000000105260                srvRegisterClient
                0x0000000000105298                srvInit
                0x0000000000105300                srvGetServiceHandle
                0x0000000000105380                srvRegisterService
                0x00000000001053dc                srvUnregisterService
                0x0000000000105428                srvPmInit
                0x000000000010547c                srvRegisterProcess
                0x00000000001054c4                srvUnregisterProcess
 .text          0x00000000001054f8       0x14 /opt/devkitpro/libctru/lib/libctru.a(rbtree_init.o)
                0x00000000001054f8                rbtree_init
 .text          0x000000000010550c      0x1f4 /opt/devkitpro/libctru/lib/libctru.a(rbtree_insert.o)
                0x00000000001056f0                rbtree_insert
                0x00000000001056f8                rbtree_insert_multi
 .text          0x0000000000105700       0xac /opt/devkitpro/libctru/lib/libctru.a(rbtree_rotate.o)
                0x0000000000105700                rbtree_rotate
 .text          0x00000000001057ac      0x340 /opt/devkitpro/libctru/lib/libctru.a(rbtree_remove.o)
                0x00000000001057ac                rbtree_remove
 .text          0x0000000000105aec       0x70 /opt/devkitpro/libctru/lib/libctru.a(rbtree_find.o)
                0x0000000000105aec                rbtree_find
 .text          0x0000000000105b5c       0x20 /opt/devkitpro/libctru/lib/libctru.a(appInit.o)
                0x0000000000105b5c                __appInit
 .text          0x0000000000105b7c       0x1c /opt/devkitpro/libctru/lib/libctru.a(appExit.o)
                0x0000000000105b7c                __appExit
 .text          0x0000000000105b98       0x90 /opt/devkitpro/libctru/lib/libctru.a(ctru_exit.o)
                0x0000000000105b98                __libctru_exit
 .text          0x0000000000105c28      0xffc /opt/devkitpro/libctru/lib/libctru.a(sdmc_dev.o)
                0x0000000000106aa4                sdmcInit
                0x0000000000106bd4                sdmcExit
 .text          0x0000000000106c24      0x6f4 /opt/devkitpro/libctru/lib/libctru.a(hid.o)
                0x0000000000106c24                hidExit
                0x0000000000106cc8                hidWaitForEvent
                0x0000000000106d20                hidCheckSectionUpdateTime
                0x0000000000106d5c                hidScanInput
                0x0000000000106f90                hidKeysHeld
                0x0000000000106fa0                hidKeysDown
                0x0000000000106fb0                hidKeysUp
                0x0000000000106fc0                hidTouchRead
                0x0000000000106fd8                hidCircleRead
                0x0000000000106ff0                hidAccelRead
                0x0000000000107010                hidGyroRead
                0x0000000000107030                HIDUSER_GetHandles
                0x00000000001070c0                hidInit
                0x00000000001071f4                HIDUSER_EnableAccelerometer
                0x0000000000107220                HIDUSER_DisableAccelerometer
                0x000000000010724c                HIDUSER_EnableGyroscope
                0x0000000000107278                HIDUSER_DisableGyroscope
                0x00000000001072a4                HIDUSER_GetGyroscopeRawToDpsCoefficient
                0x00000000001072e0                HIDUSER_GetSoundVolume
 .text          0x0000000000107318      0xc88 /opt/devkitpro/libctru/lib/libctru.a(fs.o)
                0x0000000000107318                FS_makePath
                0x0000000000107344                fsExit
                0x0000000000107368                fsGetSessionHandle
                0x0000000000107374                FSUSER_Initialize
                0x00000000001073e8                fsInit
                0x0000000000107454                FSUSER_OpenFile
                0x0000000000107500                FSUSER_OpenFileDirectly
                0x00000000001075cc                FSUSER_DeleteFile
                0x0000000000107654                FSUSER_RenameFile
                0x0000000000107718                FSUSER_DeleteDirectory
                0x00000000001077a0                FSUSER_DeleteDirectoryRecursively
                0x0000000000107828                FSUSER_CreateFile
                0x00000000001078c0                FSUSER_CreateDirectory
                0x000000000010794c                FSUSER_RenameDirectory
                0x0000000000107a10                FSUSER_OpenDirectory
                0x0000000000107aa4                FSUSER_OpenArchive
                0x0000000000107b2c                FSUSER_CloseArchive
                0x0000000000107b84                FSUSER_GetSdmcArchiveResource
                0x0000000000107c00                FSUSER_GetNandArchiveResource
                0x0000000000107c7c                FSUSER_IsSdmcDetected
                0x0000000000107cc8                FSUSER_IsSdmcWritable
                0x0000000000107d14                FSFILE_Close
                0x0000000000107d58                FSFILE_Read
                0x0000000000107db4                FSFILE_Write
                0x0000000000107e18                FSFILE_GetSize
                0x0000000000107e58                FSFILE_SetSize
                0x0000000000107e84                FSFILE_GetAttributes
                0x0000000000107ebc                FSFILE_SetAttributes
                0x0000000000107ee4                FSFILE_Flush
                0x0000000000107f08                FSDIR_Read
                0x0000000000107f5c                FSDIR_Close
 .text          0x0000000000107fa0      0x118 /opt/devkitpro/libctru/lib/libctru.a(rbtree_iterator.o)
                0x0000000000107fa0                rbtree_node_next
                0x000000000010802c                rbtree_node_prev
 .text          0x00000000001080b8       0xb8 /opt/devkitpro/libctru/lib/libctru.a(utf8_to_utf16.o)
                0x00000000001080b8                utf8_to_utf16
 .text          0x0000000000108170      0x138 /opt/devkitpro/libctru/lib/libctru.a(decode_utf8.o)
                0x0000000000108170                decode_utf8
 .text          0x00000000001082a8       0xe8 /opt/devkitpro/libctru/lib/libctru.a(utf16_to_utf8.o)
                0x00000000001082a8                utf16_to_utf8
 .text          0x0000000000108390      0x388 /opt/devkitpro/libctru/lib/libctru.a(irrst.o)
                0x0000000000108390                irrstWaitForEvent
                0x00000000001083dc                irrstCheckSectionUpdateTime
                0x0000000000108418                irrstScanInput
                0x00000000001084cc                irrstKeysHeld
                0x00000000001084e4                irrstCstickRead
                0x00000000001084fc                IRRST_GetHandles
                0x000000000010854c                IRRST_Initialize
                0x0000000000108584                irrstInit
                0x0000000000108668                IRRST_Shutdown
                0x0000000000108694                irrstExit
 .text          0x0000000000108718       0x68 /opt/devkitpro/libctru/lib/libctru.a(encode_utf16.o)
                0x0000000000108718                encode_utf16
 .text          0x0000000000108780      0x104 /opt/devkitpro/libctru/lib/libctru.a(encode_utf8.o)
                0x0000000000108780                encode_utf8
 .text          0x0000000000108884       0x60 /opt/devkitpro/libctru/lib/libctru.a(decode_utf16.o)
                0x0000000000108884                decode_utf16
 .text          0x00000000001088e4      0x240 /opt/devkitpro/devkitARM/lib/gcc/arm-none-eabi/4.9.2/armv6k/fpu/libgcc.a(_divsi3.o)
                0x00000000001088e4                __aeabi_idiv
                0x00000000001088e4                __divsi3
                0x0000000000108b04                __aeabi_idivmod
 .text          0x0000000000108b24        0x4 /opt/devkitpro/devkitARM/lib/gcc/arm-none-eabi/4.9.2/armv6k/fpu/libgcc.a(_dvmd_tls.o)
                0x0000000000108b24                __aeabi_ldiv0
                0x0000000000108b24                __aeabi_idiv0
 .text          0x0000000000108b28        0x0 /opt/devkitpro/devkitARM/lib/gcc/arm-none-eabi/4.9.2/../../../../arm-none-eabi/lib/armv6k/fpu/libg.a(lib_a-bsearch.o)
 .text          0x0000000000108b28        0x0 /opt/devkitpro/devkitARM/lib/gcc/arm-none-eabi/4.9.2/../../../../arm-none-eabi/lib/armv6k/fpu/libg.a(lib_a-fini.o)
 .text          0x0000000000108b28        0x0 /opt/devkitpro/devkitARM/lib/gcc/arm-none-eabi/4.9.2/../../../../arm-none-eabi/lib/armv6k/fpu/libg.a(lib_a-init.o)
 .text          0x0000000000108b28        0x0 /opt/devkitpro/devkitARM/lib/gcc/arm-none-eabi/4.9.2/../../../../arm-none-eabi/lib/armv6k/fpu/libg.a(lib_a-iprintf.o)
 .text          0x0000000000108b28        0x0 /opt/devkitpro/devkitARM/lib/gcc/arm-none-eabi/4.9.2/../../../../arm-none-eabi/lib/armv6k/fpu/libg.a(lib_a-malloc.o)
 .text          0x0000000000108b28        0x0 /opt/devkitpro/devkitARM/lib/gcc/arm-none-eabi/4.9.2/../../../../arm-none-eabi/lib/armv6k/fpu/libg.a(lib_a-mallocr.o)
 .text          0x0000000000108b28        0x0 /opt/devkitpro/devkitARM/lib/gcc/arm-none-eabi/4.9.2/../../../../arm-none-eabi/lib/armv6k/fpu/libg.a(lib_a-memcpy.o)
 .text          0x0000000000108b28        0x0 /opt/devkitpro/devkitARM/lib/gcc/arm-none-eabi/4.9.2/../../../../arm-none-eabi/lib/armv6k/fpu/libg.a(lib_a-memset.o)
 .text          0x0000000000108b28        0x0 /opt/devkitpro/devkitARM/lib/gcc/arm-none-eabi/4.9.2/../../../../arm-none-eabi/lib/armv6k/fpu/libg.a(lib_a-mlock.o)
 .text          0x0000000000108b28        0x0 /opt/devkitpro/devkitARM/lib/gcc/arm-none-eabi/4.9.2/../../../../arm-none-eabi/lib/armv6k/fpu/libg.a(lib_a-printf.o)
 .text          0x0000000000108b28        0x0 /opt/devkitpro/devkitARM/lib/gcc/arm-none-eabi/4.9.2/../../../../arm-none-eabi/lib/armv6k/fpu/libg.a(lib_a-setvbuf.o)
 .text          0x0000000000108b28        0x0 /opt/devkitpro/devkitARM/lib/gcc/arm-none-eabi/4.9.2/../../../../arm-none-eabi/lib/armv6k/fpu/libg.a(lib_a-sscanf.o)
 .text          0x0000000000108b28        0x0 /opt/devkitpro/devkitARM/lib/gcc/arm-none-eabi/4.9.2/../../../../arm-none-eabi/lib/armv6k/fpu/libg.a(lib_a-stdio.o)
 .text          0x0000000000108b28        0x0 /opt/devkitpro/devkitARM/lib/gcc/arm-none-eabi/4.9.2/../../../../arm-none-eabi/lib/armv6k/fpu/libg.a(lib_a-strchr.o)
 .text          0x0000000000108b28        0x0 /opt/devkitpro/devkitARM/lib/gcc/arm-none-eabi/4.9.2/../../../../arm-none-eabi/lib/armv6k/fpu/libg.a(lib_a-strcpy.o)
 .text          0x0000000000108b28        0x0 /opt/devkitpro/devkitARM/lib/gcc/arm-none-eabi/4.9.2/../../../../arm-none-eabi/lib/armv6k/fpu/libg.a(lib_a-strlen.o)
 .text          0x0000000000108b28        0x0 /opt/devkitpro/devkitARM/lib/gcc/arm-none-eabi/4.9.2/../../../../arm-none-eabi/lib/armv6k/fpu/libg.a(lib_a-strncat.o)
 .text          0x0000000000108b28        0x0 /opt/devkitpro/devkitARM/lib/gcc/arm-none-eabi/4.9.2/../../../../arm-none-eabi/lib/armv6k/fpu/libg.a(lib_a-strncpy.o)
 .text          0x0000000000108b28        0x0 /opt/devkitpro/devkitARM/lib/gcc/arm-none-eabi/4.9.2/../../../../arm-none-eabi/lib/armv6k/fpu/libg.a(lib_a-svfscanf.o)
 .text          0x0000000000108b28        0x0 /opt/devkitpro/devkitARM/lib/gcc/arm-none-eabi/4.9.2/../../../../arm-none-eabi/lib/armv6k/fpu/libg.a(lib_a-vfiprintf.o)
 .text          0x0000000000108b28        0x0 /opt/devkitpro/devkitARM/lib/gcc/arm-none-eabi/4.9.2/../../../../arm-none-eabi/lib/armv6k/fpu/libg.a(lib_a-vfprintf.o)
 .text          0x0000000000108b28        0x0 /opt/devkitpro/devkitARM/lib/gcc/arm-none-eabi/4.9.2/../../../../arm-none-eabi/lib/armv6k/fpu/libg.a(lib_a-wcrtomb.o)
 .text          0x0000000000108b28        0x0 /opt/devkitpro/devkitARM/lib/gcc/arm-none-eabi/4.9.2/../../../../arm-none-eabi/lib/armv6k/fpu/libg.a(lib_a-wcsrtombs.o)
 .text          0x0000000000108b28        0x0 /opt/devkitpro/devkitARM/lib/gcc/arm-none-eabi/4.9.2/../../../../arm-none-eabi/lib/armv6k/fpu/libg.a(lib_a-wctomb_r.o)
 .text          0x0000000000108b28        0x0 /opt/devkitpro/devkitARM/lib/gcc/arm-none-eabi/4.9.2/../../../../arm-none-eabi/lib/armv6k/fpu/libg.a(lib_a-wsetup.o)
 .text          0x0000000000108b28        0x0 /opt/devkitpro/devkitARM/lib/gcc/arm-none-eabi/4.9.2/../../../../arm-none-eabi/lib/armv6k/fpu/libg.a(lib_a-ctype_.o)
 .text          0x0000000000108b28        0x0 /opt/devkitpro/devkitARM/lib/gcc/arm-none-eabi/4.9.2/../../../../arm-none-eabi/lib/armv6k/fpu/libg.a(lib_a-dtoa.o)
 .text          0x0000000000108b28        0x0 /opt/devkitpro/devkitARM/lib/gcc/arm-none-eabi/4.9.2/../../../../arm-none-eabi/lib/armv6k/fpu/libg.a(lib_a-fflush.o)
 .text          0x0000000000108b28        0x0 /opt/devkitpro/devkitARM/lib/gcc/arm-none-eabi/4.9.2/../../../../arm-none-eabi/lib/armv6k/fpu/libg.a(lib_a-findfp.o)
 .text          0x0000000000108b28        0x0 /opt/devkitpro/devkitARM/lib/gcc/arm-none-eabi/4.9.2/../../../../arm-none-eabi/lib/armv6k/fpu/libg.a(lib_a-fputwc.o)
 .text          0x0000000000108b28        0x0 /opt/devkitpro/devkitARM/lib/gcc/arm-none-eabi/4.9.2/../../../../arm-none-eabi/lib/armv6k/fpu/libg.a(lib_a-freer.o)
 .text          0x0000000000108b28        0x0 /opt/devkitpro/devkitARM/lib/gcc/arm-none-eabi/4.9.2/../../../../arm-none-eabi/lib/armv6k/fpu/libg.a(lib_a-fvwrite.o)
 .text          0x0000000000108b28        0x0 /opt/devkitpro/devkitARM/lib/gcc/arm-none-eabi/4.9.2/../../../../arm-none-eabi/lib/armv6k/fpu/libg.a(lib_a-fwalk.o)
 .text          0x0000000000108b28        0x0 /opt/devkitpro/devkitARM/lib/gcc/arm-none-eabi/4.9.2/../../../../arm-none-eabi/lib/armv6k/fpu/libg.a(lib_a-impure.o)
 .text          0x0000000000108b28        0x0 /opt/devkitpro/devkitARM/lib/gcc/arm-none-eabi/4.9.2/../../../../arm-none-eabi/lib/armv6k/fpu/libg.a(lib_a-iswspace.o)
 .text          0x0000000000108b28        0x0 /opt/devkitpro/devkitARM/lib/gcc/arm-none-eabi/4.9.2/../../../../arm-none-eabi/lib/armv6k/fpu/libg.a(lib_a-jp2uc.o)
 .text          0x0000000000108b28        0x0 /opt/devkitpro/devkitARM/lib/gcc/arm-none-eabi/4.9.2/../../../../arm-none-eabi/lib/armv6k/fpu/libg.a(lib_a-locale.o)
 .text          0x0000000000108b28        0x0 /opt/devkitpro/devkitARM/lib/gcc/arm-none-eabi/4.9.2/../../../../arm-none-eabi/lib/armv6k/fpu/libg.a(lib_a-makebuf.o)
 .text          0x0000000000108b28        0x0 /opt/devkitpro/devkitARM/lib/gcc/arm-none-eabi/4.9.2/../../../../arm-none-eabi/lib/armv6k/fpu/libg.a(lib_a-mbrtowc.o)
 .text          0x0000000000108b28        0x0 /opt/devkitpro/devkitARM/lib/gcc/arm-none-eabi/4.9.2/../../../../arm-none-eabi/lib/armv6k/fpu/libg.a(lib_a-mbtowc_r.o)
 .text          0x0000000000108b28        0x0 /opt/devkitpro/devkitARM/lib/gcc/arm-none-eabi/4.9.2/../../../../arm-none-eabi/lib/armv6k/fpu/libg.a(lib_a-memchr.o)
 .text          0x0000000000108b28        0x0 /opt/devkitpro/devkitARM/lib/gcc/arm-none-eabi/4.9.2/../../../../arm-none-eabi/lib/armv6k/fpu/libg.a(lib_a-memmove.o)
 .text          0x0000000000108b28        0x0 /opt/devkitpro/devkitARM/lib/gcc/arm-none-eabi/4.9.2/../../../../arm-none-eabi/lib/armv6k/fpu/libg.a(lib_a-mprec.o)
 .text          0x0000000000108b28        0x0 /opt/devkitpro/devkitARM/lib/gcc/arm-none-eabi/4.9.2/../../../../arm-none-eabi/lib/armv6k/fpu/libg.a(lib_a-reallocr.o)
 .text          0x0000000000108b28        0x0 /opt/devkitpro/devkitARM/lib/gcc/arm-none-eabi/4.9.2/../../../../arm-none-eabi/lib/armv6k/fpu/libg.a(lib_a-sccl.o)
 .text          0x0000000000108b28        0x0 /opt/devkitpro/devkitARM/lib/gcc/arm-none-eabi/4.9.2/../../../../arm-none-eabi/lib/armv6k/fpu/libg.a(lib_a-sf_nan.o)
 .text          0x0000000000108b28        0x0 /opt/devkitpro/devkitARM/lib/gcc/arm-none-eabi/4.9.2/../../../../arm-none-eabi/lib/armv6k/fpu/libg.a(lib_a-s_fpclassify.o)
 .text          0x0000000000108b28        0x0 /opt/devkitpro/devkitARM/lib/gcc/arm-none-eabi/4.9.2/../../../../arm-none-eabi/lib/armv6k/fpu/libg.a(lib_a-s_frexp.o)
 .text          0x0000000000108b28        0x0 /opt/devkitpro/devkitARM/lib/gcc/arm-none-eabi/4.9.2/../../../../arm-none-eabi/lib/armv6k/fpu/libg.a(lib_a-sprintf.o)
 .text          0x0000000000108b28        0x0 /opt/devkitpro/devkitARM/lib/gcc/arm-none-eabi/4.9.2/../../../../arm-none-eabi/lib/armv6k/fpu/libg.a(lib_a-stpncpy.o)
 .text          0x0000000000108b28        0x0 /opt/devkitpro/devkitARM/lib/gcc/arm-none-eabi/4.9.2/../../../../arm-none-eabi/lib/armv6k/fpu/libg.a(lib_a-strcasecmp.o)
 .text          0x0000000000108b28        0x0 /opt/devkitpro/devkitARM/lib/gcc/arm-none-eabi/4.9.2/../../../../arm-none-eabi/lib/armv6k/fpu/libg.a(lib_a-strcat.o)
 *fill*         0x0000000000108b28       0x18 
 .text          0x0000000000108b40      0x3a0 /opt/devkitpro/devkitARM/lib/gcc/arm-none-eabi/4.9.2/../../../../arm-none-eabi/lib/armv6k/fpu/libg.a(lib_a-strcmp.o)
                0x0000000000108b48                strcmp
 .text          0x0000000000108ee0        0x0 /opt/devkitpro/devkitARM/lib/gcc/arm-none-eabi/4.9.2/../../../../arm-none-eabi/lib/armv6k/fpu/libg.a(lib_a-strlcpy.o)
 .text          0x0000000000108ee0        0x0 /opt/devkitpro/devkitARM/lib/gcc/arm-none-eabi/4.9.2/../../../../arm-none-eabi/lib/armv6k/fpu/libg.a(lib_a-strncasecmp.o)
 .text          0x0000000000108ee0        0x0 /opt/devkitpro/devkitARM/lib/gcc/arm-none-eabi/4.9.2/../../../../arm-none-eabi/lib/armv6k/fpu/libg.a(lib_a-strncmp.o)
 .text          0x0000000000108ee0        0x0 /opt/devkitpro/devkitARM/lib/gcc/arm-none-eabi/4.9.2/../../../../arm-none-eabi/lib/armv6k/fpu/libg.a(lib_a-strtod.o)
 .text          0x0000000000108ee0        0x0 /opt/devkitpro/devkitARM/lib/gcc/arm-none-eabi/4.9.2/../../../../arm-none-eabi/lib/armv6k/fpu/libg.a(lib_a-strtoll_r.o)
 .text          0x0000000000108ee0        0x0 /opt/devkitpro/devkitARM/lib/gcc/arm-none-eabi/4.9.2/../../../../arm-none-eabi/lib/armv6k/fpu/libg.a(lib_a-strtol.o)
 .text          0x0000000000108ee0        0x0 /opt/devkitpro/devkitARM/lib/gcc/arm-none-eabi/4.9.2/../../../../arm-none-eabi/lib/armv6k/fpu/libg.a(lib_a-strtoull_r.o)
 .text          0x0000000000108ee0        0x0 /opt/devkitpro/devkitARM/lib/gcc/arm-none-eabi/4.9.2/../../../../arm-none-eabi/lib/armv6k/fpu/libg.a(lib_a-strtoul.o)
 .text          0x0000000000108ee0        0x0 /opt/devkitpro/devkitARM/lib/gcc/arm-none-eabi/4.9.2/../../../../arm-none-eabi/lib/armv6k/fpu/libg.a(lib_a-svfiprintf.o)
 .text          0x0000000000108ee0        0x0 /opt/devkitpro/devkitARM/lib/gcc/arm-none-eabi/4.9.2/../../../../arm-none-eabi/lib/armv6k/fpu/libg.a(lib_a-svfiscanf.o)
 .text          0x0000000000108ee0        0x0 /opt/devkitpro/devkitARM/lib/gcc/arm-none-eabi/4.9.2/../../../../arm-none-eabi/lib/armv6k/fpu/libg.a(lib_a-svfprintf.o)
 .text          0x0000000000108ee0        0x0 /opt/devkitpro/devkitARM/lib/gcc/arm-none-eabi/4.9.2/../../../../arm-none-eabi/lib/armv6k/fpu/libg.a(lib_a-ungetc.o)
 .text          0x0000000000108ee0        0x0 /opt/devkitpro/devkitARM/lib/gcc/arm-none-eabi/4.9.2/../../../../arm-none-eabi/lib/armv6k/fpu/libg.a(lib_a-wbuf.o)
 .text          0x0000000000108ee0        0x0 /opt/devkitpro/devkitARM/lib/gcc/arm-none-eabi/4.9.2/../../../../arm-none-eabi/lib/armv6k/fpu/libg.a(lib_a-wcsnrtombs.o)
 .text          0x0000000000108ee0        0x0 /opt/devkitpro/devkitARM/lib/gcc/arm-none-eabi/4.9.2/../../../../arm-none-eabi/lib/armv6k/fpu/libg.a(lib_a-callocr.o)
 .text          0x0000000000108ee0        0x0 /opt/devkitpro/devkitARM/lib/gcc/arm-none-eabi/4.9.2/../../../../arm-none-eabi/lib/armv6k/fpu/libg.a(lib_a-fclose.o)
 .text          0x0000000000108ee0        0x0 /opt/devkitpro/devkitARM/lib/gcc/arm-none-eabi/4.9.2/../../../../arm-none-eabi/lib/armv6k/fpu/libg.a(lib_a-gdtoa-gethex.o)
 .text          0x0000000000108ee0        0x0 /opt/devkitpro/devkitARM/lib/gcc/arm-none-eabi/4.9.2/../../../../arm-none-eabi/lib/armv6k/fpu/libg.a(lib_a-gdtoa-hexnan.o)
 .text          0x0000000000108ee0        0x0 /opt/devkitpro/devkitARM/lib/gcc/arm-none-eabi/4.9.2/../../../../arm-none-eabi/lib/armv6k/fpu/libg.a(lib_a-getenv_r.o)
 .text          0x0000000000108ee0        0x0 /opt/devkitpro/devkitARM/lib/gcc/arm-none-eabi/4.9.2/../../../../arm-none-eabi/lib/armv6k/fpu/libg.a(lib_a-environ.o)
 .text          0x0000000000108ee0        0x0 /opt/devkitpro/devkitARM/lib/gcc/arm-none-eabi/4.9.2/../../../../arm-none-eabi/lib/armv6k/fpu/libg.a(lib_a-envlock.o)
 .text          0x0000000000108ee0      0x1a8 /opt/devkitpro/devkitARM/lib/gcc/arm-none-eabi/4.9.2/../../../../arm-none-eabi/lib/armv6k/fpu/libsysbase.a(iosupport.o)
                0x0000000000108ee0                setDefaultDevice
                0x0000000000108ef8                FindDevice
                0x0000000000108fa4                RemoveDevice
                0x0000000000108fd0                AddDevice
                0x0000000000109064                GetDeviceOpTab
 .text          0x0000000000109088       0x7c /opt/devkitpro/devkitARM/lib/gcc/arm-none-eabi/4.9.2/../../../../arm-none-eabi/lib/armv6k/fpu/libsysbase.a(close.o)
                0x0000000000109088                _close_r
 .text          0x0000000000109104       0x6c /opt/devkitpro/devkitARM/lib/gcc/arm-none-eabi/4.9.2/../../../../arm-none-eabi/lib/armv6k/fpu/libsysbase.a(fstat.o)
                0x0000000000109104                _fstat_r
 .text          0x0000000000109170        0x8 /opt/devkitpro/devkitARM/lib/gcc/arm-none-eabi/4.9.2/../../../../arm-none-eabi/lib/armv6k/fpu/libsysbase.a(isatty.o)
                0x0000000000109170                _isatty_r
 .text          0x0000000000109178       0x74 /opt/devkitpro/devkitARM/lib/gcc/arm-none-eabi/4.9.2/../../../../arm-none-eabi/lib/armv6k/fpu/libsysbase.a(lseek.o)
                0x0000000000109178                _lseek_r
 .text          0x00000000001091ec       0x74 /opt/devkitpro/devkitARM/lib/gcc/arm-none-eabi/4.9.2/../../../../arm-none-eabi/lib/armv6k/fpu/libsysbase.a(read.o)
                0x00000000001091ec                _read_r
 .text          0x0000000000109260       0x70 /opt/devkitpro/devkitARM/lib/gcc/arm-none-eabi/4.9.2/../../../../arm-none-eabi/lib/armv6k/fpu/libsysbase.a(sbrk.o)
                0x0000000000109260                _sbrk_r
 .text          0x00000000001092d0       0x74 /opt/devkitpro/devkitARM/lib/gcc/arm-none-eabi/4.9.2/../../../../arm-none-eabi/lib/armv6k/fpu/libsysbase.a(write.o)
                0x00000000001092d0                _write_r
 .text          0x0000000000109344        0x0 /opt/devkitpro/devkitARM/lib/gcc/arm-none-eabi/4.9.2/../../../../arm-none-eabi/lib/armv6k/fpu/libsysbase.a(malloc_vars.o)
 .text          0x0000000000109344      0x3a4 /opt/devkitpro/devkitARM/lib/gcc/arm-none-eabi/4.9.2/../../../../arm-none-eabi/lib/armv6k/fpu/libsysbase.a(chdir.o)
                0x0000000000109344                _concatenate_path
                0x0000000000109500                chdir
                0x0000000000109648                getcwd
 .text          0x00000000001096e8        0x8 /opt/devkitpro/devkitARM/lib/gcc/arm-none-eabi/4.9.2/../../../../arm-none-eabi/lib/armv6k/fpu/libsysbase.a(flock.o)
                0x00000000001096e8                __flockfile
                0x00000000001096ec                __funlockfile
 .text          0x00000000001096f0      0x108 /opt/devkitpro/devkitARM/lib/gcc/arm-none-eabi/4.9.2/../../../../arm-none-eabi/lib/armv6k/fpu/libsysbase.a(syscall_support.o)
                0x00000000001096f0                __libc_lock_init
                0x0000000000109708                __libc_lock_acquire
                0x0000000000109720                __libc_lock_try_acquire
                0x0000000000109744                __libc_lock_release
                0x000000000010975c                __libc_lock_close
                0x0000000000109774                __libc_lock_init_recursive
                0x000000000010978c                __libc_lock_acquire_recursive
                0x00000000001097a4                __libc_lock_try_acquire_recursive
                0x00000000001097c8                __libc_lock_release_recursive
                0x00000000001097e0                __libc_lock_close_recursive
 .text          0x00000000001097f8      0x254 /opt/devkitpro/devkitARM/lib/gcc/arm-none-eabi/4.9.2/../../../../arm-none-eabi/lib/armv6k/fpu/libsysbase.a(handle_manager.o)
                0x00000000001097f8                __free_handle
                0x000000000010983c                __release_handle
                0x0000000000109868                __alloc_handle
                0x00000000001098d0                __get_handle
                0x00000000001098ec                dup
                0x0000000000109978                dup2
 .text          0x0000000000109a4c       0x28 /opt/devkitpro/devkitARM/lib/gcc/arm-none-eabi/4.9.2/../../../../arm-none-eabi/lib/armv6k/fpu/libsysbase.a(getreent.o)
                0x0000000000109a4c                __getreent
 .text          0x0000000000109a74      0x20c /opt/devkitpro/devkitARM/lib/gcc/arm-none-eabi/4.9.2/armv6k/fpu/libgcc.a(_udivsi3.o)
                0x0000000000109a74                __udivsi3
                0x0000000000109a74                __aeabi_uidiv
                0x0000000000109c60                __aeabi_uidivmod
 .text          0x0000000000109c80       0x3c /opt/devkitpro/devkitARM/lib/gcc/arm-none-eabi/4.9.2/armv6k/fpu/libgcc.a(_aeabi_uldivmod.o)
                0x0000000000109c80                __aeabi_uldivmod
 .text          0x0000000000109cbc       0x78 /opt/devkitpro/devkitARM/lib/gcc/arm-none-eabi/4.9.2/armv6k/fpu/libgcc.a(bpabi.o)
                0x0000000000109cbc                __gnu_ldivmod_helper
                0x0000000000109cf8                __gnu_uldivmod_helper
 .text          0x0000000000109d34      0x180 /opt/devkitpro/devkitARM/lib/gcc/arm-none-eabi/4.9.2/armv6k/fpu/libgcc.a(_divdi3.o)
                0x0000000000109d34                __divdi3
 .text          0x0000000000109eb4      0x124 /opt/devkitpro/devkitARM/lib/gcc/arm-none-eabi/4.9.2/armv6k/fpu/libgcc.a(_udivdi3.o)
                0x0000000000109eb4                __udivdi3
 .text          0x0000000000109fd8        0x0 /opt/devkitpro/devkitARM/lib/gcc/arm-none-eabi/4.9.2/../../../../arm-none-eabi/lib/armv6k/fpu/libg.a(lib_a-errno.o)
 .text          0x0000000000109fd8        0x0 /opt/devkitpro/devkitARM/lib/gcc/arm-none-eabi/4.9.2/../../../../arm-none-eabi/lib/armv6k/fpu/libg.a(lib_a-strnlen.o)
 .text          0x0000000000109fd8        0x0 /opt/devkitpro/devkitARM/lib/gcc/arm-none-eabi/4.9.2/../../../../arm-none-eabi/lib/armv6k/fpu/libg.a(lib_a-strrchr.o)
 .text          0x0000000000109fd8        0x0 /opt/devkitpro/devkitARM/lib/gcc/arm-none-eabi/4.9.2/armv6k/fpu/crtend.o
 .text          0x0000000000109fd8        0x0 /opt/devkitpro/devkitARM/lib/gcc/arm-none-eabi/4.9.2/armv6k/fpu/crtn.o
 *(.text.*)
 .text.startup  0x0000000000109fd8       0x54 main.o
                0x0000000000109fd8                main
 .text.bsearch  0x000000000010a02c       0x78 /opt/devkitpro/devkitARM/lib/gcc/arm-none-eabi/4.9.2/../../../../arm-none-eabi/lib/armv6k/fpu/libg.a(lib_a-bsearch.o)
                0x000000000010a02c                bsearch
 .text.__libc_fini_array
                0x000000000010a0a4       0x40 /opt/devkitpro/devkitARM/lib/gcc/arm-none-eabi/4.9.2/../../../../arm-none-eabi/lib/armv6k/fpu/libg.a(lib_a-fini.o)
                0x000000000010a0a4                __libc_fini_array
 .text.__libc_init_array
                0x000000000010a0e4       0x78 /opt/devkitpro/devkitARM/lib/gcc/arm-none-eabi/4.9.2/../../../../arm-none-eabi/lib/armv6k/fpu/libg.a(lib_a-init.o)
                0x000000000010a0e4                __libc_init_array
 .text.iprintf  0x000000000010a15c       0x38 /opt/devkitpro/devkitARM/lib/gcc/arm-none-eabi/4.9.2/../../../../arm-none-eabi/lib/armv6k/fpu/libg.a(lib_a-iprintf.o)
                0x000000000010a15c                iprintf
 .text._iprintf_r
                0x000000000010a194       0x34 /opt/devkitpro/devkitARM/lib/gcc/arm-none-eabi/4.9.2/../../../../arm-none-eabi/lib/armv6k/fpu/libg.a(lib_a-iprintf.o)
                0x000000000010a194                _iprintf_r
 .text.malloc   0x000000000010a1c8       0x18 /opt/devkitpro/devkitARM/lib/gcc/arm-none-eabi/4.9.2/../../../../arm-none-eabi/lib/armv6k/fpu/libg.a(lib_a-malloc.o)
                0x000000000010a1c8                malloc
 .text.free     0x000000000010a1e0       0x18 /opt/devkitpro/devkitARM/lib/gcc/arm-none-eabi/4.9.2/../../../../arm-none-eabi/lib/armv6k/fpu/libg.a(lib_a-malloc.o)
                0x000000000010a1e0                free
 .text._malloc_r
                0x000000000010a1f8      0x740 /opt/devkitpro/devkitARM/lib/gcc/arm-none-eabi/4.9.2/../../../../arm-none-eabi/lib/armv6k/fpu/libg.a(lib_a-mallocr.o)
                0x000000000010a1f8                _malloc_r
 .text.memcpy   0x000000000010a938       0xf4 /opt/devkitpro/devkitARM/lib/gcc/arm-none-eabi/4.9.2/../../../../arm-none-eabi/lib/armv6k/fpu/libg.a(lib_a-memcpy.o)
                0x000000000010a938                memcpy
 .text.memset   0x000000000010aa2c       0xf0 /opt/devkitpro/devkitARM/lib/gcc/arm-none-eabi/4.9.2/../../../../arm-none-eabi/lib/armv6k/fpu/libg.a(lib_a-memset.o)
                0x000000000010aa2c                memset
 .text.__malloc_lock
                0x000000000010ab1c        0x4 /opt/devkitpro/devkitARM/lib/gcc/arm-none-eabi/4.9.2/../../../../arm-none-eabi/lib/armv6k/fpu/libg.a(lib_a-mlock.o)
                0x000000000010ab1c                __malloc_lock
 .text.__malloc_unlock
                0x000000000010ab20        0x4 /opt/devkitpro/devkitARM/lib/gcc/arm-none-eabi/4.9.2/../../../../arm-none-eabi/lib/armv6k/fpu/libg.a(lib_a-mlock.o)
                0x000000000010ab20                __malloc_unlock
 .text._printf_r
                0x000000000010ab24       0x34 /opt/devkitpro/devkitARM/lib/gcc/arm-none-eabi/4.9.2/../../../../arm-none-eabi/lib/armv6k/fpu/libg.a(lib_a-printf.o)
                0x000000000010ab24                _printf_r
 .text.printf   0x000000000010ab58       0x38 /opt/devkitpro/devkitARM/lib/gcc/arm-none-eabi/4.9.2/../../../../arm-none-eabi/lib/armv6k/fpu/libg.a(lib_a-printf.o)
                0x000000000010ab58                printf
 .text.setvbuf  0x000000000010ab90      0x1e8 /opt/devkitpro/devkitARM/lib/gcc/arm-none-eabi/4.9.2/../../../../arm-none-eabi/lib/armv6k/fpu/libg.a(lib_a-setvbuf.o)
                0x000000000010ab90                setvbuf
 .text.sscanf   0x000000000010ad78       0x74 /opt/devkitpro/devkitARM/lib/gcc/arm-none-eabi/4.9.2/../../../../arm-none-eabi/lib/armv6k/fpu/libg.a(lib_a-sscanf.o)
                0x000000000010ad78                sscanf
 .text._sscanf_r
                0x000000000010adec       0x80 /opt/devkitpro/devkitARM/lib/gcc/arm-none-eabi/4.9.2/../../../../arm-none-eabi/lib/armv6k/fpu/libg.a(lib_a-sscanf.o)
                0x000000000010adec                _sscanf_r
 .text.__sread  0x000000000010ae6c       0x30 /opt/devkitpro/devkitARM/lib/gcc/arm-none-eabi/4.9.2/../../../../arm-none-eabi/lib/armv6k/fpu/libg.a(lib_a-stdio.o)
                0x000000000010ae6c                __sread
 .text.__seofread
                0x000000000010ae9c        0x8 /opt/devkitpro/devkitARM/lib/gcc/arm-none-eabi/4.9.2/../../../../arm-none-eabi/lib/armv6k/fpu/libg.a(lib_a-stdio.o)
                0x000000000010ae9c                __seofread
 .text.__swrite
                0x000000000010aea4       0x54 /opt/devkitpro/devkitARM/lib/gcc/arm-none-eabi/4.9.2/../../../../arm-none-eabi/lib/armv6k/fpu/libg.a(lib_a-stdio.o)
                0x000000000010aea4                __swrite
 .text.__sseek  0x000000000010aef8       0x2c /opt/devkitpro/devkitARM/lib/gcc/arm-none-eabi/4.9.2/../../../../arm-none-eabi/lib/armv6k/fpu/libg.a(lib_a-stdio.o)
                0x000000000010aef8                __sseek
 .text.__sclose
                0x000000000010af24        0x8 /opt/devkitpro/devkitARM/lib/gcc/arm-none-eabi/4.9.2/../../../../arm-none-eabi/lib/armv6k/fpu/libg.a(lib_a-stdio.o)
                0x000000000010af24                __sclose
 .text.strchr   0x000000000010af2c      0x16c /opt/devkitpro/devkitARM/lib/gcc/arm-none-eabi/4.9.2/../../../../arm-none-eabi/lib/armv6k/fpu/libg.a(lib_a-strchr.o)
                0x000000000010af2c                strchr
 .text.strcpy   0x000000000010b098       0xf0 /opt/devkitpro/devkitARM/lib/gcc/arm-none-eabi/4.9.2/../../../../arm-none-eabi/lib/armv6k/fpu/libg.a(lib_a-strcpy.o)
                0x000000000010b098                strcpy
 .text.strlen   0x000000000010b188       0x5c /opt/devkitpro/devkitARM/lib/gcc/arm-none-eabi/4.9.2/../../../../arm-none-eabi/lib/armv6k/fpu/libg.a(lib_a-strlen.o)
                0x000000000010b188                strlen
 .text.strncat  0x000000000010b1e4       0xa4 /opt/devkitpro/devkitARM/lib/gcc/arm-none-eabi/4.9.2/../../../../arm-none-eabi/lib/armv6k/fpu/libg.a(lib_a-strncat.o)
                0x000000000010b1e4                strncat
 .text.strncpy  0x000000000010b288       0xe0 /opt/devkitpro/devkitARM/lib/gcc/arm-none-eabi/4.9.2/../../../../arm-none-eabi/lib/armv6k/fpu/libg.a(lib_a-strncpy.o)
                0x000000000010b288                strncpy
 .text.__ssvfscanf_r
                0x000000000010b368     0x2aec /opt/devkitpro/devkitARM/lib/gcc/arm-none-eabi/4.9.2/../../../../arm-none-eabi/lib/armv6k/fpu/libg.a(lib_a-svfscanf.o)
                0x000000000010b368                __ssvfscanf_r
 .text.get_arg  0x000000000010de54      0x860 /opt/devkitpro/devkitARM/lib/gcc/arm-none-eabi/4.9.2/../../../../arm-none-eabi/lib/armv6k/fpu/libg.a(lib_a-vfiprintf.o)
 .text.__sprint_r.part.0
                0x000000000010e6b4       0xa4 /opt/devkitpro/devkitARM/lib/gcc/arm-none-eabi/4.9.2/../../../../arm-none-eabi/lib/armv6k/fpu/libg.a(lib_a-vfiprintf.o)
 .text.__sprint_r
                0x000000000010e758       0x1c /opt/devkitpro/devkitARM/lib/gcc/arm-none-eabi/4.9.2/../../../../arm-none-eabi/lib/armv6k/fpu/libg.a(lib_a-vfiprintf.o)
                0x000000000010e758                __sprint_r
 .text._vfiprintf_r
                0x000000000010e774     0x3114 /opt/devkitpro/devkitARM/lib/gcc/arm-none-eabi/4.9.2/../../../../arm-none-eabi/lib/armv6k/fpu/libg.a(lib_a-vfiprintf.o)
                0x000000000010e774                _vfiprintf_r
 .text.vfiprintf
                0x0000000000111888       0x28 /opt/devkitpro/devkitARM/lib/gcc/arm-none-eabi/4.9.2/../../../../arm-none-eabi/lib/armv6k/fpu/libg.a(lib_a-vfiprintf.o)
                0x0000000000111888                vfiprintf
 .text.__sbprintf
                0x00000000001118b0       0xa8 /opt/devkitpro/devkitARM/lib/gcc/arm-none-eabi/4.9.2/../../../../arm-none-eabi/lib/armv6k/fpu/libg.a(lib_a-vfiprintf.o)
 .text.get_arg  0x0000000000111958      0x860 /opt/devkitpro/devkitARM/lib/gcc/arm-none-eabi/4.9.2/../../../../arm-none-eabi/lib/armv6k/fpu/libg.a(lib_a-vfprintf.o)
 .text._vfprintf_r
                0x00000000001121b8     0x4408 /opt/devkitpro/devkitARM/lib/gcc/arm-none-eabi/4.9.2/../../../../arm-none-eabi/lib/armv6k/fpu/libg.a(lib_a-vfprintf.o)
                0x00000000001121b8                _vfprintf_r
 .text.vfprintf
                0x00000000001165c0       0x28 /opt/devkitpro/devkitARM/lib/gcc/arm-none-eabi/4.9.2/../../../../arm-none-eabi/lib/armv6k/fpu/libg.a(lib_a-vfprintf.o)
                0x00000000001165c0                vfprintf
 .text.__sbprintf
                0x00000000001165e8       0xa8 /opt/devkitpro/devkitARM/lib/gcc/arm-none-eabi/4.9.2/../../../../arm-none-eabi/lib/armv6k/fpu/libg.a(lib_a-vfprintf.o)
 .text._wcrtomb_r
                0x0000000000116690       0x8c /opt/devkitpro/devkitARM/lib/gcc/arm-none-eabi/4.9.2/../../../../arm-none-eabi/lib/armv6k/fpu/libg.a(lib_a-wcrtomb.o)
                0x0000000000116690                _wcrtomb_r
 .text.wcrtomb  0x000000000011671c       0x94 /opt/devkitpro/devkitARM/lib/gcc/arm-none-eabi/4.9.2/../../../../arm-none-eabi/lib/armv6k/fpu/libg.a(lib_a-wcrtomb.o)
                0x000000000011671c                wcrtomb
 .text._wcsrtombs_r
                0x00000000001167b0       0x20 /opt/devkitpro/devkitARM/lib/gcc/arm-none-eabi/4.9.2/../../../../arm-none-eabi/lib/armv6k/fpu/libg.a(lib_a-wcsrtombs.o)
                0x00000000001167b0                _wcsrtombs_r
 .text.wcsrtombs
                0x00000000001167d0       0x3c /opt/devkitpro/devkitARM/lib/gcc/arm-none-eabi/4.9.2/../../../../arm-none-eabi/lib/armv6k/fpu/libg.a(lib_a-wcsrtombs.o)
                0x00000000001167d0                wcsrtombs
 .text.__utf8_wctomb
                0x000000000011680c      0x114 /opt/devkitpro/devkitARM/lib/gcc/arm-none-eabi/4.9.2/../../../../arm-none-eabi/lib/armv6k/fpu/libg.a(lib_a-wctomb_r.o)
                0x000000000011680c                __utf8_wctomb
 .text._wctomb_r
                0x0000000000116920       0x48 /opt/devkitpro/devkitARM/lib/gcc/arm-none-eabi/4.9.2/../../../../arm-none-eabi/lib/armv6k/fpu/libg.a(lib_a-wctomb_r.o)
                0x0000000000116920                _wctomb_r
 .text.__ascii_wctomb
                0x0000000000116968       0x28 /opt/devkitpro/devkitARM/lib/gcc/arm-none-eabi/4.9.2/../../../../arm-none-eabi/lib/armv6k/fpu/libg.a(lib_a-wctomb_r.o)
                0x0000000000116968                __ascii_wctomb
 .text.__sjis_wctomb
                0x0000000000116990       0x84 /opt/devkitpro/devkitARM/lib/gcc/arm-none-eabi/4.9.2/../../../../arm-none-eabi/lib/armv6k/fpu/libg.a(lib_a-wctomb_r.o)
                0x0000000000116990                __sjis_wctomb
 .text.__eucjp_wctomb
                0x0000000000116a14       0xc8 /opt/devkitpro/devkitARM/lib/gcc/arm-none-eabi/4.9.2/../../../../arm-none-eabi/lib/armv6k/fpu/libg.a(lib_a-wctomb_r.o)
                0x0000000000116a14                __eucjp_wctomb
 .text.__jis_wctomb
                0x0000000000116adc       0xd4 /opt/devkitpro/devkitARM/lib/gcc/arm-none-eabi/4.9.2/../../../../arm-none-eabi/lib/armv6k/fpu/libg.a(lib_a-wctomb_r.o)
                0x0000000000116adc                __jis_wctomb
 .text.__swsetup_r
                0x0000000000116bb0      0x14c /opt/devkitpro/devkitARM/lib/gcc/arm-none-eabi/4.9.2/../../../../arm-none-eabi/lib/armv6k/fpu/libg.a(lib_a-wsetup.o)
                0x0000000000116bb0                __swsetup_r
 .text.__set_ctype
                0x0000000000116cfc       0x18 /opt/devkitpro/devkitARM/lib/gcc/arm-none-eabi/4.9.2/../../../../arm-none-eabi/lib/armv6k/fpu/libg.a(lib_a-ctype_.o)
                0x0000000000116cfc                __set_ctype
 .text.quorem   0x0000000000116d14      0x1c0 /opt/devkitpro/devkitARM/lib/gcc/arm-none-eabi/4.9.2/../../../../arm-none-eabi/lib/armv6k/fpu/libg.a(lib_a-dtoa.o)
 *fill*         0x0000000000116ed4        0x4 
 .text._dtoa_r  0x0000000000116ed8     0x12e0 /opt/devkitpro/devkitARM/lib/gcc/arm-none-eabi/4.9.2/../../../../arm-none-eabi/lib/armv6k/fpu/libg.a(lib_a-dtoa.o)
                0x0000000000116ed8                _dtoa_r
 .text.__sflush_r
                0x00000000001181b8      0x238 /opt/devkitpro/devkitARM/lib/gcc/arm-none-eabi/4.9.2/../../../../arm-none-eabi/lib/armv6k/fpu/libg.a(lib_a-fflush.o)
                0x00000000001181b8                __sflush_r
 .text._fflush_r
                0x00000000001183f0       0x98 /opt/devkitpro/devkitARM/lib/gcc/arm-none-eabi/4.9.2/../../../../arm-none-eabi/lib/armv6k/fpu/libg.a(lib_a-fflush.o)
                0x00000000001183f0                _fflush_r
 .text.fflush   0x0000000000118488       0x38 /opt/devkitpro/devkitARM/lib/gcc/arm-none-eabi/4.9.2/../../../../arm-none-eabi/lib/armv6k/fpu/libg.a(lib_a-fflush.o)
                0x0000000000118488                fflush
 .text._cleanup_r
                0x00000000001184c0        0xc /opt/devkitpro/devkitARM/lib/gcc/arm-none-eabi/4.9.2/../../../../arm-none-eabi/lib/armv6k/fpu/libg.a(lib_a-findfp.o)
                0x00000000001184c0                _cleanup_r
 .text.__fp_lock
                0x00000000001184cc       0x1c /opt/devkitpro/devkitARM/lib/gcc/arm-none-eabi/4.9.2/../../../../arm-none-eabi/lib/armv6k/fpu/libg.a(lib_a-findfp.o)
 .text.__fp_unlock
                0x00000000001184e8       0x1c /opt/devkitpro/devkitARM/lib/gcc/arm-none-eabi/4.9.2/../../../../arm-none-eabi/lib/armv6k/fpu/libg.a(lib_a-findfp.o)
 .text.__sinit.part.1
                0x0000000000118504      0x15c /opt/devkitpro/devkitARM/lib/gcc/arm-none-eabi/4.9.2/../../../../arm-none-eabi/lib/armv6k/fpu/libg.a(lib_a-findfp.o)
 .text.__sfmoreglue
                0x0000000000118660       0x48 /opt/devkitpro/devkitARM/lib/gcc/arm-none-eabi/4.9.2/../../../../arm-none-eabi/lib/armv6k/fpu/libg.a(lib_a-findfp.o)
                0x0000000000118660                __sfmoreglue
 .text.__sfp    0x00000000001186a8       0xe8 /opt/devkitpro/devkitARM/lib/gcc/arm-none-eabi/4.9.2/../../../../arm-none-eabi/lib/armv6k/fpu/libg.a(lib_a-findfp.o)
                0x00000000001186a8                __sfp
 .text._cleanup
                0x0000000000118790       0x18 /opt/devkitpro/devkitARM/lib/gcc/arm-none-eabi/4.9.2/../../../../arm-none-eabi/lib/armv6k/fpu/libg.a(lib_a-findfp.o)
                0x0000000000118790                _cleanup
 .text.__sinit  0x00000000001187a8       0x10 /opt/devkitpro/devkitARM/lib/gcc/arm-none-eabi/4.9.2/../../../../arm-none-eabi/lib/armv6k/fpu/libg.a(lib_a-findfp.o)
                0x00000000001187a8                __sinit
 .text.__sfp_lock_acquire
                0x00000000001187b8        0x4 /opt/devkitpro/devkitARM/lib/gcc/arm-none-eabi/4.9.2/../../../../arm-none-eabi/lib/armv6k/fpu/libg.a(lib_a-findfp.o)
                0x00000000001187b8                __sfp_lock_acquire
 .text.__sfp_lock_release
                0x00000000001187bc        0x4 /opt/devkitpro/devkitARM/lib/gcc/arm-none-eabi/4.9.2/../../../../arm-none-eabi/lib/armv6k/fpu/libg.a(lib_a-findfp.o)
                0x00000000001187bc                __sfp_lock_release
 .text.__sinit_lock_acquire
                0x00000000001187c0        0x4 /opt/devkitpro/devkitARM/lib/gcc/arm-none-eabi/4.9.2/../../../../arm-none-eabi/lib/armv6k/fpu/libg.a(lib_a-findfp.o)
                0x00000000001187c0                __sinit_lock_acquire
 .text.__sinit_lock_release
                0x00000000001187c4        0x4 /opt/devkitpro/devkitARM/lib/gcc/arm-none-eabi/4.9.2/../../../../arm-none-eabi/lib/armv6k/fpu/libg.a(lib_a-findfp.o)
                0x00000000001187c4                __sinit_lock_release
 .text.__fp_lock_all
                0x00000000001187c8       0x18 /opt/devkitpro/devkitARM/lib/gcc/arm-none-eabi/4.9.2/../../../../arm-none-eabi/lib/armv6k/fpu/libg.a(lib_a-findfp.o)
                0x00000000001187c8                __fp_lock_all
 .text.__fp_unlock_all
                0x00000000001187e0       0x18 /opt/devkitpro/devkitARM/lib/gcc/arm-none-eabi/4.9.2/../../../../arm-none-eabi/lib/armv6k/fpu/libg.a(lib_a-findfp.o)
                0x00000000001187e0                __fp_unlock_all
 .text.__fputwc
                0x00000000001187f8      0x124 /opt/devkitpro/devkitARM/lib/gcc/arm-none-eabi/4.9.2/../../../../arm-none-eabi/lib/armv6k/fpu/libg.a(lib_a-fputwc.o)
                0x00000000001187f8                __fputwc
 .text._fputwc_r
                0x000000000011891c       0xa8 /opt/devkitpro/devkitARM/lib/gcc/arm-none-eabi/4.9.2/../../../../arm-none-eabi/lib/armv6k/fpu/libg.a(lib_a-fputwc.o)
                0x000000000011891c                _fputwc_r
 .text.fputwc   0x00000000001189c4       0x3c /opt/devkitpro/devkitARM/lib/gcc/arm-none-eabi/4.9.2/../../../../arm-none-eabi/lib/armv6k/fpu/libg.a(lib_a-fputwc.o)
                0x00000000001189c4                fputwc
 .text._malloc_trim_r
                0x0000000000118a00       0xf8 /opt/devkitpro/devkitARM/lib/gcc/arm-none-eabi/4.9.2/../../../../arm-none-eabi/lib/armv6k/fpu/libg.a(lib_a-freer.o)
                0x0000000000118a00                _malloc_trim_r
 .text._free_r  0x0000000000118af8      0x2b4 /opt/devkitpro/devkitARM/lib/gcc/arm-none-eabi/4.9.2/../../../../arm-none-eabi/lib/armv6k/fpu/libg.a(lib_a-freer.o)
                0x0000000000118af8                _free_r
 .text.__sfvwrite_r
                0x0000000000118dac      0x4c4 /opt/devkitpro/devkitARM/lib/gcc/arm-none-eabi/4.9.2/../../../../arm-none-eabi/lib/armv6k/fpu/libg.a(lib_a-fvwrite.o)
                0x0000000000118dac                __sfvwrite_r
 .text._fwalk   0x0000000000119270       0x78 /opt/devkitpro/devkitARM/lib/gcc/arm-none-eabi/4.9.2/../../../../arm-none-eabi/lib/armv6k/fpu/libg.a(lib_a-fwalk.o)
                0x0000000000119270                _fwalk
 .text._fwalk_reent
                0x00000000001192e8       0x80 /opt/devkitpro/devkitARM/lib/gcc/arm-none-eabi/4.9.2/../../../../arm-none-eabi/lib/armv6k/fpu/libg.a(lib_a-fwalk.o)
                0x00000000001192e8                _fwalk_reent
 .text.iswspace
                0x0000000000119368       0x74 /opt/devkitpro/devkitARM/lib/gcc/arm-none-eabi/4.9.2/../../../../arm-none-eabi/lib/armv6k/fpu/libg.a(lib_a-iswspace.o)
                0x0000000000119368                iswspace
 .text.__jp2uc  0x00000000001193dc      0x204 /opt/devkitpro/devkitARM/lib/gcc/arm-none-eabi/4.9.2/../../../../arm-none-eabi/lib/armv6k/fpu/libg.a(lib_a-jp2uc.o)
 .text._jp2uc   0x00000000001195e0       0x84 /opt/devkitpro/devkitARM/lib/gcc/arm-none-eabi/4.9.2/../../../../arm-none-eabi/lib/armv6k/fpu/libg.a(lib_a-jp2uc.o)
                0x00000000001195e0                _jp2uc
 .text.__get_locale_env
                0x0000000000119664       0x8c /opt/devkitpro/devkitARM/lib/gcc/arm-none-eabi/4.9.2/../../../../arm-none-eabi/lib/armv6k/fpu/libg.a(lib_a-locale.o)
 .text.loadlocale
                0x00000000001196f0      0x8a4 /opt/devkitpro/devkitARM/lib/gcc/arm-none-eabi/4.9.2/../../../../arm-none-eabi/lib/armv6k/fpu/libg.a(lib_a-locale.o)
 .text.currentlocale
                0x0000000000119f94       0x88 /opt/devkitpro/devkitARM/lib/gcc/arm-none-eabi/4.9.2/../../../../arm-none-eabi/lib/armv6k/fpu/libg.a(lib_a-locale.o)
 .text._setlocale_r
                0x000000000011a01c      0x300 /opt/devkitpro/devkitARM/lib/gcc/arm-none-eabi/4.9.2/../../../../arm-none-eabi/lib/armv6k/fpu/libg.a(lib_a-locale.o)
                0x000000000011a01c                _setlocale_r
 .text.__locale_charset
                0x000000000011a31c        0xc /opt/devkitpro/devkitARM/lib/gcc/arm-none-eabi/4.9.2/../../../../arm-none-eabi/lib/armv6k/fpu/libg.a(lib_a-locale.o)
                0x000000000011a31c                __locale_charset
 .text.__locale_mb_cur_max
                0x000000000011a328       0x10 /opt/devkitpro/devkitARM/lib/gcc/arm-none-eabi/4.9.2/../../../../arm-none-eabi/lib/armv6k/fpu/libg.a(lib_a-locale.o)
                0x000000000011a328                __locale_mb_cur_max
 .text.__locale_msgcharset
                0x000000000011a338        0xc /opt/devkitpro/devkitARM/lib/gcc/arm-none-eabi/4.9.2/../../../../arm-none-eabi/lib/armv6k/fpu/libg.a(lib_a-locale.o)
                0x000000000011a338                __locale_msgcharset
 .text.__locale_cjk_lang
                0x000000000011a344       0x10 /opt/devkitpro/devkitARM/lib/gcc/arm-none-eabi/4.9.2/../../../../arm-none-eabi/lib/armv6k/fpu/libg.a(lib_a-locale.o)
                0x000000000011a344                __locale_cjk_lang
 .text._localeconv_r
                0x000000000011a354        0xc /opt/devkitpro/devkitARM/lib/gcc/arm-none-eabi/4.9.2/../../../../arm-none-eabi/lib/armv6k/fpu/libg.a(lib_a-locale.o)
                0x000000000011a354                _localeconv_r
 .text.setlocale
                0x000000000011a360       0x20 /opt/devkitpro/devkitARM/lib/gcc/arm-none-eabi/4.9.2/../../../../arm-none-eabi/lib/armv6k/fpu/libg.a(lib_a-locale.o)
                0x000000000011a360                setlocale
 .text.localeconv
                0x000000000011a380       0x14 /opt/devkitpro/devkitARM/lib/gcc/arm-none-eabi/4.9.2/../../../../arm-none-eabi/lib/armv6k/fpu/libg.a(lib_a-locale.o)
                0x000000000011a380                localeconv
 .text.__smakebuf_r
                0x000000000011a394      0x160 /opt/devkitpro/devkitARM/lib/gcc/arm-none-eabi/4.9.2/../../../../arm-none-eabi/lib/armv6k/fpu/libg.a(lib_a-makebuf.o)
                0x000000000011a394                __smakebuf_r
 .text._mbrtowc_r
                0x000000000011a4f4       0x98 /opt/devkitpro/devkitARM/lib/gcc/arm-none-eabi/4.9.2/../../../../arm-none-eabi/lib/armv6k/fpu/libg.a(lib_a-mbrtowc.o)
                0x000000000011a4f4                _mbrtowc_r
 .text.mbrtowc  0x000000000011a58c       0x9c /opt/devkitpro/devkitARM/lib/gcc/arm-none-eabi/4.9.2/../../../../arm-none-eabi/lib/armv6k/fpu/libg.a(lib_a-mbrtowc.o)
                0x000000000011a58c                mbrtowc
 .text.__utf8_mbtowc
                0x000000000011a628      0x2fc /opt/devkitpro/devkitARM/lib/gcc/arm-none-eabi/4.9.2/../../../../arm-none-eabi/lib/armv6k/fpu/libg.a(lib_a-mbtowc_r.o)
                0x000000000011a628                __utf8_mbtowc
 .text._mbtowc_r
                0x000000000011a924       0x4c /opt/devkitpro/devkitARM/lib/gcc/arm-none-eabi/4.9.2/../../../../arm-none-eabi/lib/armv6k/fpu/libg.a(lib_a-mbtowc_r.o)
                0x000000000011a924                _mbtowc_r
 .text.__ascii_mbtowc
                0x000000000011a970       0x4c /opt/devkitpro/devkitARM/lib/gcc/arm-none-eabi/4.9.2/../../../../arm-none-eabi/lib/armv6k/fpu/libg.a(lib_a-mbtowc_r.o)
                0x000000000011a970                __ascii_mbtowc
 .text.__sjis_mbtowc
                0x000000000011a9bc       0xd4 /opt/devkitpro/devkitARM/lib/gcc/arm-none-eabi/4.9.2/../../../../arm-none-eabi/lib/armv6k/fpu/libg.a(lib_a-mbtowc_r.o)
                0x000000000011a9bc                __sjis_mbtowc
 .text.__eucjp_mbtowc
                0x000000000011aa90      0x140 /opt/devkitpro/devkitARM/lib/gcc/arm-none-eabi/4.9.2/../../../../arm-none-eabi/lib/armv6k/fpu/libg.a(lib_a-mbtowc_r.o)
                0x000000000011aa90                __eucjp_mbtowc
 .text.__jis_mbtowc
                0x000000000011abd0      0x1a8 /opt/devkitpro/devkitARM/lib/gcc/arm-none-eabi/4.9.2/../../../../arm-none-eabi/lib/armv6k/fpu/libg.a(lib_a-mbtowc_r.o)
                0x000000000011abd0                __jis_mbtowc
 .text.memchr   0x000000000011ad78      0x120 /opt/devkitpro/devkitARM/lib/gcc/arm-none-eabi/4.9.2/../../../../arm-none-eabi/lib/armv6k/fpu/libg.a(lib_a-memchr.o)
                0x000000000011ad78                memchr
 .text.memmove  0x000000000011ae98      0x12c /opt/devkitpro/devkitARM/lib/gcc/arm-none-eabi/4.9.2/../../../../arm-none-eabi/lib/armv6k/fpu/libg.a(lib_a-memmove.o)
                0x000000000011ae98                memmove
 .text._Balloc  0x000000000011afc4       0x8c /opt/devkitpro/devkitARM/lib/gcc/arm-none-eabi/4.9.2/../../../../arm-none-eabi/lib/armv6k/fpu/libg.a(lib_a-mprec.o)
                0x000000000011afc4                _Balloc
 .text._Bfree   0x000000000011b050       0x1c /opt/devkitpro/devkitARM/lib/gcc/arm-none-eabi/4.9.2/../../../../arm-none-eabi/lib/armv6k/fpu/libg.a(lib_a-mprec.o)
                0x000000000011b050                _Bfree
 .text.__multadd
                0x000000000011b06c       0xd0 /opt/devkitpro/devkitARM/lib/gcc/arm-none-eabi/4.9.2/../../../../arm-none-eabi/lib/armv6k/fpu/libg.a(lib_a-mprec.o)
                0x000000000011b06c                __multadd
 .text.__s2b    0x000000000011b13c       0xe4 /opt/devkitpro/devkitARM/lib/gcc/arm-none-eabi/4.9.2/../../../../arm-none-eabi/lib/armv6k/fpu/libg.a(lib_a-mprec.o)
                0x000000000011b13c                __s2b
 .text.__hi0bits
                0x000000000011b220       0x5c /opt/devkitpro/devkitARM/lib/gcc/arm-none-eabi/4.9.2/../../../../arm-none-eabi/lib/armv6k/fpu/libg.a(lib_a-mprec.o)
                0x000000000011b220                __hi0bits
 .text.__lo0bits
                0x000000000011b27c       0x98 /opt/devkitpro/devkitARM/lib/gcc/arm-none-eabi/4.9.2/../../../../arm-none-eabi/lib/armv6k/fpu/libg.a(lib_a-mprec.o)
                0x000000000011b27c                __lo0bits
 .text.__i2b    0x000000000011b314       0x20 /opt/devkitpro/devkitARM/lib/gcc/arm-none-eabi/4.9.2/../../../../arm-none-eabi/lib/armv6k/fpu/libg.a(lib_a-mprec.o)
                0x000000000011b314                __i2b
 .text.__multiply
                0x000000000011b334      0x1dc /opt/devkitpro/devkitARM/lib/gcc/arm-none-eabi/4.9.2/../../../../arm-none-eabi/lib/armv6k/fpu/libg.a(lib_a-mprec.o)
                0x000000000011b334                __multiply
 .text.__pow5mult
                0x000000000011b510      0x100 /opt/devkitpro/devkitARM/lib/gcc/arm-none-eabi/4.9.2/../../../../arm-none-eabi/lib/armv6k/fpu/libg.a(lib_a-mprec.o)
                0x000000000011b510                __pow5mult
 .text.__lshift
                0x000000000011b610       0xf4 /opt/devkitpro/devkitARM/lib/gcc/arm-none-eabi/4.9.2/../../../../arm-none-eabi/lib/armv6k/fpu/libg.a(lib_a-mprec.o)
                0x000000000011b610                __lshift
 .text.__mcmp   0x000000000011b704       0x64 /opt/devkitpro/devkitARM/lib/gcc/arm-none-eabi/4.9.2/../../../../arm-none-eabi/lib/armv6k/fpu/libg.a(lib_a-mprec.o)
                0x000000000011b704                __mcmp
 .text.__mdiff  0x000000000011b768      0x13c /opt/devkitpro/devkitARM/lib/gcc/arm-none-eabi/4.9.2/../../../../arm-none-eabi/lib/armv6k/fpu/libg.a(lib_a-mprec.o)
                0x000000000011b768                __mdiff
 .text.__ulp    0x000000000011b8a4       0x74 /opt/devkitpro/devkitARM/lib/gcc/arm-none-eabi/4.9.2/../../../../arm-none-eabi/lib/armv6k/fpu/libg.a(lib_a-mprec.o)
                0x000000000011b8a4                __ulp
 .text.__b2d    0x000000000011b918       0xe4 /opt/devkitpro/devkitARM/lib/gcc/arm-none-eabi/4.9.2/../../../../arm-none-eabi/lib/armv6k/fpu/libg.a(lib_a-mprec.o)
                0x000000000011b918                __b2d
 .text.__d2b    0x000000000011b9fc      0x104 /opt/devkitpro/devkitARM/lib/gcc/arm-none-eabi/4.9.2/../../../../arm-none-eabi/lib/armv6k/fpu/libg.a(lib_a-mprec.o)
                0x000000000011b9fc                __d2b
 .text.__ratio  0x000000000011bb00       0x7c /opt/devkitpro/devkitARM/lib/gcc/arm-none-eabi/4.9.2/../../../../arm-none-eabi/lib/armv6k/fpu/libg.a(lib_a-mprec.o)
                0x000000000011bb00                __ratio
 *fill*         0x000000000011bb7c        0x4 
 .text._mprec_log10
                0x000000000011bb80       0x48 /opt/devkitpro/devkitARM/lib/gcc/arm-none-eabi/4.9.2/../../../../arm-none-eabi/lib/armv6k/fpu/libg.a(lib_a-mprec.o)
                0x000000000011bb80                _mprec_log10
 .text.__copybits
                0x000000000011bbc8       0x6c /opt/devkitpro/devkitARM/lib/gcc/arm-none-eabi/4.9.2/../../../../arm-none-eabi/lib/armv6k/fpu/libg.a(lib_a-mprec.o)
                0x000000000011bbc8                __copybits
 .text.__any_on
                0x000000000011bc34       0x80 /opt/devkitpro/devkitARM/lib/gcc/arm-none-eabi/4.9.2/../../../../arm-none-eabi/lib/armv6k/fpu/libg.a(lib_a-mprec.o)
                0x000000000011bc34                __any_on
 .text._realloc_r
                0x000000000011bcb4      0x564 /opt/devkitpro/devkitARM/lib/gcc/arm-none-eabi/4.9.2/../../../../arm-none-eabi/lib/armv6k/fpu/libg.a(lib_a-reallocr.o)
                0x000000000011bcb4                _realloc_r
 .text.__sccl   0x000000000011c218       0xd8 /opt/devkitpro/devkitARM/lib/gcc/arm-none-eabi/4.9.2/../../../../arm-none-eabi/lib/armv6k/fpu/libg.a(lib_a-sccl.o)
                0x000000000011c218                __sccl
 .text.nanf     0x000000000011c2f0        0xc /opt/devkitpro/devkitARM/lib/gcc/arm-none-eabi/4.9.2/../../../../arm-none-eabi/lib/armv6k/fpu/libg.a(lib_a-sf_nan.o)
                0x000000000011c2f0                nanf
 .text.__fpclassifyd
                0x000000000011c2fc       0x74 /opt/devkitpro/devkitARM/lib/gcc/arm-none-eabi/4.9.2/../../../../arm-none-eabi/lib/armv6k/fpu/libg.a(lib_a-s_fpclassify.o)
                0x000000000011c2fc                __fpclassifyd
 .text.frexp    0x000000000011c370       0x98 /opt/devkitpro/devkitARM/lib/gcc/arm-none-eabi/4.9.2/../../../../arm-none-eabi/lib/armv6k/fpu/libg.a(lib_a-s_frexp.o)
                0x000000000011c370                frexp
 .text._sprintf_r
                0x000000000011c408       0x68 /opt/devkitpro/devkitARM/lib/gcc/arm-none-eabi/4.9.2/../../../../arm-none-eabi/lib/armv6k/fpu/libg.a(lib_a-sprintf.o)
                0x000000000011c408                _sprintf_r
 .text.sprintf  0x000000000011c470       0x68 /opt/devkitpro/devkitARM/lib/gcc/arm-none-eabi/4.9.2/../../../../arm-none-eabi/lib/armv6k/fpu/libg.a(lib_a-sprintf.o)
                0x000000000011c470                sprintf
 .text.stpncpy  0x000000000011c4d8      0x108 /opt/devkitpro/devkitARM/lib/gcc/arm-none-eabi/4.9.2/../../../../arm-none-eabi/lib/armv6k/fpu/libg.a(lib_a-stpncpy.o)
                0x000000000011c4d8                stpncpy
 .text.strcasecmp
                0x000000000011c5e0       0x68 /opt/devkitpro/devkitARM/lib/gcc/arm-none-eabi/4.9.2/../../../../arm-none-eabi/lib/armv6k/fpu/libg.a(lib_a-strcasecmp.o)
                0x000000000011c5e0                strcasecmp
 .text.strcat   0x000000000011c648       0x80 /opt/devkitpro/devkitARM/lib/gcc/arm-none-eabi/4.9.2/../../../../arm-none-eabi/lib/armv6k/fpu/libg.a(lib_a-strcat.o)
                0x000000000011c648                strcat
 .text.strlcpy  0x000000000011c6c8       0x48 /opt/devkitpro/devkitARM/lib/gcc/arm-none-eabi/4.9.2/../../../../arm-none-eabi/lib/armv6k/fpu/libg.a(lib_a-strlcpy.o)
                0x000000000011c6c8                strlcpy
 .text.strncasecmp
                0x000000000011c710       0x8c /opt/devkitpro/devkitARM/lib/gcc/arm-none-eabi/4.9.2/../../../../arm-none-eabi/lib/armv6k/fpu/libg.a(lib_a-strncasecmp.o)
                0x000000000011c710                strncasecmp
 .text.strncmp  0x000000000011c79c      0x110 /opt/devkitpro/devkitARM/lib/gcc/arm-none-eabi/4.9.2/../../../../arm-none-eabi/lib/armv6k/fpu/libg.a(lib_a-strncmp.o)
                0x000000000011c79c                strncmp
 .text.unlikely.sulp
                0x000000000011c8ac       0x58 /opt/devkitpro/devkitARM/lib/gcc/arm-none-eabi/4.9.2/../../../../arm-none-eabi/lib/armv6k/fpu/libg.a(lib_a-strtod.o)
 *fill*         0x000000000011c904        0x4 
 .text._strtod_r
                0x000000000011c908     0x13e8 /opt/devkitpro/devkitARM/lib/gcc/arm-none-eabi/4.9.2/../../../../arm-none-eabi/lib/armv6k/fpu/libg.a(lib_a-strtod.o)
                0x000000000011c908                _strtod_r
 .text.strtod   0x000000000011dcf0       0x20 /opt/devkitpro/devkitARM/lib/gcc/arm-none-eabi/4.9.2/../../../../arm-none-eabi/lib/armv6k/fpu/libg.a(lib_a-strtod.o)
                0x000000000011dcf0                strtod
 .text.strtof   0x000000000011dd10       0x48 /opt/devkitpro/devkitARM/lib/gcc/arm-none-eabi/4.9.2/../../../../arm-none-eabi/lib/armv6k/fpu/libg.a(lib_a-strtod.o)
                0x000000000011dd10                strtof
 .text._strtoll_r
                0x000000000011dd58      0x2a0 /opt/devkitpro/devkitARM/lib/gcc/arm-none-eabi/4.9.2/../../../../arm-none-eabi/lib/armv6k/fpu/libg.a(lib_a-strtoll_r.o)
                0x000000000011dd58                _strtoll_r
 .text._strtol_r
                0x000000000011dff8      0x1dc /opt/devkitpro/devkitARM/lib/gcc/arm-none-eabi/4.9.2/../../../../arm-none-eabi/lib/armv6k/fpu/libg.a(lib_a-strtol.o)
                0x000000000011dff8                _strtol_r
 .text.strtol   0x000000000011e1d4       0x28 /opt/devkitpro/devkitARM/lib/gcc/arm-none-eabi/4.9.2/../../../../arm-none-eabi/lib/armv6k/fpu/libg.a(lib_a-strtol.o)
                0x000000000011e1d4                strtol
 .text._strtoull_r
                0x000000000011e1fc      0x260 /opt/devkitpro/devkitARM/lib/gcc/arm-none-eabi/4.9.2/../../../../arm-none-eabi/lib/armv6k/fpu/libg.a(lib_a-strtoull_r.o)
                0x000000000011e1fc                _strtoull_r
 .text._strtoul_r
                0x000000000011e45c      0x1cc /opt/devkitpro/devkitARM/lib/gcc/arm-none-eabi/4.9.2/../../../../arm-none-eabi/lib/armv6k/fpu/libg.a(lib_a-strtoul.o)
                0x000000000011e45c                _strtoul_r
 .text.strtoul  0x000000000011e628       0x28 /opt/devkitpro/devkitARM/lib/gcc/arm-none-eabi/4.9.2/../../../../arm-none-eabi/lib/armv6k/fpu/libg.a(lib_a-strtoul.o)
                0x000000000011e628                strtoul
 .text.get_arg  0x000000000011e650      0x860 /opt/devkitpro/devkitARM/lib/gcc/arm-none-eabi/4.9.2/../../../../arm-none-eabi/lib/armv6k/fpu/libg.a(lib_a-svfiprintf.o)
 .text.__ssprint_r
                0x000000000011eeb0      0x1a8 /opt/devkitpro/devkitARM/lib/gcc/arm-none-eabi/4.9.2/../../../../arm-none-eabi/lib/armv6k/fpu/libg.a(lib_a-svfiprintf.o)
                0x000000000011eeb0                __ssprint_r
 .text._svfiprintf_r
                0x000000000011f058     0x2fdc /opt/devkitpro/devkitARM/lib/gcc/arm-none-eabi/4.9.2/../../../../arm-none-eabi/lib/armv6k/fpu/libg.a(lib_a-svfiprintf.o)
                0x000000000011f058                _svfiprintf_r
 .text._sungetc_r
                0x0000000000122034       0xf0 /opt/devkitpro/devkitARM/lib/gcc/arm-none-eabi/4.9.2/../../../../arm-none-eabi/lib/armv6k/fpu/libg.a(lib_a-svfiscanf.o)
                0x0000000000122034                _sungetc_r
 .text.__ssrefill_r
                0x0000000000122124       0x6c /opt/devkitpro/devkitARM/lib/gcc/arm-none-eabi/4.9.2/../../../../arm-none-eabi/lib/armv6k/fpu/libg.a(lib_a-svfiscanf.o)
                0x0000000000122124                __ssrefill_r
 .text._sfread_r
                0x0000000000122190       0xc0 /opt/devkitpro/devkitARM/lib/gcc/arm-none-eabi/4.9.2/../../../../arm-none-eabi/lib/armv6k/fpu/libg.a(lib_a-svfiscanf.o)
                0x0000000000122190                _sfread_r
 .text.__ssvfiscanf_r
                0x0000000000122250     0x213c /opt/devkitpro/devkitARM/lib/gcc/arm-none-eabi/4.9.2/../../../../arm-none-eabi/lib/armv6k/fpu/libg.a(lib_a-svfiscanf.o)
                0x0000000000122250                __ssvfiscanf_r
 .text.get_arg  0x000000000012438c      0x860 /opt/devkitpro/devkitARM/lib/gcc/arm-none-eabi/4.9.2/../../../../arm-none-eabi/lib/armv6k/fpu/libg.a(lib_a-svfprintf.o)
 *fill*         0x0000000000124bec        0x4 
 .text._svfprintf_r
                0x0000000000124bf0     0x4320 /opt/devkitpro/devkitARM/lib/gcc/arm-none-eabi/4.9.2/../../../../arm-none-eabi/lib/armv6k/fpu/libg.a(lib_a-svfprintf.o)
                0x0000000000124bf0                _svfprintf_r
 .text.__submore
                0x0000000000128f10       0xa8 /opt/devkitpro/devkitARM/lib/gcc/arm-none-eabi/4.9.2/../../../../arm-none-eabi/lib/armv6k/fpu/libg.a(lib_a-ungetc.o)
                0x0000000000128f10                __submore
 .text._ungetc_r
                0x0000000000128fb8      0x238 /opt/devkitpro/devkitARM/lib/gcc/arm-none-eabi/4.9.2/../../../../arm-none-eabi/lib/armv6k/fpu/libg.a(lib_a-ungetc.o)
                0x0000000000128fb8                _ungetc_r
 .text.ungetc   0x00000000001291f0       0x20 /opt/devkitpro/devkitARM/lib/gcc/arm-none-eabi/4.9.2/../../../../arm-none-eabi/lib/armv6k/fpu/libg.a(lib_a-ungetc.o)
                0x00000000001291f0                ungetc
 .text.__swbuf_r
                0x0000000000129210      0x124 /opt/devkitpro/devkitARM/lib/gcc/arm-none-eabi/4.9.2/../../../../arm-none-eabi/lib/armv6k/fpu/libg.a(lib_a-wbuf.o)
                0x0000000000129210                __swbuf_r
 .text.__swbuf  0x0000000000129334       0x20 /opt/devkitpro/devkitARM/lib/gcc/arm-none-eabi/4.9.2/../../../../arm-none-eabi/lib/armv6k/fpu/libg.a(lib_a-wbuf.o)
                0x0000000000129334                __swbuf
 .text._wcsnrtombs_r
                0x0000000000129354      0x184 /opt/devkitpro/devkitARM/lib/gcc/arm-none-eabi/4.9.2/../../../../arm-none-eabi/lib/armv6k/fpu/libg.a(lib_a-wcsnrtombs.o)
                0x0000000000129354                _wcsnrtombs_r
 .text.wcsnrtombs
                0x00000000001294d8       0x40 /opt/devkitpro/devkitARM/lib/gcc/arm-none-eabi/4.9.2/../../../../arm-none-eabi/lib/armv6k/fpu/libg.a(lib_a-wcsnrtombs.o)
                0x00000000001294d8                wcsnrtombs
 .text._calloc_r
                0x0000000000129518       0x94 /opt/devkitpro/devkitARM/lib/gcc/arm-none-eabi/4.9.2/../../../../arm-none-eabi/lib/armv6k/fpu/libg.a(lib_a-callocr.o)
                0x0000000000129518                _calloc_r
 .text._fclose_r
                0x00000000001295ac      0x118 /opt/devkitpro/devkitARM/lib/gcc/arm-none-eabi/4.9.2/../../../../arm-none-eabi/lib/armv6k/fpu/libg.a(lib_a-fclose.o)
                0x00000000001295ac                _fclose_r
 .text.fclose   0x00000000001296c4       0x18 /opt/devkitpro/devkitARM/lib/gcc/arm-none-eabi/4.9.2/../../../../arm-none-eabi/lib/armv6k/fpu/libg.a(lib_a-fclose.o)
                0x00000000001296c4                fclose
 .text.rshift   0x00000000001296dc       0xec /opt/devkitpro/devkitARM/lib/gcc/arm-none-eabi/4.9.2/../../../../arm-none-eabi/lib/armv6k/fpu/libg.a(lib_a-gdtoa-gethex.o)
 .text.__gethex
                0x00000000001297c8      0x7e8 /opt/devkitpro/devkitARM/lib/gcc/arm-none-eabi/4.9.2/../../../../arm-none-eabi/lib/armv6k/fpu/libg.a(lib_a-gdtoa-gethex.o)
                0x00000000001297c8                __gethex
 .text.__hexnan
                0x0000000000129fb0      0x260 /opt/devkitpro/devkitARM/lib/gcc/arm-none-eabi/4.9.2/../../../../arm-none-eabi/lib/armv6k/fpu/libg.a(lib_a-gdtoa-hexnan.o)
                0x0000000000129fb0                __hexnan
 .text._findenv_r
                0x000000000012a210       0xc8 /opt/devkitpro/devkitARM/lib/gcc/arm-none-eabi/4.9.2/../../../../arm-none-eabi/lib/armv6k/fpu/libg.a(lib_a-getenv_r.o)
                0x000000000012a210                _findenv_r
 .text._getenv_r
                0x000000000012a2d8       0x18 /opt/devkitpro/devkitARM/lib/gcc/arm-none-eabi/4.9.2/../../../../arm-none-eabi/lib/armv6k/fpu/libg.a(lib_a-getenv_r.o)
                0x000000000012a2d8                _getenv_r
 .text.__env_lock
                0x000000000012a2f0        0x4 /opt/devkitpro/devkitARM/lib/gcc/arm-none-eabi/4.9.2/../../../../arm-none-eabi/lib/armv6k/fpu/libg.a(lib_a-envlock.o)
                0x000000000012a2f0                __env_lock
 .text.__env_unlock
                0x000000000012a2f4        0x4 /opt/devkitpro/devkitARM/lib/gcc/arm-none-eabi/4.9.2/../../../../arm-none-eabi/lib/armv6k/fpu/libg.a(lib_a-envlock.o)
                0x000000000012a2f4                __env_unlock
 .text.__errno  0x000000000012a2f8        0xc /opt/devkitpro/devkitARM/lib/gcc/arm-none-eabi/4.9.2/../../../../arm-none-eabi/lib/armv6k/fpu/libg.a(lib_a-errno.o)
                0x000000000012a2f8                __errno
 .text.strnlen  0x000000000012a304       0x5c /opt/devkitpro/devkitARM/lib/gcc/arm-none-eabi/4.9.2/../../../../arm-none-eabi/lib/armv6k/fpu/libg.a(lib_a-strnlen.o)
                0x000000000012a304                strnlen
 .text.strrchr  0x000000000012a360       0x44 /opt/devkitpro/devkitARM/lib/gcc/arm-none-eabi/4.9.2/../../../../arm-none-eabi/lib/armv6k/fpu/libg.a(lib_a-strrchr.o)
                0x000000000012a360                strrchr
 *(.glue_7)
 .glue_7        0x000000000012a3a4        0x0 linker stubs
 *(.glue_7t)
 .glue_7t       0x000000000012a3a4        0x0 linker stubs
 *(.stub)
 *(.gnu.warning)
 *(.gnu.linkonce.t*)
                0x000000000012a3a4                . = ALIGN (0x4)
 *(.fini)
 .fini          0x000000000012a3a4        0xc /opt/devkitpro/devkitARM/lib/gcc/arm-none-eabi/4.9.2/armv6k/fpu/crti.o
                0x000000000012a3a4                _fini
 .fini          0x000000000012a3b0        0xc /opt/devkitpro/devkitARM/lib/gcc/arm-none-eabi/4.9.2/armv6k/fpu/crtn.o
                0x000000000012a3bc                . = ALIGN (0x4)

.vfp11_veneer   0x000000000012a3bc        0x0
 .vfp11_veneer  0x000000000012a3bc        0x0 linker stubs

.v4_bx          0x000000000012a3bc        0x0
 .v4_bx         0x000000000012a3bc        0x0 linker stubs

.iplt           0x000000000012a3bc        0x0
 .iplt          0x000000000012a3bc        0x0 /opt/devkitpro/devkitARM/lib/gcc/arm-none-eabi/4.9.2/../../../../arm-none-eabi/lib/armv6k/fpu/3dsx_crt0.o

.rodata         0x000000000012b000     0x4a60
 *(.rodata)
 .rodata        0x000000000012b000      0x168 /opt/devkitpro/libctru/lib/libctru.a(console.o)
 .rodata        0x000000000012b168       0x14 /opt/devkitpro/libctru/lib/libctru.a(gfx.o)
 .rodata        0x000000000012b17c        0xc /opt/devkitpro/libctru/lib/libctru.a(apt.o)
 .rodata        0x000000000012b188      0x804 /opt/devkitpro/libctru/lib/libctru.a(default_font.bin.o)
                0x000000000012b188                default_font_bin
                0x000000000012b988                default_font_bin_end
                0x000000000012b988                default_font_bin_size
 .rodata        0x000000000012b98c       0x2c /opt/devkitpro/libctru/lib/libctru.a(os.o)
 .rodata        0x000000000012b9b8       0x30 /opt/devkitpro/libctru/lib/libctru.a(sdmc_dev.o)
 .rodata        0x000000000012b9e8       0x68 /opt/devkitpro/devkitARM/lib/gcc/arm-none-eabi/4.9.2/../../../../arm-none-eabi/lib/armv6k/fpu/libsysbase.a(iosupport.o)
                0x000000000012b9e8                dotab_stdnull
 .rodata        0x000000000012ba50        0xc /opt/devkitpro/devkitARM/lib/gcc/arm-none-eabi/4.9.2/../../../../arm-none-eabi/lib/armv6k/fpu/libsysbase.a(chdir.o)
                0x000000000012ba50                DIRECTORY_PARENT
                0x000000000012ba54                DIRECTORY_THIS
                0x000000000012ba58                DIRECTORY_SEPARATOR
 *(.roda)
 *(.rodata.*)
 .rodata.str1.4
                0x000000000012ba5c      0x132 main.o
                                        0x134 (size before relaxing)
 *fill*         0x000000000012bb8e        0x2 
 .rodata.str1.4
                0x000000000012bb90       0x70 /opt/devkitpro/libctru/lib/libctru.a(console.o)
 .rodata.str1.4
                0x000000000012bc00        0x9 /opt/devkitpro/libctru/lib/libctru.a(gsp.o)
                                          0xc (size before relaxing)
 *fill*         0x000000000012bc09        0x3 
 .rodata.str1.4
                0x000000000012bc0c       0x16 /opt/devkitpro/libctru/lib/libctru.a(apt.o)
                                         0x18 (size before relaxing)
 *fill*         0x000000000012bc22        0x2 
 .rodata.str1.4
                0x000000000012bc24       0xc4 /opt/devkitpro/libctru/lib/libctru.a(os.o)
 .rodata.str1.4
                0x000000000012bce8        0xf /opt/devkitpro/libctru/lib/libctru.a(srv.o)
                                         0x10 (size before relaxing)
 *fill*         0x000000000012bcf7        0x1 
 .rodata.str1.4
                0x000000000012bcf8        0x5 /opt/devkitpro/libctru/lib/libctru.a(sdmc_dev.o)
                                          0xc (size before relaxing)
 *fill*         0x000000000012bcfd        0x3 
 .rodata.str1.4
                0x000000000012bd00       0x15 /opt/devkitpro/libctru/lib/libctru.a(hid.o)
                                         0x18 (size before relaxing)
 *fill*         0x000000000012bd15        0x3 
 .rodata.str1.4
                0x000000000012bd18        0x8 /opt/devkitpro/libctru/lib/libctru.a(fs.o)
 .rodata.str1.4
                0x000000000012bd20        0x7 /opt/devkitpro/libctru/lib/libctru.a(irrst.o)
                                          0x8 (size before relaxing)
 *fill*         0x000000000012bd27        0x1 
 .rodata.str1.4
                0x000000000012bd28        0x5 /opt/devkitpro/devkitARM/lib/gcc/arm-none-eabi/4.9.2/../../../../arm-none-eabi/lib/armv6k/fpu/libg.a(lib_a-svfscanf.o)
                                          0x8 (size before relaxing)
 *fill*         0x000000000012bd2d        0x3 
 .rodata.basefix.6958
                0x000000000012bd30       0x24 /opt/devkitpro/devkitARM/lib/gcc/arm-none-eabi/4.9.2/../../../../arm-none-eabi/lib/armv6k/fpu/libg.a(lib_a-svfscanf.o)
 .rodata.zeroes.7030
                0x000000000012bd54       0x10 /opt/devkitpro/devkitARM/lib/gcc/arm-none-eabi/4.9.2/../../../../arm-none-eabi/lib/armv6k/fpu/libg.a(lib_a-vfiprintf.o)
 .rodata.str1.4
                0x000000000012bd64       0x2f /opt/devkitpro/devkitARM/lib/gcc/arm-none-eabi/4.9.2/../../../../arm-none-eabi/lib/armv6k/fpu/libg.a(lib_a-vfiprintf.o)
                                         0x30 (size before relaxing)
 *fill*         0x000000000012bd93        0x1 
 .rodata.blanks.7029
                0x000000000012bd94       0x10 /opt/devkitpro/devkitARM/lib/gcc/arm-none-eabi/4.9.2/../../../../arm-none-eabi/lib/armv6k/fpu/libg.a(lib_a-vfiprintf.o)
 .rodata.zeroes.7052
                0x000000000012bda4       0x10 /opt/devkitpro/devkitARM/lib/gcc/arm-none-eabi/4.9.2/../../../../arm-none-eabi/lib/armv6k/fpu/libg.a(lib_a-vfprintf.o)
 .rodata.str1.4
                0x000000000012bdb4       0x12 /opt/devkitpro/devkitARM/lib/gcc/arm-none-eabi/4.9.2/../../../../arm-none-eabi/lib/armv6k/fpu/libg.a(lib_a-vfprintf.o)
                                         0x44 (size before relaxing)
 *fill*         0x000000000012bdc6        0x2 
 .rodata.blanks.7051
                0x000000000012bdc8       0x10 /opt/devkitpro/devkitARM/lib/gcc/arm-none-eabi/4.9.2/../../../../arm-none-eabi/lib/armv6k/fpu/libg.a(lib_a-vfprintf.o)
 .rodata._ctype_
                0x000000000012bdd8      0x104 /opt/devkitpro/devkitARM/lib/gcc/arm-none-eabi/4.9.2/../../../../arm-none-eabi/lib/armv6k/fpu/libg.a(lib_a-ctype_.o)
                0x000000000012bdd8                _ctype_
 .rodata.str1.4
                0x000000000012bedc       0x10 /opt/devkitpro/devkitARM/lib/gcc/arm-none-eabi/4.9.2/../../../../arm-none-eabi/lib/armv6k/fpu/libg.a(lib_a-dtoa.o)
                                         0x14 (size before relaxing)
 .rodata.str1.4
                0x000000000012beec        0x2 /opt/devkitpro/devkitARM/lib/gcc/arm-none-eabi/4.9.2/../../../../arm-none-eabi/lib/armv6k/fpu/libg.a(lib_a-impure.o)
                                          0x4 (size before relaxing)
 *fill*         0x000000000012beee        0x2 
 .rodata._global_impure_ptr
                0x000000000012bef0        0x4 /opt/devkitpro/devkitARM/lib/gcc/arm-none-eabi/4.9.2/../../../../arm-none-eabi/lib/armv6k/fpu/libg.a(lib_a-impure.o)
                0x000000000012bef0                _global_impure_ptr
 .rodata.a1     0x000000000012bef4       0xbc /opt/devkitpro/devkitARM/lib/gcc/arm-none-eabi/4.9.2/../../../../arm-none-eabi/lib/armv6k/fpu/libg.a(lib_a-jp2uc.o)
 .rodata.a2     0x000000000012bfb0       0xbc /opt/devkitpro/devkitARM/lib/gcc/arm-none-eabi/4.9.2/../../../../arm-none-eabi/lib/armv6k/fpu/libg.a(lib_a-jp2uc.o)
 .rodata.a3     0x000000000012c06c       0x5c /opt/devkitpro/devkitARM/lib/gcc/arm-none-eabi/4.9.2/../../../../arm-none-eabi/lib/armv6k/fpu/libg.a(lib_a-jp2uc.o)
 .rodata.a6     0x000000000012c0c8       0x70 /opt/devkitpro/devkitARM/lib/gcc/arm-none-eabi/4.9.2/../../../../arm-none-eabi/lib/armv6k/fpu/libg.a(lib_a-jp2uc.o)
 .rodata.a7     0x000000000012c138       0xa4 /opt/devkitpro/devkitARM/lib/gcc/arm-none-eabi/4.9.2/../../../../arm-none-eabi/lib/armv6k/fpu/libg.a(lib_a-jp2uc.o)
 .rodata.a8     0x000000000012c1dc       0x40 /opt/devkitpro/devkitARM/lib/gcc/arm-none-eabi/4.9.2/../../../../arm-none-eabi/lib/armv6k/fpu/libg.a(lib_a-jp2uc.o)
 .rodata.str1.4
                0x000000000012c21c       0x12 /opt/devkitpro/devkitARM/lib/gcc/arm-none-eabi/4.9.2/../../../../arm-none-eabi/lib/armv6k/fpu/libg.a(lib_a-jp2uc.o)
                                         0x14 (size before relaxing)
 *fill*         0x000000000012c22e        0x2 
 .rodata.b02cf  0x000000000012c230     0x172c /opt/devkitpro/devkitARM/lib/gcc/arm-none-eabi/4.9.2/../../../../arm-none-eabi/lib/armv6k/fpu/libg.a(lib_a-jp2uc.o)
 .rodata.d02f4  0x000000000012d95c     0x1a7c /opt/devkitpro/devkitARM/lib/gcc/arm-none-eabi/4.9.2/../../../../arm-none-eabi/lib/armv6k/fpu/libg.a(lib_a-jp2uc.o)
 .rodata.str1.4
                0x000000000012f3d8      0x110 /opt/devkitpro/devkitARM/lib/gcc/arm-none-eabi/4.9.2/../../../../arm-none-eabi/lib/armv6k/fpu/libg.a(lib_a-locale.o)
                                        0x130 (size before relaxing)
 .rodata.categories
                0x000000000012f4e8       0x1c /opt/devkitpro/devkitARM/lib/gcc/arm-none-eabi/4.9.2/../../../../arm-none-eabi/lib/armv6k/fpu/libg.a(lib_a-locale.o)
 .rodata.str1.4
                0x000000000012f504        0x4 /opt/devkitpro/devkitARM/lib/gcc/arm-none-eabi/4.9.2/../../../../arm-none-eabi/lib/armv6k/fpu/libg.a(lib_a-mbrtowc.o)
 .rodata.JIS_state_table
                0x000000000012f504       0x48 /opt/devkitpro/devkitARM/lib/gcc/arm-none-eabi/4.9.2/../../../../arm-none-eabi/lib/armv6k/fpu/libg.a(lib_a-mbtowc_r.o)
 .rodata.JIS_action_table
                0x000000000012f54c       0x48 /opt/devkitpro/devkitARM/lib/gcc/arm-none-eabi/4.9.2/../../../../arm-none-eabi/lib/armv6k/fpu/libg.a(lib_a-mbtowc_r.o)
 .rodata.p05.5298
                0x000000000012f594        0xc /opt/devkitpro/devkitARM/lib/gcc/arm-none-eabi/4.9.2/../../../../arm-none-eabi/lib/armv6k/fpu/libg.a(lib_a-mprec.o)
 .rodata.__mprec_tens
                0x000000000012f5a0       0xc8 /opt/devkitpro/devkitARM/lib/gcc/arm-none-eabi/4.9.2/../../../../arm-none-eabi/lib/armv6k/fpu/libg.a(lib_a-mprec.o)
                0x000000000012f5a0                __mprec_tens
 .rodata.__mprec_bigtens
                0x000000000012f668       0x28 /opt/devkitpro/devkitARM/lib/gcc/arm-none-eabi/4.9.2/../../../../arm-none-eabi/lib/armv6k/fpu/libg.a(lib_a-mprec.o)
                0x000000000012f668                __mprec_bigtens
 .rodata.__mprec_tinytens
                0x000000000012f690       0x28 /opt/devkitpro/devkitARM/lib/gcc/arm-none-eabi/4.9.2/../../../../arm-none-eabi/lib/armv6k/fpu/libg.a(lib_a-mprec.o)
                0x000000000012f690                __mprec_tinytens
 .rodata.fpinan.5303
                0x000000000012f6b8       0x14 /opt/devkitpro/devkitARM/lib/gcc/arm-none-eabi/4.9.2/../../../../arm-none-eabi/lib/armv6k/fpu/libg.a(lib_a-strtod.o)
 .rodata.str1.4